Archive member included because of file (symbol)

C:/Freescale/CW MCU v10.4/MCU/ARM_GCC_Support/ewl/lib/armv6-m\libc.a(exit.o)
                              ./Project_Settings/Startup_Code/__arm_start.o (exit)
C:/Freescale/CW MCU v10.4/MCU/ARM_GCC_Support/ewl/lib/armv6-m\libc.a(memset.o)
                              ./Project_Settings/Startup_Code/__arm_start.o (memset)
C:/Freescale/CW MCU v10.4/MCU/ARM_GCC_Support/ewl/lib/armv6-m\libc.a(printformat_fp.o)
                              (__pformatterFP)
C:/Freescale/CW MCU v10.4/MCU/ARM_GCC_Support/ewl/lib/armv6-m\libc.a(scanformat_fp.o)
                              (__sformatter_FP)
C:/Freescale/CW MCU v10.4/MCU/ARM_GCC_Support/ewl/lib/armv6-m\libc.a(ctype_aeabi.o)
                              C:/Freescale/CW MCU v10.4/MCU/ARM_GCC_Support/ewl/lib/armv6-m\libc.a(scanformat_fp.o) (isspace)
C:/Freescale/CW MCU v10.4/MCU/ARM_GCC_Support/ewl/lib/armv6-m\libc.a(__strtold.o)
                              C:/Freescale/CW MCU v10.4/MCU/ARM_GCC_Support/ewl/lib/armv6-m\libc.a(scanformat_fp.o) (__strtold)
C:/Freescale/CW MCU v10.4/MCU/ARM_GCC_Support/ewl/lib/armv6-m\libc.a(vsscanf.o)
                              C:/Freescale/CW MCU v10.4/MCU/ARM_GCC_Support/ewl/lib/armv6-m\libc.a(__strtold.o) (__StringRead)
C:/Freescale/CW MCU v10.4/MCU/ARM_GCC_Support/ewl/lib/armv6-m\libc.a(__strtoul.o)
                              C:/Freescale/CW MCU v10.4/MCU/ARM_GCC_Support/ewl/lib/armv6-m\libc.a(scanformat_fp.o) (__strtoul)
C:/Freescale/CW MCU v10.4/MCU/ARM_GCC_Support/ewl/lib/armv6-m\libc.a(__filll_mem.o)
                              C:/Freescale/CW MCU v10.4/MCU/ARM_GCC_Support/ewl/lib/armv6-m\libc.a(memset.o) (__fill_mem)
C:/Freescale/CW MCU v10.4/MCU/ARM_GCC_Support/ewl/lib/armv6-m\libc.a(memchr.o)
                              C:/Freescale/CW MCU v10.4/MCU/ARM_GCC_Support/ewl/lib/armv6-m\libc.a(printformat_fp.o) (memchr)
C:/Freescale/CW MCU v10.4/MCU/ARM_GCC_Support/ewl/lib/armv6-m\libc.a(memcpy.o)
                              C:/Freescale/CW MCU v10.4/MCU/ARM_GCC_Support/ewl/lib/armv6-m\libc.a(scanformat_fp.o) (memcpy)
C:/Freescale/CW MCU v10.4/MCU/ARM_GCC_Support/ewl/lib/armv6-m\libc.a(strchr.o)
                              C:/Freescale/CW MCU v10.4/MCU/ARM_GCC_Support/ewl/lib/armv6-m\libc.a(printformat_fp.o) (strchr)
C:/Freescale/CW MCU v10.4/MCU/ARM_GCC_Support/ewl/lib/armv6-m\libc.a(strcpy.o)
                              C:/Freescale/CW MCU v10.4/MCU/ARM_GCC_Support/ewl/lib/armv6-m\libc.a(printformat_fp.o) (strcpy)
C:/Freescale/CW MCU v10.4/MCU/ARM_GCC_Support/ewl/lib/armv6-m\libc.a(strlen.o)
                              C:/Freescale/CW MCU v10.4/MCU/ARM_GCC_Support/ewl/lib/armv6-m\libc.a(printformat_fp.o) (strlen)
C:/Freescale/CW MCU v10.4/MCU/ARM_GCC_Support/ewl/lib/armv6-m\libc.a(errno.o)
                              C:/Freescale/CW MCU v10.4/MCU/ARM_GCC_Support/ewl/lib/armv6-m\libc.a(__strtold.o) (errno)
C:/Freescale/CW MCU v10.4/MCU/ARM_GCC_Support/ewl/lib/armv6-m\libm.a(ansi_fp.o)
                              C:/Freescale/CW MCU v10.4/MCU/ARM_GCC_Support/ewl/lib/armv6-m\libc.a(printformat_fp.o) (__num2dec)
C:/Freescale/CW MCU v10.4/MCU/ARM_GCC_Support/ewl/lib/armv6-m\libm.a(float.o)
                              C:/Freescale/CW MCU v10.4/MCU/ARM_GCC_Support/ewl/lib/armv6-m\libc.a(__strtold.o) (__extended_max)
C:/Freescale/CW MCU v10.4/MCU/ARM_GCC_Support/ewl/lib/armv6-m\libm.a(math_api.o)
                              C:/Freescale/CW MCU v10.4/MCU/ARM_GCC_Support/ewl/lib/armv6-m\libm.a(ansi_fp.o) (__signbitd)
C:/Freescale/CW MCU v10.4/MCU/ARM_GCC_Support/ewl/lib/armv6-m\libm.a(s_atan.o)
                              ./Sources/MPU6050.o (atan)
C:/Freescale/CW MCU v10.4/MCU/ARM_GCC_Support/ewl/lib/armv6-m\libm.a(s_frexp.o)
                              C:/Freescale/CW MCU v10.4/MCU/ARM_GCC_Support/ewl/lib/armv6-m\libm.a(ansi_fp.o) (frexp)
C:/Freescale/CW MCU v10.4/MCU/ARM_GCC_Support/ewl/lib/armv6-m\libm.a(w_pow.o)
                              ./Sources/MPU6050.o (pow)
C:/Freescale/CW MCU v10.4/MCU/ARM_GCC_Support/ewl/lib/armv6-m\libm.a(w_sqrt.o)
                              ./Sources/MPU6050.o (sqrt)
C:/Freescale/CW MCU v10.4/MCU/ARM_GCC_Support/ewl/lib/armv6-m\libm.a(e_pow.o)
                              C:/Freescale/CW MCU v10.4/MCU/ARM_GCC_Support/ewl/lib/armv6-m\libm.a(w_pow.o) (__ieee754_pow)
C:/Freescale/CW MCU v10.4/MCU/ARM_GCC_Support/ewl/lib/armv6-m\libm.a(e_sqrt.o)
                              C:/Freescale/CW MCU v10.4/MCU/ARM_GCC_Support/ewl/lib/armv6-m\libm.a(w_sqrt.o) (__ieee754_sqrt)
C:/Freescale/CW MCU v10.4/MCU/ARM_GCC_Support/ewl/lib/armv6-m\libm.a(scalbn.o)
                              C:/Freescale/CW MCU v10.4/MCU/ARM_GCC_Support/ewl/lib/armv6-m\libm.a(e_pow.o) (scalbn)
C:/Freescale/CW MCU v10.4/MCU/ARM_GCC_Support/ewl/lib/armv6-m\libm.a(s_ldexp.o)
                              C:/Freescale/CW MCU v10.4/MCU/ARM_GCC_Support/ewl/lib/armv6-m\libm.a(scalbn.o) (ldexp)
[...]
Memory Configuration

Name             Origin             Length             Attributes
m_interrupts     0x00000000         0x000000c0         xr
m_text           0x00000410         0x0001fbf0         xr
m_data           0x1ffff000         0x00004000         rw
m_cfmprotrom     0x00000400         0x00000010         xr
*default*        0x00000000         0xffffffff

Linker script and memory map

LOAD ./Generated_Code/freemaster_tsa_table.o
LOAD ./Generated_Code/freemaster_tsa.o
LOAD ./Generated_Code/freemaster_sfio.o
LOAD ./Generated_Code/freemaster_serial.o
LOAD ./Generated_Code/freemaster_scope.o
LOAD ./Generated_Code/freemaster_rec.o
LOAD ./Generated_Code/freemaster_protocol.o
LOAD ./Generated_Code/freemaster_can.o
LOAD ./Generated_Code/freemaster_bdm.o
LOAD ./Generated_Code/freemaster_appcmd.o
LOAD ./Generated_Code/freemaster_Kxx.o
LOAD ./Generated_Code/Vectors.o
LOAD ./Generated_Code/UART0.o
LOAD ./Generated_Code/TimerIntLdd1.o
LOAD ./Generated_Code/TU4.o
LOAD ./Generated_Code/TU2.o
LOAD ./Generated_Code/TPM0.o
LOAD ./Generated_Code/TI1.o
LOAD ./Generated_Code/PE_LDD.o
LOAD ./Generated_Code/I2C2.o
LOAD ./Generated_Code/GPIO2.o
LOAD ./Generated_Code/GPIO1.o
LOAD ./Generated_Code/FMSTR1.o
LOAD ./Generated_Code/Cpu.o
LOAD ./Generated_Code/AdcLdd1.o
LOAD ./Generated_Code/AD1.o
LOAD ./Project_Settings/Startup_Code/__arm_start.o
LOAD ./Project_Settings/Startup_Code/__arm_end.o
LOAD ./Sources/sa_mtb.o
LOAD ./Sources/ProcessorExpert.o
LOAD ./Sources/PID.o
LOAD ./Sources/MPU6050.o
LOAD ./Sources/Events.o
                0x00007410                __pformatter = __pformatterFP
                0x00007c68                __sformatter = __sformatter_FP
START GROUP
LOAD C:/Freescale/CW MCU v10.4/MCU/ARM_GCC_Support/ewl/lib/armv6-m\libc.a
LOAD C:/Freescale/CW MCU v10.4/MCU/ARM_GCC_Support/ewl/lib/armv6-m\libm.a
LOAD c:/freescale/cw mcu v10.4/cross_tools/arm-none-eabi-gcc-4_7_3/bin/../lib/gcc/arm-none-eabi/4.7.3/armv6-m\libgcc.a
LOAD C:/Freescale/CW MCU v10.4/MCU/ARM_GCC_Support/ewl/lib/armv6-m\librt.a
LOAD C:/Freescale/CW MCU v10.4/MCU/ARM_GCC_Support/ewl/lib/armv6-m\libuart.a
END GROUP
                0x20003000                _estack = 0x20003000
                0x20003000                __SP_INIT = _estack
                0x00000000                __heap_size = 0x0
                0x00000400                __stack_size = 0x400

.interrupts     0x00000000       0xc0
                0x00000000                __vector_table = .
                0x00000000                . = ALIGN (0x4)
 *(.vectortable)
 .vectortable   0x00000000       0xc0 ./Generated_Code/Vectors.o
                0x00000000                __vect_table
                0x000000c0                . = ALIGN (0x4)

.cfmprotect     0x00000400       0x10
                0x00000400                . = ALIGN (0x4)
 *(.cfmconfig)
 .cfmconfig     0x00000400       0x10 ./Generated_Code/Cpu.o
                0x00000400                _cfm
                0x00000410                . = ALIGN (0x4)

.text           0x00000410     0xaa50
                0x00000410                . = ALIGN (0x4)
 *(.text)
 .text          0x00000410       0x18 ./Generated_Code/freemaster_tsa_table.o
                0x00000410                FMSTR_TsaGetTable
 .text          0x00000428        0x0 ./Generated_Code/freemaster_tsa.o
 .text          0x00000428        0x0 ./Generated_Code/freemaster_sfio.o
 .text          0x00000428      0x574 ./Generated_Code/freemaster_serial.o
                0x000004e4                FMSTR_ProcessSCI
                0x00000604                FMSTR_SendResponse
                0x00000738                FMSTR_Tx
                0x000007c4                FMSTR_Rx
                0x00000954                FMSTR_InitSerial
                0x00000990                FMSTR_Poll
 .text          0x0000099c      0x188 ./Generated_Code/freemaster_scope.o
                0x0000099c                FMSTR_InitScope
                0x000009a4                FMSTR_SetUpScope
                0x00000a98                FMSTR_ReadScope
 .text          0x00000b24      0x7e4 ./Generated_Code/freemaster_rec.o
                0x00000b24                FMSTR_InitRec
                0x00000b44                FMSTR_AbortRec
                0x00000b58                FMSTR_SetUpRecBuff
                0x00000b6c                FMSTR_SetUpRec
                0x00000dfc                FMSTR_TriggerRec
                0x00000e30                FMSTR_StartRec
                0x00000ed4                FMSTR_StopRec
                0x00000f30                FMSTR_GetRecStatus
                0x00000f80                FMSTR_GetRecBuffSize
                0x00000f90                FMSTR_IsInRecBuffer
                0x00000fe8                FMSTR_GetRecBuff
                0x00001168                FMSTR_Recorder
 .text          0x00001308      0x53c ./Generated_Code/freemaster_protocol.o
                0x00001308                FMSTR_Init
                0x00001330                FMSTR_ProtocolDecoder
                0x000014c0                FMSTR_GetBoardInfo
                0x000015ac                FMSTR_ReadMem
                0x00001620                FMSTR_ReadVar
                0x00001674                FMSTR_WriteMem
                0x000016dc                FMSTR_WriteVar
                0x00001738                FMSTR_WriteMemMask
                0x000017a0                FMSTR_WriteVarMask
                0x000017fc                FMSTR_StrLen
 .text          0x00001844        0x0 ./Generated_Code/freemaster_can.o
 .text          0x00001844        0x0 ./Generated_Code/freemaster_bdm.o
 .text          0x00001844      0x300 ./Generated_Code/freemaster_appcmd.o
                0x00001844                FMSTR_InitAppCmds
                0x00001860                FMSTR_StoreAppCmd
                0x00001938                FMSTR_GetAppCmdStatus
                0x00001964                FMSTR_GetAppCmdRespData
                0x00001a40                FMSTR_AppCmdAck
                0x00001a74                FMSTR_AppCmdSetResponseData
                0x00001ad4                FMSTR_GetAppCmd
                0x00001ae8                FMSTR_GetAppCmdData
                0x00001b2c                FMSTR_RegisterAppCmdCall
 .text          0x00001b44      0x2e8 ./Generated_Code/freemaster_Kxx.o
                0x00001b44                FMSTR_Isr
                0x00001b50                FMSTR_CopyMemory
                0x00001b9c                FMSTR_CopyToBuffer
                0x00001bec                FMSTR_CopyFromBuffer
                0x00001c3c                FMSTR_ValueFromBuffer16
                0x00001c60                FMSTR_ValueFromBuffer32
                0x00001c84                FMSTR_ValueToBuffer16
                0x00001cac                FMSTR_ValueToBuffer32
                0x00001cd0                FMSTR_CopyFromBufferWithMask
                0x00001d7c                FMSTR_SetExAddr
                0x00001d9c                FMSTR_AddressToBuffer
                0x00001de4                FMSTR_AddressFromBuffer
 .text          0x00001e2c        0x0 ./Generated_Code/Vectors.o
 .text          0x00001e2c       0x88 ./Generated_Code/UART0.o
                0x00001e2c                UART0_Init
 .text          0x00001eb4       0x6c ./Generated_Code/TimerIntLdd1.o
                0x00001eb4                TimerIntLdd1_Init
                0x00001efc                TU2_OnCounterRestart
 .text          0x00001f20       0xc4 ./Generated_Code/TU4.o
                0x00001f20                TU4_Init
                0x00001f90                TU4_GetPeriodTicks
                0x00001fcc                TU4_GetCounterValue
 .text          0x00001fe4       0xf0 ./Generated_Code/TU2.o
                0x00001fe4                TU2_Init
                0x000020a4                TU2_Interrupt
 .text          0x000020d4      0x108 ./Generated_Code/TPM0.o
                0x000020d4                TPM0_Init
 .text          0x000021dc       0x14 ./Generated_Code/TI1.o
                0x000021dc                TimerIntLdd1_OnInterrupt
 .text          0x000021f0       0xac ./Generated_Code/PE_LDD.o
                0x000021f0                PE_FillMemory
                0x00002218                PE_PeripheralUsed
                0x00002288                LDD_SetClockConfiguration
 .text          0x0000229c      0x5c8 ./Generated_Code/I2C2.o
                0x0000229c                I2C2_Interrupt
                0x000024a4                I2C2_Init
                0x000025b8                I2C2_Deinit
                0x000025f8                I2C2_MasterSendBlock
                0x00002728                I2C2_MasterReceiveBlock
 .text          0x00002864      0x164 ./Generated_Code/GPIO2.o
                0x00002864                GPIO2_Init
                0x000028cc                GPIO2_SetFieldValue
                0x00002908                GPIO2_GetFieldValue
                0x00002938                GPIO2_ClearFieldBits
                0x00002968                GPIO2_SetFieldBits
                0x00002998                GPIO2_ToggleFieldBits
 .text          0x000029c8      0x14c ./Generated_Code/GPIO1.o
                0x000029c8                GPIO1_Init
                0x00002a28                GPIO1_SetFieldValue
                0x00002a64                GPIO1_GetFieldValue
                0x00002a90                GPIO1_ClearFieldBits
                0x00002abc                GPIO1_SetFieldBits
                0x00002ae8                GPIO1_ToggleFieldBits
 .text          0x00002b14        0x0 ./Generated_Code/FMSTR1.o
 .text          0x00002b14      0x4f8 ./Generated_Code/Cpu.o
                0x00002b14                Cpu_INT_NMIInterrupt
                0x00002b20                Cpu_ivINT_Hard_Fault
                0x00002b2c                Cpu_ivINT_Reserved4
                0x00002b38                Cpu_ivINT_Reserved5
                0x00002b44                Cpu_ivINT_Reserved6
                0x00002b50                Cpu_ivINT_Reserved7
                0x00002b5c                Cpu_ivINT_Reserved8
                0x00002b68                Cpu_ivINT_Reserved9
                0x00002b74                Cpu_ivINT_Reserved10
                0x00002b80                Cpu_ivINT_SVCall
                0x00002b8c                Cpu_ivINT_Reserved12
                0x00002b98                Cpu_ivINT_Reserved13
                0x00002ba4                Cpu_ivINT_PendableSrvReq
                0x00002bb0                Cpu_ivINT_SysTick
                0x00002bbc                Cpu_ivINT_DMA0
                0x00002bc8                Cpu_ivINT_DMA1
                0x00002bd4                Cpu_ivINT_DMA2
                0x00002be0                Cpu_ivINT_DMA3
                0x00002bec                Cpu_ivINT_Reserved20
                0x00002bf8                Cpu_ivINT_FTFA
                0x00002c04                Cpu_ivINT_LVD_LVW
                0x00002c10                Cpu_ivINT_LLW
                0x00002c1c                Cpu_ivINT_I2C0
                0x00002c28                Cpu_ivINT_SPI0
                0x00002c34                Cpu_ivINT_SPI1
                0x00002c40                Cpu_ivINT_UART1
                0x00002c4c                Cpu_ivINT_UART2
                0x00002c58                Cpu_ivINT_CMP0
                0x00002c64                Cpu_ivINT_TPM0
                0x00002c70                Cpu_ivINT_TPM1
                0x00002c7c                Cpu_ivINT_TPM2
                0x00002c88                Cpu_ivINT_RTC
                0x00002c94                Cpu_ivINT_RTC_Seconds
                0x00002ca0                Cpu_ivINT_PIT
                0x00002cac                Cpu_ivINT_Reserved39
                0x00002cb8                Cpu_ivINT_USB0
                0x00002cc4                Cpu_ivINT_DAC0
                0x00002cd0                Cpu_ivINT_TSI0
                0x00002cdc                Cpu_ivINT_MCG
                0x00002ce8                Cpu_ivINT_Reserved45
                0x00002cf4                Cpu_ivINT_PORTA
                0x00002d00                Cpu_ivINT_PORTD
                0x00002d0c                __init_hardware
                0x00002e60                PE_low_level_init
 .text          0x0000300c      0x39c ./Generated_Code/AdcLdd1.o
                0x0000300c                AdcLdd1_Init
                0x000030d4                AdcLdd1_StartSingleMeasurement
                0x00003118                AdcLdd1_CancelMeasurement
                0x00003140                AdcLdd1_CreateSampleGroup
                0x000031a8                AdcLdd1_GetMeasuredValues
                0x00003208                AdcLdd1_GetMeasurementCompleteStatus
                0x0000327c                AdcLdd1_StartCalibration
                0x000032c0                AdcLdd1_GetCalibrationResultStatus
                0x00003378                AdcLdd1_MeasurementCompleteInterrupt
 .text          0x000033a8      0x1cc ./Generated_Code/AD1.o
                0x000033a8                AD1_HWEnDi
                0x000033f0                AD1_Measure
                0x00003438                AD1_GetValue16
                0x0000346c                AD1_Calibrate
                0x000034ec                AdcLdd1_OnMeasurementComplete
                0x00003548                AD1_Init
 .text          0x00003574       0x58 ./Project_Settings/Startup_Code/__arm_start.o
                0x00003598                __iar_program_start
                0x0000359c                __thumb_startup
 .text          0x000035cc        0xc ./Project_Settings/Startup_Code/__arm_end.o
                0x000035cc                _ExitProcess
 .text          0x000035d8        0x0 ./Sources/sa_mtb.o
 .text          0x000035d8       0x10 ./Sources/ProcessorExpert.o
                0x000035d8                main
 .text          0x000035e8      0x4e0 ./Sources/PID.o
                0x000035e8                error_calculation
                0x00003670                filter_angle
                0x0000370c                pid
                0x000037a0                set_motor_speed
                0x0000380c                Average_Motor_Speed
                0x000038fc                Average_Gyro
                0x0000397c                stabilize
 .text          0x00003ac8      0x778 ./Sources/MPU6050.o
                0x00003ac8                MPU6050_ReadReg
                0x00003b64                MPU6050_WriteReg
                0x00003bdc                MPU6050_Setup
                0x00003c00                MPU6050_Get_Data
                0x00003ca0                MPU6050_Read_Angle
                0x00003fb8                Average_Angle
                0x0000404c                Get_Gyro_Rates
                0x000040e8                MPU6050_Setup1
 .text          0x00004240       0x7c ./Sources/Events.o
                0x00004240                Cpu_OnNMIINT
                0x00004248                I2C2_OnMasterBlockSent
                0x00004260                I2C2_OnMasterBlockReceived
                0x00004278                TI1_OnInterrupt
                0x0000428c                EInt1_OnInterrupt
                0x000042ac                AD1_OnEnd
                0x000042b4                AD1_OnCalibrationEnd
 .text          0x000042bc        0x0 C:/Freescale/CW MCU v10.4/MCU/ARM_GCC_Support/ewl/lib/armv6-m\libc.a(exit.o)
 .text          0x000042bc        0x0 C:/Freescale/CW MCU v10.4/MCU/ARM_GCC_Support/ewl/lib/armv6-m\libc.a(memset.o)
 .text          0x000042bc        0x0 C:/Freescale/CW MCU v10.4/MCU/ARM_GCC_Support/ewl/lib/armv6-m\libc.a(printformat_fp.o)
 .text          0x000042bc        0x0 C:/Freescale/CW MCU v10.4/MCU/ARM_GCC_Support/ewl/lib/armv6-m\libc.a(scanformat_fp.o)
 .text          0x000042bc        0x0 C:/Freescale/CW MCU v10.4/MCU/ARM_GCC_Support/ewl/lib/armv6-m\libc.a(ctype_aeabi.o)
 .text          0x000042bc        0x0 C:/Freescale/CW MCU v10.4/MCU/ARM_GCC_Support/ewl/lib/armv6-m\libc.a(__strtold.o)
 .text          0x000042bc        0x0 C:/Freescale/CW MCU v10.4/MCU/ARM_GCC_Support/ewl/lib/armv6-m\libc.a(vsscanf.o)
 .text          0x000042bc        0x0 C:/Freescale/CW MCU v10.4/MCU/ARM_GCC_Support/ewl/lib/armv6-m\libc.a(__strtoul.o)
 .text          0x000042bc        0x0 C:/Freescale/CW MCU v10.4/MCU/ARM_GCC_Support/ewl/lib/armv6-m\libc.a(__filll_mem.o)
 .text          0x000042bc        0x0 C:/Freescale/CW MCU v10.4/MCU/ARM_GCC_Support/ewl/lib/armv6-m\libc.a(memchr.o)
 .text          0x000042bc        0x0 C:/Freescale/CW MCU v10.4/MCU/ARM_GCC_Support/ewl/lib/armv6-m\libc.a(memcpy.o)
 .text          0x000042bc        0x0 C:/Freescale/CW MCU v10.4/MCU/ARM_GCC_Support/ewl/lib/armv6-m\libc.a(strchr.o)
 .text          0x000042bc        0x0 C:/Freescale/CW MCU v10.4/MCU/ARM_GCC_Support/ewl/lib/armv6-m\libc.a(strcpy.o)
 .text          0x000042bc        0x0 C:/Freescale/CW MCU v10.4/MCU/ARM_GCC_Support/ewl/lib/armv6-m\libc.a(strlen.o)
 .text          0x000042bc        0x0 C:/Freescale/CW MCU v10.4/MCU/ARM_GCC_Support/ewl/lib/armv6-m\libc.a(errno.o)
 .text          0x000042bc        0x0 C:/Freescale/CW MCU v10.4/MCU/ARM_GCC_Support/ewl/lib/armv6-m\libm.a(ansi_fp.o)
 .text          0x000042bc        0x0 C:/Freescale/CW MCU v10.4/MCU/ARM_GCC_Support/ewl/lib/armv6-m\libm.a(float.o)
 .text          0x000042bc        0x0 C:/Freescale/CW MCU v10.4/MCU/ARM_GCC_Support/ewl/lib/armv6-m\libm.a(math_api.o)
 .text          0x000042bc        0x0 C:/Freescale/CW MCU v10.4/MCU/ARM_GCC_Support/ewl/lib/armv6-m\libm.a(s_atan.o)
 .text          0x000042bc        0x0 C:/Freescale/CW MCU v10.4/MCU/ARM_GCC_Support/ewl/lib/armv6-m\libm.a(s_frexp.o)
 .text          0x000042bc        0x0 C:/Freescale/CW MCU v10.4/MCU/ARM_GCC_Support/ewl/lib/armv6-m\libm.a(w_pow.o)
 .text          0x000042bc        0x0 C:/Freescale/CW MCU v10.4/MCU/ARM_GCC_Support/ewl/lib/armv6-m\libm.a(w_sqrt.o)
 .text          0x000042bc        0x0 C:/Freescale/CW MCU v10.4/MCU/ARM_GCC_Support/ewl/lib/armv6-m\libm.a(e_pow.o)
 .text          0x000042bc        0x0 C:/Freescale/CW MCU v10.4/MCU/ARM_GCC_Support/ewl/lib/armv6-m\libm.a(e_sqrt.o)
 .text          0x000042bc        0x0 C:/Freescale/CW MCU v10.4/MCU/ARM_GCC_Support/ewl/lib/armv6-m\libm.a(scalbn.o)
 .text          0x000042bc        0x0 C:/Freescale/CW MCU v10.4/MCU/ARM_GCC_Support/ewl/lib/armv6-m\libm.a(s_ldexp.o)
 .text          0x000042bc       0x14 c:/freescale/cw mcu v10.4/cross_tools/arm-none-eabi-gcc-4_7_3/bin/../lib/gcc/arm-none-eabi/4.7.3/armv6-m\libgcc.a(_thumb1_case_sqi.o)
                0x000042bc                __gnu_thumb1_case_sqi
 .text          0x000042d0       0x14 c:/freescale/cw mcu v10.4/cross_tools/arm-none-eabi-gcc-4_7_3/bin/../lib/gcc/arm-none-eabi/4.7.3/armv6-m\libgcc.a(_thumb1_case_uqi.o)
                0x000042d0                __gnu_thumb1_case_uqi
 .text          0x000042e4       0x9c c:/freescale/cw mcu v10.4/cross_tools/arm-none-eabi-gcc-4_7_3/bin/../lib/gcc/arm-none-eabi/4.7.3/armv6-m\libgcc.a(_udivsi3.o)
                0x000042e4                __aeabi_uidiv
                0x000042e4                __udivsi3
                0x0000436c                __aeabi_uidivmod
 .text          0x00004380       0xc0 c:/freescale/cw mcu v10.4/cross_tools/arm-none-eabi-gcc-4_7_3/bin/../lib/gcc/arm-none-eabi/4.7.3/armv6-m\libgcc.a(_divsi3.o)
                0x00004380                __divsi3
                0x00004380                __aeabi_idiv
                0x0000442c                __aeabi_idivmod
 .text          0x00004440        0x4 c:/freescale/cw mcu v10.4/cross_tools/arm-none-eabi-gcc-4_7_3/bin/../lib/gcc/arm-none-eabi/4.7.3/armv6-m\libgcc.a(_dvmd_tls.o)
                0x00004440                __aeabi_idiv0
                0x00004440                __aeabi_ldiv0
 .text          0x00004444       0x7c c:/freescale/cw mcu v10.4/cross_tools/arm-none-eabi-gcc-4_7_3/bin/../lib/gcc/arm-none-eabi/4.7.3/armv6-m\libgcc.a(_arm_cmpdf2.o)
                0x00004444                __aeabi_cdrcmple
                0x00004454                __aeabi_cdcmple
                0x00004454                __aeabi_cdcmpeq
                0x00004464                __aeabi_dcmpeq
                0x00004470                __aeabi_dcmplt
                0x00004484                __aeabi_dcmple
                0x00004498                __aeabi_dcmpgt
                0x000044ac                __aeabi_dcmpge
 .text          0x000044c0       0x74 c:/freescale/cw mcu v10.4/cross_tools/arm-none-eabi-gcc-4_7_3/bin/../lib/gcc/arm-none-eabi/4.7.3/armv6-m\libgcc.a(_arm_cmpsf2.o)
                0x000044c0                __aeabi_cfrcmple
                0x000044c8                __aeabi_cfcmpeq
                0x000044c8                __aeabi_cfcmple
                0x000044d8                __aeabi_fcmpeq
                0x000044e4                __aeabi_fcmplt
                0x000044f8                __aeabi_fcmple
                0x0000450c                __aeabi_fcmpgt
                0x00004520                __aeabi_fcmpge
 .text          0x00004534       0x30 c:/freescale/cw mcu v10.4/cross_tools/arm-none-eabi-gcc-4_7_3/bin/../lib/gcc/arm-none-eabi/4.7.3/armv6-m\libgcc.a(_fixunssfsi.o)
                0x00004534                __fixunssfsi
                0x00004534                __aeabi_f2uiz
 .text          0x00004564      0x3a4 c:/freescale/cw mcu v10.4/cross_tools/arm-none-eabi-gcc-4_7_3/bin/../lib/gcc/arm-none-eabi/4.7.3/armv6-m\libgcc.a(addsf3.o)
                0x00004564                __aeabi_fadd
 .text          0x00004908      0x274 c:/freescale/cw mcu v10.4/cross_tools/arm-none-eabi-gcc-4_7_3/bin/../lib/gcc/arm-none-eabi/4.7.3/armv6-m\libgcc.a(divsf3.o)
                0x00004908                __aeabi_fdiv
 .text          0x00004b7c       0x50 c:/freescale/cw mcu v10.4/cross_tools/arm-none-eabi-gcc-4_7_3/bin/../lib/gcc/arm-none-eabi/4.7.3/armv6-m\libgcc.a(eqsf2.o)
                0x00004b7c                __eqsf2
                0x00004b7c                __nesf2
 .text          0x00004bcc       0x90 c:/freescale/cw mcu v10.4/cross_tools/arm-none-eabi-gcc-4_7_3/bin/../lib/gcc/arm-none-eabi/4.7.3/armv6-m\libgcc.a(gesf2.o)
                0x00004bcc                __gesf2
                0x00004bcc                __gtsf2
 .text          0x00004c5c       0x90 c:/freescale/cw mcu v10.4/cross_tools/arm-none-eabi-gcc-4_7_3/bin/../lib/gcc/arm-none-eabi/4.7.3/armv6-m\libgcc.a(lesf2.o)
                0x00004c5c                __ltsf2
                0x00004c5c                __lesf2
 .text          0x00004cec      0x260 c:/freescale/cw mcu v10.4/cross_tools/arm-none-eabi-gcc-4_7_3/bin/../lib/gcc/arm-none-eabi/4.7.3/armv6-m\libgcc.a(mulsf3.o)
                0x00004cec                __aeabi_fmul
 .text          0x00004f4c      0x3ac c:/freescale/cw mcu v10.4/cross_tools/arm-none-eabi-gcc-4_7_3/bin/../lib/gcc/arm-none-eabi/4.7.3/armv6-m\libgcc.a(subsf3.o)
                0x00004f4c                __aeabi_fsub
 .text          0x000052f8       0x40 c:/freescale/cw mcu v10.4/cross_tools/arm-none-eabi-gcc-4_7_3/bin/../lib/gcc/arm-none-eabi/4.7.3/armv6-m\libgcc.a(fixsfsi.o)
                0x000052f8                __aeabi_f2iz
 .text          0x00005338       0xa8 c:/freescale/cw mcu v10.4/cross_tools/arm-none-eabi-gcc-4_7_3/bin/../lib/gcc/arm-none-eabi/4.7.3/armv6-m\libgcc.a(floatsisf.o)
                0x00005338                __aeabi_i2f
 .text          0x000053e0      0x758 c:/freescale/cw mcu v10.4/cross_tools/arm-none-eabi-gcc-4_7_3/bin/../lib/gcc/arm-none-eabi/4.7.3/armv6-m\libgcc.a(adddf3.o)
                0x000053e0                __aeabi_dadd
 .text          0x00005b38      0x5b8 c:/freescale/cw mcu v10.4/cross_tools/arm-none-eabi-gcc-4_7_3/bin/../lib/gcc/arm-none-eabi/4.7.3/armv6-m\libgcc.a(divdf3.o)
                0x00005b38                __aeabi_ddiv
 .text          0x000060f0       0x7c c:/freescale/cw mcu v10.4/cross_tools/arm-none-eabi-gcc-4_7_3/bin/../lib/gcc/arm-none-eabi/4.7.3/armv6-m\libgcc.a(eqdf2.o)
                0x000060f0                __nedf2
                0x000060f0                __eqdf2
 .text          0x0000616c       0xe8 c:/freescale/cw mcu v10.4/cross_tools/arm-none-eabi-gcc-4_7_3/bin/../lib/gcc/arm-none-eabi/4.7.3/armv6-m\libgcc.a(gedf2.o)
                0x0000616c                __gedf2
                0x0000616c                __gtdf2
 .text          0x00006254       0xd8 c:/freescale/cw mcu v10.4/cross_tools/arm-none-eabi-gcc-4_7_3/bin/../lib/gcc/arm-none-eabi/4.7.3/armv6-m\libgcc.a(ledf2.o)
                0x00006254                __ledf2
                0x00006254                __ltdf2
 .text          0x0000632c      0x4e4 c:/freescale/cw mcu v10.4/cross_tools/arm-none-eabi-gcc-4_7_3/bin/../lib/gcc/arm-none-eabi/4.7.3/armv6-m\libgcc.a(muldf3.o)
                0x0000632c                __aeabi_dmul
 .text          0x00006810      0x6f8 c:/freescale/cw mcu v10.4/cross_tools/arm-none-eabi-gcc-4_7_3/bin/../lib/gcc/arm-none-eabi/4.7.3/armv6-m\libgcc.a(subdf3.o)
                0x00006810                __aeabi_dsub
 .text          0x00006f08       0x68 c:/freescale/cw mcu v10.4/cross_tools/arm-none-eabi-gcc-4_7_3/bin/../lib/gcc/arm-none-eabi/4.7.3/armv6-m\libgcc.a(fixdfsi.o)
                0x00006f08                __aeabi_d2iz
 .text          0x00006f70       0x74 c:/freescale/cw mcu v10.4/cross_tools/arm-none-eabi-gcc-4_7_3/bin/../lib/gcc/arm-none-eabi/4.7.3/armv6-m\libgcc.a(floatsidf.o)
                0x00006f70                __aeabi_i2d
 .text          0x00006fe4       0xa8 c:/freescale/cw mcu v10.4/cross_tools/arm-none-eabi-gcc-4_7_3/bin/../lib/gcc/arm-none-eabi/4.7.3/armv6-m\libgcc.a(extendsfdf2.o)
                0x00006fe4                __aeabi_f2d
 .text          0x0000708c      0x134 c:/freescale/cw mcu v10.4/cross_tools/arm-none-eabi-gcc-4_7_3/bin/../lib/gcc/arm-none-eabi/4.7.3/armv6-m\libgcc.a(truncdfsf2.o)
                0x0000708c                __aeabi_d2f
 .text          0x000071c0       0x3c c:/freescale/cw mcu v10.4/cross_tools/arm-none-eabi-gcc-4_7_3/bin/../lib/gcc/arm-none-eabi/4.7.3/armv6-m\libgcc.a(_clzsi2.o)
                0x000071c0                __clzsi2
 .text          0x000071fc        0x0 C:/Freescale/CW MCU v10.4/MCU/ARM_GCC_Support/ewl/lib/armv6-m\librt.a(gcc_ctor_dtor.o)
 .text          0x000071fc        0x0 C:/Freescale/CW MCU v10.4/MCU/ARM_GCC_Support/ewl/lib/armv6-m\librt.a(ROMCopy.o)
 .text          0x000071fc        0x0 C:/Freescale/CW MCU v10.4/MCU/ARM_GCC_Support/ewl/lib/armv6-m\librt.a(__arm_eabi_init.o)
 .text          0x000071fc        0x0 C:/Freescale/CW MCU v10.4/MCU/ARM_GCC_Support/ewl/lib/armv6-m\libc.a(math_ARM.o)
 .text          0x000071fc       0x18 c:/freescale/cw mcu v10.4/cross_tools/arm-none-eabi-gcc-4_7_3/bin/../lib/gcc/arm-none-eabi/4.7.3/armv6-m\libgcc.a(_lshrdi3.o)
                0x000071fc                __lshrdi3
                0x000071fc                __aeabi_llsr
 .text          0x00007214       0x18 c:/freescale/cw mcu v10.4/cross_tools/arm-none-eabi-gcc-4_7_3/bin/../lib/gcc/arm-none-eabi/4.7.3/armv6-m\libgcc.a(_ashldi3.o)
                0x00007214                __aeabi_llsl
                0x00007214                __ashldi3
 *(.text*)
 .text.exit     0x0000722c       0x38 C:/Freescale/CW MCU v10.4/MCU/ARM_GCC_Support/ewl/lib/armv6-m\libc.a(exit.o)
                0x0000722c                exit
 .text.memset   0x00007264        0xc C:/Freescale/CW MCU v10.4/MCU/ARM_GCC_Support/ewl/lib/armv6-m\libc.a(memset.o)
                0x00007264                memset
 .text.long2str.isra.0
                0x00007270      0x19c C:/Freescale/CW MCU v10.4/MCU/ARM_GCC_Support/ewl/lib/armv6-m\libc.a(printformat_fp.o)
 *fill*         0x0000740c        0x4 00
 .text.__pformatterFP
                0x00007410      0x858 C:/Freescale/CW MCU v10.4/MCU/ARM_GCC_Support/ewl/lib/armv6-m\libc.a(printformat_fp.o)
                0x00007410                __pformatterFP
 .text.__sformatter_FP
                0x00007c68      0x740 C:/Freescale/CW MCU v10.4/MCU/ARM_GCC_Support/ewl/lib/armv6-m\libc.a(scanformat_fp.o)
                0x00007c68                __sformatter_FP
 .text.isalnum  0x000083a8       0x1c C:/Freescale/CW MCU v10.4/MCU/ARM_GCC_Support/ewl/lib/armv6-m\libc.a(ctype_aeabi.o)
                0x000083a8                isalnum
 .text.isalpha  0x000083c4       0x20 C:/Freescale/CW MCU v10.4/MCU/ARM_GCC_Support/ewl/lib/armv6-m\libc.a(ctype_aeabi.o)
                0x000083c4                isalpha
 .text.iscntrl  0x000083e4       0x20 C:/Freescale/CW MCU v10.4/MCU/ARM_GCC_Support/ewl/lib/armv6-m\libc.a(ctype_aeabi.o)
                0x000083e4                iscntrl
 .text.isdigit  0x00008404        0xe C:/Freescale/CW MCU v10.4/MCU/ARM_GCC_Support/ewl/lib/armv6-m\libc.a(ctype_aeabi.o)
                0x00008404                isdigit
 *fill*         0x00008412        0x2 00
 .text.isgraph  0x00008414       0x1c C:/Freescale/CW MCU v10.4/MCU/ARM_GCC_Support/ewl/lib/armv6-m\libc.a(ctype_aeabi.o)
                0x00008414                isgraph
 .text.islower  0x00008430       0x20 C:/Freescale/CW MCU v10.4/MCU/ARM_GCC_Support/ewl/lib/armv6-m\libc.a(ctype_aeabi.o)
                0x00008430                islower
 .text.isprint  0x00008450       0x1c C:/Freescale/CW MCU v10.4/MCU/ARM_GCC_Support/ewl/lib/armv6-m\libc.a(ctype_aeabi.o)
                0x00008450                isprint
 .text.ispunct  0x0000846c       0x20 C:/Freescale/CW MCU v10.4/MCU/ARM_GCC_Support/ewl/lib/armv6-m\libc.a(ctype_aeabi.o)
                0x0000846c                ispunct
 .text.isspace  0x0000848c       0x20 C:/Freescale/CW MCU v10.4/MCU/ARM_GCC_Support/ewl/lib/armv6-m\libc.a(ctype_aeabi.o)
                0x0000848c                isspace
 .text.isupper  0x000084ac       0x20 C:/Freescale/CW MCU v10.4/MCU/ARM_GCC_Support/ewl/lib/armv6-m\libc.a(ctype_aeabi.o)
                0x000084ac                isupper
 .text.isxdigit
                0x000084cc       0x20 C:/Freescale/CW MCU v10.4/MCU/ARM_GCC_Support/ewl/lib/armv6-m\libc.a(ctype_aeabi.o)
                0x000084cc                isxdigit
 .text.isblank  0x000084ec       0x28 C:/Freescale/CW MCU v10.4/MCU/ARM_GCC_Support/ewl/lib/armv6-m\libc.a(ctype_aeabi.o)
                0x000084ec                isblank
 .text.toupper  0x00008514        0xe C:/Freescale/CW MCU v10.4/MCU/ARM_GCC_Support/ewl/lib/armv6-m\libc.a(ctype_aeabi.o)
                0x00008514                toupper
 .text.tolower  0x00008522        0xe C:/Freescale/CW MCU v10.4/MCU/ARM_GCC_Support/ewl/lib/armv6-m\libc.a(ctype_aeabi.o)
                0x00008522                tolower
 .text.__strtold
                0x00008530      0x6d0 C:/Freescale/CW MCU v10.4/MCU/ARM_GCC_Support/ewl/lib/armv6-m\libc.a(__strtold.o)
                0x00008530                __strtold
 .text.strtold  0x00008c00       0x4c C:/Freescale/CW MCU v10.4/MCU/ARM_GCC_Support/ewl/lib/armv6-m\libc.a(__strtold.o)
                0x00008c00                strtold
 .text.strtod   0x00008c4c       0x4c C:/Freescale/CW MCU v10.4/MCU/ARM_GCC_Support/ewl/lib/armv6-m\libc.a(__strtold.o)
                0x00008c4c                strtod
 .text.atof     0x00008c98        0xa C:/Freescale/CW MCU v10.4/MCU/ARM_GCC_Support/ewl/lib/armv6-m\libc.a(__strtold.o)
                0x00008c98                atof
 .text.__StringRead
                0x00008ca2       0x3c C:/Freescale/CW MCU v10.4/MCU/ARM_GCC_Support/ewl/lib/armv6-m\libc.a(vsscanf.o)
                0x00008ca2                __StringRead
 *fill*         0x00008cde        0x2 00
 .text.vsscanf  0x00008ce0       0x30 C:/Freescale/CW MCU v10.4/MCU/ARM_GCC_Support/ewl/lib/armv6-m\libc.a(vsscanf.o)
                0x00008ce0                vsscanf
 .text.__strtoul
                0x00008d10      0x1ce C:/Freescale/CW MCU v10.4/MCU/ARM_GCC_Support/ewl/lib/armv6-m\libc.a(__strtoul.o)
                0x00008d10                __strtoul
 .text.__fill_mem
                0x00008ede       0x7e C:/Freescale/CW MCU v10.4/MCU/ARM_GCC_Support/ewl/lib/armv6-m\libc.a(__filll_mem.o)
                0x00008ede                __fill_mem
 .text.memchr   0x00008f5c       0x1a C:/Freescale/CW MCU v10.4/MCU/ARM_GCC_Support/ewl/lib/armv6-m\libc.a(memchr.o)
                0x00008f5c                memchr
 .text.memcpy   0x00008f76       0x12 C:/Freescale/CW MCU v10.4/MCU/ARM_GCC_Support/ewl/lib/armv6-m\libc.a(memcpy.o)
                0x00008f76                memcpy
 .text.strchr   0x00008f88       0x1e C:/Freescale/CW MCU v10.4/MCU/ARM_GCC_Support/ewl/lib/armv6-m\libc.a(strchr.o)
                0x00008f88                strchr
 .text.strcpy   0x00008fa6       0x10 C:/Freescale/CW MCU v10.4/MCU/ARM_GCC_Support/ewl/lib/armv6-m\libc.a(strcpy.o)
                0x00008fa6                strcpy
 .text.strlen   0x00008fb6       0x10 C:/Freescale/CW MCU v10.4/MCU/ARM_GCC_Support/ewl/lib/armv6-m\libc.a(strlen.o)
                0x00008fb6                strlen
 *fill*         0x00008fc6        0x2 00
 .text.__num2dec
                0x00008fc8      0x250 C:/Freescale/CW MCU v10.4/MCU/ARM_GCC_Support/ewl/lib/armv6-m\libm.a(ansi_fp.o)
                0x00008fc8                __num2dec
 .text.__dec2num
                0x00009218      0x168 C:/Freescale/CW MCU v10.4/MCU/ARM_GCC_Support/ewl/lib/armv6-m\libm.a(ansi_fp.o)
                0x00009218                __dec2num
 .text.__round_decimal
                0x00009380       0x98 C:/Freescale/CW MCU v10.4/MCU/ARM_GCC_Support/ewl/lib/armv6-m\libm.a(ansi_fp.o)
                0x00009380                __round_decimal
 .text.__ewl_generic_count_bits32
                0x00009418       0x34 C:/Freescale/CW MCU v10.4/MCU/ARM_GCC_Support/ewl/lib/armv6-m\libm.a(math_api.o)
                0x00009418                __ewl_generic_count_bits32
 .text.__ewl_generic_count_leading_zero32
                0x0000944c       0x20 C:/Freescale/CW MCU v10.4/MCU/ARM_GCC_Support/ewl/lib/armv6-m\libm.a(math_api.o)
                0x0000944c                __ewl_generic_count_leading_zero32
 .text.__ewl_generic_count_bits64
                0x0000946c       0x7c C:/Freescale/CW MCU v10.4/MCU/ARM_GCC_Support/ewl/lib/armv6-m\libm.a(math_api.o)
                0x0000946c                __ewl_generic_count_bits64
 .text.__ewl_generic_count_leading_zero64
                0x000094e8       0x4a C:/Freescale/CW MCU v10.4/MCU/ARM_GCC_Support/ewl/lib/armv6-m\libm.a(math_api.o)
                0x000094e8                __ewl_generic_count_leading_zero64
 .text.__signbitf
                0x00009532        0x4 C:/Freescale/CW MCU v10.4/MCU/ARM_GCC_Support/ewl/lib/armv6-m\libm.a(math_api.o)
                0x00009532                __signbitf
 .text.__fpclassifyf
                0x00009536       0x2a C:/Freescale/CW MCU v10.4/MCU/ARM_GCC_Support/ewl/lib/armv6-m\libm.a(math_api.o)
                0x00009536                __fpclassifyf
 .text.__signbitd
                0x00009560        0x4 C:/Freescale/CW MCU v10.4/MCU/ARM_GCC_Support/ewl/lib/armv6-m\libm.a(math_api.o)
                0x00009560                __signbitd
 .text.__fpclassifyd
                0x00009564       0x38 C:/Freescale/CW MCU v10.4/MCU/ARM_GCC_Support/ewl/lib/armv6-m\libm.a(math_api.o)
                0x00009564                __fpclassifyd
 .text.__ewl_relation
                0x0000959c       0x56 C:/Freescale/CW MCU v10.4/MCU/ARM_GCC_Support/ewl/lib/armv6-m\libm.a(math_api.o)
                0x0000959c                __ewl_relation
 *fill*         0x000095f2        0x6 00
 .text.atan     0x000095f8      0x358 C:/Freescale/CW MCU v10.4/MCU/ARM_GCC_Support/ewl/lib/armv6-m\libm.a(s_atan.o)
                0x000095f8                atan
 .text.frexp    0x00009950       0x80 C:/Freescale/CW MCU v10.4/MCU/ARM_GCC_Support/ewl/lib/armv6-m\libm.a(s_frexp.o)
                0x00009950                frexp
 .text.pow      0x000099d0        0x8 C:/Freescale/CW MCU v10.4/MCU/ARM_GCC_Support/ewl/lib/armv6-m\libm.a(w_pow.o)
                0x000099d0                pow
 .text.sqrt     0x000099d8        0x8 C:/Freescale/CW MCU v10.4/MCU/ARM_GCC_Support/ewl/lib/armv6-m\libm.a(w_sqrt.o)
                0x000099d8                sqrt
 .text.__ieee754_pow
                0x000099e0      0xb70 C:/Freescale/CW MCU v10.4/MCU/ARM_GCC_Support/ewl/lib/armv6-m\libm.a(e_pow.o)
                0x000099e0                __ieee754_pow
 .text.__ieee754_sqrt
                0x0000a550      0x17c C:/Freescale/CW MCU v10.4/MCU/ARM_GCC_Support/ewl/lib/armv6-m\libm.a(e_sqrt.o)
                0x0000a550                __ieee754_sqrt
 .text.scalbn   0x0000a6cc       0x14 C:/Freescale/CW MCU v10.4/MCU/ARM_GCC_Support/ewl/lib/armv6-m\libm.a(scalbn.o)
                0x0000a6cc                scalbn
 .text.ldexp    0x0000a6e0      0x148 C:/Freescale/CW MCU v10.4/MCU/ARM_GCC_Support/ewl/lib/armv6-m\libm.a(s_ldexp.o)
                0x0000a6e0                ldexp
 .text.__init_cpp
                0x0000a828       0x48 C:/Freescale/CW MCU v10.4/MCU/ARM_GCC_Support/ewl/lib/armv6-m\librt.a(gcc_ctor_dtor.o)
                0x0000a828                __init_cpp
 .text.__fini_cpp
                0x0000a870       0x34 C:/Freescale/CW MCU v10.4/MCU/ARM_GCC_Support/ewl/lib/armv6-m\librt.a(gcc_ctor_dtor.o)
                0x0000a870                __fini_cpp
 .text.__flush_cache
                0x0000a8a4        0x2 C:/Freescale/CW MCU v10.4/MCU/ARM_GCC_Support/ewl/lib/armv6-m\librt.a(ROMCopy.o)
                0x0000a8a4                __flush_cache
 .text.__copy_rom_section
                0x0000a8a6       0x48 C:/Freescale/CW MCU v10.4/MCU/ARM_GCC_Support/ewl/lib/armv6-m\librt.a(ROMCopy.o)
                0x0000a8a6                __copy_rom_section
 *fill*         0x0000a8ee        0x2 00
 .text.__copy_rom_sections_to_ram
                0x0000a8f0       0x34 C:/Freescale/CW MCU v10.4/MCU/ARM_GCC_Support/ewl/lib/armv6-m\librt.a(ROMCopy.o)
                0x0000a8f0                __copy_rom_sections_to_ram
 .text.__destroy_global_chain
                0x0000a924       0x1c C:/Freescale/CW MCU v10.4/MCU/ARM_GCC_Support/ewl/lib/armv6-m\librt.a(__arm_eabi_init.o)
                0x0000a924                __destroy_global_chain
 .text.__register_global_object
                0x0000a940       0x14 C:/Freescale/CW MCU v10.4/MCU/ARM_GCC_Support/ewl/lib/armv6-m\librt.a(__arm_eabi_init.o)
                0x0000a940                __register_global_object
 .text.__cxa_atexit
                0x0000a954       0x38 C:/Freescale/CW MCU v10.4/MCU/ARM_GCC_Support/ewl/lib/armv6-m\librt.a(__arm_eabi_init.o)
                0x0000a954                __cxa_atexit
 .text.__aeabi_atexit
                0x0000a98c        0xe C:/Freescale/CW MCU v10.4/MCU/ARM_GCC_Support/ewl/lib/armv6-m\librt.a(__arm_eabi_init.o)
                0x0000a98c                __aeabi_atexit
 .text.__register_atexit
                0x0000a99a        0xc C:/Freescale/CW MCU v10.4/MCU/ARM_GCC_Support/ewl/lib/armv6-m\librt.a(__arm_eabi_init.o)
                0x0000a99a                __register_atexit
 *fill*         0x0000a9a6        0x2 00
 .text.__init_registers
                0x0000a9a8       0x1c C:/Freescale/CW MCU v10.4/MCU/ARM_GCC_Support/ewl/lib/armv6-m\librt.a(__arm_eabi_init.o)
                0x0000a9a8                __init_registers
 .text.__init_hardware
                0x0000a9c4        0x4 C:/Freescale/CW MCU v10.4/MCU/ARM_GCC_Support/ewl/lib/armv6-m\librt.a(__arm_eabi_init.o)
 .text.__init_user
                0x0000a9c8        0x4 C:/Freescale/CW MCU v10.4/MCU/ARM_GCC_Support/ewl/lib/armv6-m\librt.a(__arm_eabi_init.o)
                0x0000a9c8                __init_user
 .text.__ewl_count_bits32
                0x0000a9cc        0x8 C:/Freescale/CW MCU v10.4/MCU/ARM_GCC_Support/ewl/lib/armv6-m\libc.a(math_ARM.o)
                0x0000a9cc                __ewl_count_bits32
 .text.__ewl_count_leading_zero32
                0x0000a9d4        0x8 C:/Freescale/CW MCU v10.4/MCU/ARM_GCC_Support/ewl/lib/armv6-m\libc.a(math_ARM.o)
                0x0000a9d4                __ewl_count_leading_zero32
 .text.__ewl_count_trailing_zero32
                0x0000a9dc        0xe C:/Freescale/CW MCU v10.4/MCU/ARM_GCC_Support/ewl/lib/armv6-m\libc.a(math_ARM.o)
                0x0000a9dc                __ewl_count_trailing_zero32
 .text.__ewl_count_leading_one32
                0x0000a9ea        0xa C:/Freescale/CW MCU v10.4/MCU/ARM_GCC_Support/ewl/lib/armv6-m\libc.a(math_ARM.o)
                0x0000a9ea                __ewl_count_leading_one32
 .text.__ewl_count_trailing_one32
                0x0000a9f4        0xa C:/Freescale/CW MCU v10.4/MCU/ARM_GCC_Support/ewl/lib/armv6-m\libc.a(math_ARM.o)
                0x0000a9f4                __ewl_count_trailing_one32
 .text.__ewl_rotate_left32
                0x0000a9fe        0xc C:/Freescale/CW MCU v10.4/MCU/ARM_GCC_Support/ewl/lib/armv6-m\libc.a(math_ARM.o)
                0x0000a9fe                __ewl_rotate_left32
 .text.__ewl_rotate_right32
                0x0000aa0a        0x8 C:/Freescale/CW MCU v10.4/MCU/ARM_GCC_Support/ewl/lib/armv6-m\libc.a(math_ARM.o)
                0x0000aa0a                __ewl_rotate_right32
 .text.__ewl_count_bits64
                0x0000aa12        0x8 C:/Freescale/CW MCU v10.4/MCU/ARM_GCC_Support/ewl/lib/armv6-m\libc.a(math_ARM.o)
                0x0000aa12                __ewl_count_bits64
 .text.__ewl_count_leading_zero64
                0x0000aa1a        0x8 C:/Freescale/CW MCU v10.4/MCU/ARM_GCC_Support/ewl/lib/armv6-m\libc.a(math_ARM.o)
                0x0000aa1a                __ewl_count_leading_zero64
 .text.__ewl_count_trailing_zero64
                0x0000aa22       0x20 C:/Freescale/CW MCU v10.4/MCU/ARM_GCC_Support/ewl/lib/armv6-m\libc.a(math_ARM.o)
                0x0000aa22                __ewl_count_trailing_zero64
 .text.__ewl_count_leading_one64
                0x0000aa42        0xc C:/Freescale/CW MCU v10.4/MCU/ARM_GCC_Support/ewl/lib/armv6-m\libc.a(math_ARM.o)
                0x0000aa42                __ewl_count_leading_one64
 .text.__ewl_count_trailing_one64
                0x0000aa4e        0xc C:/Freescale/CW MCU v10.4/MCU/ARM_GCC_Support/ewl/lib/armv6-m\libc.a(math_ARM.o)
                0x0000aa4e                __ewl_count_trailing_one64
 .text.__ewl_rotate_left64
                0x0000aa5a       0x2c C:/Freescale/CW MCU v10.4/MCU/ARM_GCC_Support/ewl/lib/armv6-m\libc.a(math_ARM.o)
                0x0000aa5a                __ewl_rotate_left64
 .text.__ewl_rotate_right64
                0x0000aa86       0x2c C:/Freescale/CW MCU v10.4/MCU/ARM_GCC_Support/ewl/lib/armv6-m\libc.a(math_ARM.o)
                0x0000aa86                __ewl_rotate_right64
 *(.rodata)
 *fill*         0x0000aab2        0x2 00
 .rodata        0x0000aab4       0x10 ./Generated_Code/freemaster_protocol.o
 .rodata        0x0000aac4       0x28 ./Generated_Code/PE_LDD.o
                0x0000aac4                PE_CpuClockConfigurations
 .rodata        0x0000aaec        0x4 ./Generated_Code/AdcLdd1.o
 .rodata        0x0000aaf0       0x20 C:/Freescale/CW MCU v10.4/MCU/ARM_GCC_Support/ewl/lib/armv6-m\libc.a(__strtold.o)
 .rodata        0x0000ab10       0x40 c:/freescale/cw mcu v10.4/cross_tools/arm-none-eabi-gcc-4_7_3/bin/../lib/gcc/arm-none-eabi/4.7.3/armv6-m\libgcc.a(divsf3.o)
 .rodata        0x0000ab50       0x40 c:/freescale/cw mcu v10.4/cross_tools/arm-none-eabi-gcc-4_7_3/bin/../lib/gcc/arm-none-eabi/4.7.3/armv6-m\libgcc.a(mulsf3.o)
 .rodata        0x0000ab90       0x40 c:/freescale/cw mcu v10.4/cross_tools/arm-none-eabi-gcc-4_7_3/bin/../lib/gcc/arm-none-eabi/4.7.3/armv6-m\libgcc.a(divdf3.o)
 .rodata        0x0000abd0       0x40 c:/freescale/cw mcu v10.4/cross_tools/arm-none-eabi-gcc-4_7_3/bin/../lib/gcc/arm-none-eabi/4.7.3/armv6-m\libgcc.a(muldf3.o)
 *(.rodata*)
 .rodata.str1.1
                0x0000ac10       0x14 C:/Freescale/CW MCU v10.4/MCU/ARM_GCC_Support/ewl/lib/armv6-m\libc.a(printformat_fp.o)
                                 0x25 (size before relaxing)
 .rodata.CSWTCH.22
                0x0000ac24       0x21 C:/Freescale/CW MCU v10.4/MCU/ARM_GCC_Support/ewl/lib/armv6-m\libc.a(printformat_fp.o)
 .rodata.CSWTCH.23
                0x0000ac45       0x21 C:/Freescale/CW MCU v10.4/MCU/ARM_GCC_Support/ewl/lib/armv6-m\libc.a(printformat_fp.o)
 .rodata.__aeabi_ctype_table_C
                0x0000ac66      0x101 C:/Freescale/CW MCU v10.4/MCU/ARM_GCC_Support/ewl/lib/armv6-m\libc.a(ctype_aeabi.o)
                0x0000ac66                __aeabi_ctype_table_C
 *fill*         0x0000ad67        0x1 00
 .rodata.digit_values
                0x0000ad68       0x40 C:/Freescale/CW MCU v10.4/MCU/ARM_GCC_Support/ewl/lib/armv6-m\libm.a(ansi_fp.o)
 .rodata.bit_values
                0x0000ada8       0x48 C:/Freescale/CW MCU v10.4/MCU/ARM_GCC_Support/ewl/lib/armv6-m\libm.a(ansi_fp.o)
 .rodata.atanlo
                0x0000adf0       0x20 C:/Freescale/CW MCU v10.4/MCU/ARM_GCC_Support/ewl/lib/armv6-m\libm.a(s_atan.o)
 .rodata.atanhi
                0x0000ae10       0x20 C:/Freescale/CW MCU v10.4/MCU/ARM_GCC_Support/ewl/lib/armv6-m\libm.a(s_atan.o)
 .rodata.dp_h   0x0000ae30       0x10 C:/Freescale/CW MCU v10.4/MCU/ARM_GCC_Support/ewl/lib/armv6-m\libm.a(e_pow.o)
 .rodata.dp_l   0x0000ae40       0x10 C:/Freescale/CW MCU v10.4/MCU/ARM_GCC_Support/ewl/lib/armv6-m\libm.a(e_pow.o)
 .rodata.bp     0x0000ae50       0x10 C:/Freescale/CW MCU v10.4/MCU/ARM_GCC_Support/ewl/lib/armv6-m\libm.a(e_pow.o)
 *(.glue_7)
 .glue_7        0x00000000        0x0 linker stubs
 *(.glue_7t)
 .glue_7t       0x00000000        0x0 linker stubs
 *(.eh_frame)
 *(.init)
 *(.fini)
                0x0000ae60                . = ALIGN (0x4)
                0x0000ae60                _etext = .

.vfp11_veneer   0x0000ae60        0x0
 .vfp11_veneer  0x00000000        0x0 linker stubs

.v4_bx          0x0000ae60        0x0
 .v4_bx         0x00000000        0x0 linker stubs

.iplt           0x0000ae60        0x0
 .iplt          0x00000000        0x0 ./Generated_Code/freemaster_tsa_table.o

.rel.dyn        0x0000ae60        0x0
 .rel.iplt      0x00000000        0x0 ./Generated_Code/freemaster_tsa_table.o

.ARM.extab
 *(.ARM.extab* .gnu.linkonce.armextab.*)

.ARM            0x0000ae60        0x0
                0x0000ae60                __exidx_start = .
 *(.ARM.exidx*)
                0x0000ae60                __exidx_end = .

.ctors          0x0000ae60        0x0
                0x0000ae60                __CTOR_LIST__ = .
 *crtbegin.o(.ctors)
 *(EXCLUDE_FILE(*crtend.o) .ctors)
 *(SORT(.ctors.*))
 *(.ctors)
                0x0000ae60                __CTOR_END__ = .

.dtors          0x0000ae60        0x0
                0x0000ae60                __DTOR_LIST__ = .
 *crtbegin.o(.dtors)
 *(EXCLUDE_FILE(*crtend.o) .dtors)
 *(SORT(.dtors.*))
 *(.dtors)
                0x0000ae60                __DTOR_END__ = .

.preinit_array  0x0000ae60        0x0
                0x0000ae60                PROVIDE (__preinit_array_start, .)
 *(.preinit_array*)
                0x0000ae60                PROVIDE (__preinit_array_end, .)

.init_array     0x0000ae60        0x0
                0x0000ae60                PROVIDE (__init_array_start, .)
 *(SORT(.init_array.*))
 *(.init_array*)
                0x0000ae60                PROVIDE (__init_array_end, .)

.fini_array     0x0000ae60        0x0
                0x0000ae60                PROVIDE (__fini_array_start, .)
 *(SORT(.fini_array.*))
 *(.fini_array*)
                0x0000ae60                PROVIDE (__fini_array_end, .)
                0x0000ae60                ___ROM_AT = .

.mtb            0x1ffff000        0x0
                0x1ffff000                . = ALIGN (0x8)
                0x1ffff000                _mtb_start = .
 *(.mtb_buf)
                0x1ffff000                . = ALIGN (0x8)
                0x1ffff000                _mtb_end = .

.data           0x1ffff000       0x88 load address 0x0000ae60
                0x1ffff000                . = ALIGN (0x4)
                0x1ffff000                _sdata = .
 *(.data)
 .data          0x1ffff000        0x0 ./Generated_Code/freemaster_tsa_table.o
 .data          0x1ffff000        0x0 ./Generated_Code/freemaster_tsa.o
 .data          0x1ffff000        0x0 ./Generated_Code/freemaster_sfio.o
 .data          0x1ffff000        0x0 ./Generated_Code/freemaster_serial.o
 .data          0x1ffff000        0x0 ./Generated_Code/freemaster_scope.o
 .data          0x1ffff000        0x0 ./Generated_Code/freemaster_rec.o
 .data          0x1ffff000        0x0 ./Generated_Code/freemaster_protocol.o
 .data          0x1ffff000        0x0 ./Generated_Code/freemaster_can.o
 .data          0x1ffff000        0x0 ./Generated_Code/freemaster_bdm.o
 .data          0x1ffff000        0x0 ./Generated_Code/freemaster_appcmd.o
 .data          0x1ffff000        0x0 ./Generated_Code/freemaster_Kxx.o
 .data          0x1ffff000        0x0 ./Generated_Code/Vectors.o
 .data          0x1ffff000        0x0 ./Generated_Code/UART0.o
 .data          0x1ffff000        0x0 ./Generated_Code/TimerIntLdd1.o
 .data          0x1ffff000        0x0 ./Generated_Code/TU4.o
 .data          0x1ffff000        0x0 ./Generated_Code/TU2.o
 .data          0x1ffff000        0x0 ./Generated_Code/TPM0.o
 .data          0x1ffff000        0x0 ./Generated_Code/TI1.o
 .data          0x1ffff000        0x0 ./Generated_Code/PE_LDD.o
 .data          0x1ffff000        0x0 ./Generated_Code/I2C2.o
 .data          0x1ffff000        0x0 ./Generated_Code/GPIO2.o
 .data          0x1ffff000        0x0 ./Generated_Code/GPIO1.o
 .data          0x1ffff000        0x0 ./Generated_Code/FMSTR1.o
 .data          0x1ffff000        0x0 ./Generated_Code/Cpu.o
 .data          0x1ffff000        0x0 ./Generated_Code/AdcLdd1.o
 .data          0x1ffff000        0x0 ./Generated_Code/AD1.o
 .data          0x1ffff000        0x0 ./Project_Settings/Startup_Code/__arm_start.o
 .data          0x1ffff000        0x0 ./Project_Settings/Startup_Code/__arm_end.o
 .data          0x1ffff000        0x0 ./Sources/sa_mtb.o
 .data          0x1ffff000        0x8 ./Sources/ProcessorExpert.o
                0x1ffff000                gui_servo_position
                0x1ffff004                treshold_angle
 .data          0x1ffff008        0x0 ./Sources/PID.o
 .data          0x1ffff008        0xc ./Sources/MPU6050.o
                0x1ffff008                GYRO_XOUT_OFFSET
                0x1ffff00c                GYRO_YOUT_OFFSET
                0x1ffff010                GYRO_ZOUT_OFFSET
 .data          0x1ffff014        0x0 ./Sources/Events.o
 .data          0x1ffff014        0x0 C:/Freescale/CW MCU v10.4/MCU/ARM_GCC_Support/ewl/lib/armv6-m\libc.a(exit.o)
 .data          0x1ffff014        0x0 C:/Freescale/CW MCU v10.4/MCU/ARM_GCC_Support/ewl/lib/armv6-m\libc.a(memset.o)
 .data          0x1ffff014        0x0 C:/Freescale/CW MCU v10.4/MCU/ARM_GCC_Support/ewl/lib/armv6-m\libc.a(printformat_fp.o)
 .data          0x1ffff014        0x0 C:/Freescale/CW MCU v10.4/MCU/ARM_GCC_Support/ewl/lib/armv6-m\libc.a(scanformat_fp.o)
 .data          0x1ffff014        0x0 C:/Freescale/CW MCU v10.4/MCU/ARM_GCC_Support/ewl/lib/armv6-m\libc.a(ctype_aeabi.o)
 .data          0x1ffff014        0x0 C:/Freescale/CW MCU v10.4/MCU/ARM_GCC_Support/ewl/lib/armv6-m\libc.a(__strtold.o)
 .data          0x1ffff014        0x0 C:/Freescale/CW MCU v10.4/MCU/ARM_GCC_Support/ewl/lib/armv6-m\libc.a(vsscanf.o)
 .data          0x1ffff014        0x0 C:/Freescale/CW MCU v10.4/MCU/ARM_GCC_Support/ewl/lib/armv6-m\libc.a(__strtoul.o)
 .data          0x1ffff014        0x0 C:/Freescale/CW MCU v10.4/MCU/ARM_GCC_Support/ewl/lib/armv6-m\libc.a(__filll_mem.o)
 .data          0x1ffff014        0x0 C:/Freescale/CW MCU v10.4/MCU/ARM_GCC_Support/ewl/lib/armv6-m\libc.a(memchr.o)
 .data          0x1ffff014        0x0 C:/Freescale/CW MCU v10.4/MCU/ARM_GCC_Support/ewl/lib/armv6-m\libc.a(memcpy.o)
 .data          0x1ffff014        0x0 C:/Freescale/CW MCU v10.4/MCU/ARM_GCC_Support/ewl/lib/armv6-m\libc.a(strchr.o)
 .data          0x1ffff014        0x0 C:/Freescale/CW MCU v10.4/MCU/ARM_GCC_Support/ewl/lib/armv6-m\libc.a(strcpy.o)
 .data          0x1ffff014        0x0 C:/Freescale/CW MCU v10.4/MCU/ARM_GCC_Support/ewl/lib/armv6-m\libc.a(strlen.o)
 .data          0x1ffff014        0x0 C:/Freescale/CW MCU v10.4/MCU/ARM_GCC_Support/ewl/lib/armv6-m\libc.a(errno.o)
 .data          0x1ffff014        0x0 C:/Freescale/CW MCU v10.4/MCU/ARM_GCC_Support/ewl/lib/armv6-m\libm.a(ansi_fp.o)
 .data          0x1ffff014        0x0 C:/Freescale/CW MCU v10.4/MCU/ARM_GCC_Support/ewl/lib/armv6-m\libm.a(float.o)
 .data          0x1ffff014        0x0 C:/Freescale/CW MCU v10.4/MCU/ARM_GCC_Support/ewl/lib/armv6-m\libm.a(math_api.o)
 .data          0x1ffff014        0x0 C:/Freescale/CW MCU v10.4/MCU/ARM_GCC_Support/ewl/lib/armv6-m\libm.a(s_atan.o)
 .data          0x1ffff014        0x0 C:/Freescale/CW MCU v10.4/MCU/ARM_GCC_Support/ewl/lib/armv6-m\libm.a(s_frexp.o)
 .data          0x1ffff014        0x0 C:/Freescale/CW MCU v10.4/MCU/ARM_GCC_Support/ewl/lib/armv6-m\libm.a(w_pow.o)
 .data          0x1ffff014        0x0 C:/Freescale/CW MCU v10.4/MCU/ARM_GCC_Support/ewl/lib/armv6-m\libm.a(w_sqrt.o)
 .data          0x1ffff014        0x0 C:/Freescale/CW MCU v10.4/MCU/ARM_GCC_Support/ewl/lib/armv6-m\libm.a(e_pow.o)
 .data          0x1ffff014        0x0 C:/Freescale/CW MCU v10.4/MCU/ARM_GCC_Support/ewl/lib/armv6-m\libm.a(e_sqrt.o)
 .data          0x1ffff014        0x0 C:/Freescale/CW MCU v10.4/MCU/ARM_GCC_Support/ewl/lib/armv6-m\libm.a(scalbn.o)
 .data          0x1ffff014        0x0 C:/Freescale/CW MCU v10.4/MCU/ARM_GCC_Support/ewl/lib/armv6-m\libm.a(s_ldexp.o)
 .data          0x1ffff014        0x0 c:/freescale/cw mcu v10.4/cross_tools/arm-none-eabi-gcc-4_7_3/bin/../lib/gcc/arm-none-eabi/4.7.3/armv6-m\libgcc.a(_thumb1_case_sqi.o)
 .data          0x1ffff014        0x0 c:/freescale/cw mcu v10.4/cross_tools/arm-none-eabi-gcc-4_7_3/bin/../lib/gcc/arm-none-eabi/4.7.3/armv6-m\libgcc.a(_thumb1_case_uqi.o)
 .data          0x1ffff014        0x0 c:/freescale/cw mcu v10.4/cross_tools/arm-none-eabi-gcc-4_7_3/bin/../lib/gcc/arm-none-eabi/4.7.3/armv6-m\libgcc.a(_udivsi3.o)
 .data          0x1ffff014        0x0 c:/freescale/cw mcu v10.4/cross_tools/arm-none-eabi-gcc-4_7_3/bin/../lib/gcc/arm-none-eabi/4.7.3/armv6-m\libgcc.a(_divsi3.o)
 .data          0x1ffff014        0x0 c:/freescale/cw mcu v10.4/cross_tools/arm-none-eabi-gcc-4_7_3/bin/../lib/gcc/arm-none-eabi/4.7.3/armv6-m\libgcc.a(_dvmd_tls.o)
 .data          0x1ffff014        0x0 c:/freescale/cw mcu v10.4/cross_tools/arm-none-eabi-gcc-4_7_3/bin/../lib/gcc/arm-none-eabi/4.7.3/armv6-m\libgcc.a(_arm_cmpdf2.o)
 .data          0x1ffff014        0x0 c:/freescale/cw mcu v10.4/cross_tools/arm-none-eabi-gcc-4_7_3/bin/../lib/gcc/arm-none-eabi/4.7.3/armv6-m\libgcc.a(_arm_cmpsf2.o)
 .data          0x1ffff014        0x0 c:/freescale/cw mcu v10.4/cross_tools/arm-none-eabi-gcc-4_7_3/bin/../lib/gcc/arm-none-eabi/4.7.3/armv6-m\libgcc.a(_fixunssfsi.o)
 .data          0x1ffff014        0x0 c:/freescale/cw mcu v10.4/cross_tools/arm-none-eabi-gcc-4_7_3/bin/../lib/gcc/arm-none-eabi/4.7.3/armv6-m\libgcc.a(addsf3.o)
 .data          0x1ffff014        0x0 c:/freescale/cw mcu v10.4/cross_tools/arm-none-eabi-gcc-4_7_3/bin/../lib/gcc/arm-none-eabi/4.7.3/armv6-m\libgcc.a(divsf3.o)
 .data          0x1ffff014        0x0 c:/freescale/cw mcu v10.4/cross_tools/arm-none-eabi-gcc-4_7_3/bin/../lib/gcc/arm-none-eabi/4.7.3/armv6-m\libgcc.a(eqsf2.o)
 .data          0x1ffff014        0x0 c:/freescale/cw mcu v10.4/cross_tools/arm-none-eabi-gcc-4_7_3/bin/../lib/gcc/arm-none-eabi/4.7.3/armv6-m\libgcc.a(gesf2.o)
 .data          0x1ffff014        0x0 c:/freescale/cw mcu v10.4/cross_tools/arm-none-eabi-gcc-4_7_3/bin/../lib/gcc/arm-none-eabi/4.7.3/armv6-m\libgcc.a(lesf2.o)
 .data          0x1ffff014        0x0 c:/freescale/cw mcu v10.4/cross_tools/arm-none-eabi-gcc-4_7_3/bin/../lib/gcc/arm-none-eabi/4.7.3/armv6-m\libgcc.a(mulsf3.o)
 .data          0x1ffff014        0x0 c:/freescale/cw mcu v10.4/cross_tools/arm-none-eabi-gcc-4_7_3/bin/../lib/gcc/arm-none-eabi/4.7.3/armv6-m\libgcc.a(subsf3.o)
 .data          0x1ffff014        0x0 c:/freescale/cw mcu v10.4/cross_tools/arm-none-eabi-gcc-4_7_3/bin/../lib/gcc/arm-none-eabi/4.7.3/armv6-m\libgcc.a(fixsfsi.o)
 .data          0x1ffff014        0x0 c:/freescale/cw mcu v10.4/cross_tools/arm-none-eabi-gcc-4_7_3/bin/../lib/gcc/arm-none-eabi/4.7.3/armv6-m\libgcc.a(floatsisf.o)
 .data          0x1ffff014        0x0 c:/freescale/cw mcu v10.4/cross_tools/arm-none-eabi-gcc-4_7_3/bin/../lib/gcc/arm-none-eabi/4.7.3/armv6-m\libgcc.a(adddf3.o)
 .data          0x1ffff014        0x0 c:/freescale/cw mcu v10.4/cross_tools/arm-none-eabi-gcc-4_7_3/bin/../lib/gcc/arm-none-eabi/4.7.3/armv6-m\libgcc.a(divdf3.o)
 .data          0x1ffff014        0x0 c:/freescale/cw mcu v10.4/cross_tools/arm-none-eabi-gcc-4_7_3/bin/../lib/gcc/arm-none-eabi/4.7.3/armv6-m\libgcc.a(eqdf2.o)
 .data          0x1ffff014        0x0 c:/freescale/cw mcu v10.4/cross_tools/arm-none-eabi-gcc-4_7_3/bin/../lib/gcc/arm-none-eabi/4.7.3/armv6-m\libgcc.a(gedf2.o)
 .data          0x1ffff014        0x0 c:/freescale/cw mcu v10.4/cross_tools/arm-none-eabi-gcc-4_7_3/bin/../lib/gcc/arm-none-eabi/4.7.3/armv6-m\libgcc.a(ledf2.o)
 .data          0x1ffff014        0x0 c:/freescale/cw mcu v10.4/cross_tools/arm-none-eabi-gcc-4_7_3/bin/../lib/gcc/arm-none-eabi/4.7.3/armv6-m\libgcc.a(muldf3.o)
 .data          0x1ffff014        0x0 c:/freescale/cw mcu v10.4/cross_tools/arm-none-eabi-gcc-4_7_3/bin/../lib/gcc/arm-none-eabi/4.7.3/armv6-m\libgcc.a(subdf3.o)
 .data          0x1ffff014        0x0 c:/freescale/cw mcu v10.4/cross_tools/arm-none-eabi-gcc-4_7_3/bin/../lib/gcc/arm-none-eabi/4.7.3/armv6-m\libgcc.a(fixdfsi.o)
 .data          0x1ffff014        0x0 c:/freescale/cw mcu v10.4/cross_tools/arm-none-eabi-gcc-4_7_3/bin/../lib/gcc/arm-none-eabi/4.7.3/armv6-m\libgcc.a(floatsidf.o)
 .data          0x1ffff014        0x0 c:/freescale/cw mcu v10.4/cross_tools/arm-none-eabi-gcc-4_7_3/bin/../lib/gcc/arm-none-eabi/4.7.3/armv6-m\libgcc.a(extendsfdf2.o)
 .data          0x1ffff014        0x0 c:/freescale/cw mcu v10.4/cross_tools/arm-none-eabi-gcc-4_7_3/bin/../lib/gcc/arm-none-eabi/4.7.3/armv6-m\libgcc.a(truncdfsf2.o)
 .data          0x1ffff014        0x0 c:/freescale/cw mcu v10.4/cross_tools/arm-none-eabi-gcc-4_7_3/bin/../lib/gcc/arm-none-eabi/4.7.3/armv6-m\libgcc.a(_clzsi2.o)
 .data          0x1ffff014        0x0 C:/Freescale/CW MCU v10.4/MCU/ARM_GCC_Support/ewl/lib/armv6-m\librt.a(gcc_ctor_dtor.o)
 .data          0x1ffff014        0x0 C:/Freescale/CW MCU v10.4/MCU/ARM_GCC_Support/ewl/lib/armv6-m\librt.a(ROMCopy.o)
 .data          0x1ffff014        0x0 C:/Freescale/CW MCU v10.4/MCU/ARM_GCC_Support/ewl/lib/armv6-m\librt.a(__arm_eabi_init.o)
 .data          0x1ffff014        0x0 C:/Freescale/CW MCU v10.4/MCU/ARM_GCC_Support/ewl/lib/armv6-m\libc.a(math_ARM.o)
 .data          0x1ffff014        0x0 c:/freescale/cw mcu v10.4/cross_tools/arm-none-eabi-gcc-4_7_3/bin/../lib/gcc/arm-none-eabi/4.7.3/armv6-m\libgcc.a(_lshrdi3.o)
 .data          0x1ffff014        0x0 c:/freescale/cw mcu v10.4/cross_tools/arm-none-eabi-gcc-4_7_3/bin/../lib/gcc/arm-none-eabi/4.7.3/armv6-m\libgcc.a(_ashldi3.o)
 *(.data*)
 .data.__extended_tiny
                0x1ffff014        0x8 C:/Freescale/CW MCU v10.4/MCU/ARM_GCC_Support/ewl/lib/armv6-m\libm.a(float.o)
                0x1ffff014                __extended_tiny
 .data.__double_epsilon
                0x1ffff01c        0x8 C:/Freescale/CW MCU v10.4/MCU/ARM_GCC_Support/ewl/lib/armv6-m\libm.a(float.o)
                0x1ffff01c                __double_epsilon
 .data.__double_nan
                0x1ffff024        0x8 C:/Freescale/CW MCU v10.4/MCU/ARM_GCC_Support/ewl/lib/armv6-m\libm.a(float.o)
                0x1ffff024                __double_nan
 .data.__double_huge
                0x1ffff02c        0x8 C:/Freescale/CW MCU v10.4/MCU/ARM_GCC_Support/ewl/lib/armv6-m\libm.a(float.o)
                0x1ffff02c                __double_huge
 .data.__float_huge
                0x1ffff034        0x4 C:/Freescale/CW MCU v10.4/MCU/ARM_GCC_Support/ewl/lib/armv6-m\libm.a(float.o)
                0x1ffff034                __float_huge
 .data.__float_min
                0x1ffff038        0x4 C:/Freescale/CW MCU v10.4/MCU/ARM_GCC_Support/ewl/lib/armv6-m\libm.a(float.o)
                0x1ffff038                __float_min
 .data.__float_max
                0x1ffff03c        0x4 C:/Freescale/CW MCU v10.4/MCU/ARM_GCC_Support/ewl/lib/armv6-m\libm.a(float.o)
                0x1ffff03c                __float_max
 .data.__float_epsilon
                0x1ffff040        0x4 C:/Freescale/CW MCU v10.4/MCU/ARM_GCC_Support/ewl/lib/armv6-m\libm.a(float.o)
                0x1ffff040                __float_epsilon
 .data.__extended_nan
                0x1ffff044        0x8 C:/Freescale/CW MCU v10.4/MCU/ARM_GCC_Support/ewl/lib/armv6-m\libm.a(float.o)
                0x1ffff044                __extended_nan
 .data.__extended_epsilon
                0x1ffff04c        0x8 C:/Freescale/CW MCU v10.4/MCU/ARM_GCC_Support/ewl/lib/armv6-m\libm.a(float.o)
                0x1ffff04c                __extended_epsilon
 .data.__extended_huge
                0x1ffff054        0x8 C:/Freescale/CW MCU v10.4/MCU/ARM_GCC_Support/ewl/lib/armv6-m\libm.a(float.o)
                0x1ffff054                __extended_huge
 .data.__double_min
                0x1ffff05c        0x8 C:/Freescale/CW MCU v10.4/MCU/ARM_GCC_Support/ewl/lib/armv6-m\libm.a(float.o)
                0x1ffff05c                __double_min
 .data.__extended_min
                0x1ffff064        0x8 C:/Freescale/CW MCU v10.4/MCU/ARM_GCC_Support/ewl/lib/armv6-m\libm.a(float.o)
                0x1ffff064                __extended_min
 .data.__double_tiny
                0x1ffff06c        0x8 C:/Freescale/CW MCU v10.4/MCU/ARM_GCC_Support/ewl/lib/armv6-m\libm.a(float.o)
                0x1ffff06c                __double_tiny
 .data.__double_max
                0x1ffff074        0x8 C:/Freescale/CW MCU v10.4/MCU/ARM_GCC_Support/ewl/lib/armv6-m\libm.a(float.o)
                0x1ffff074                __double_max
 .data.__float_nan
                0x1ffff07c        0x4 C:/Freescale/CW MCU v10.4/MCU/ARM_GCC_Support/ewl/lib/armv6-m\libm.a(float.o)
                0x1ffff07c                __float_nan
 .data.__extended_max
                0x1ffff080        0x8 C:/Freescale/CW MCU v10.4/MCU/ARM_GCC_Support/ewl/lib/armv6-m\libm.a(float.o)
                0x1ffff080                __extended_max
                0x1ffff088                . = ALIGN (0x4)
                0x1ffff088                _edata = .
                0x00000088                ___data_size = (_edata - _sdata)

.igot.plt       0x1ffff088        0x0 load address 0x0000aee8
 .igot.plt      0x00000000        0x0 ./Generated_Code/freemaster_tsa_table.o
                0x1ffff088                . = ALIGN (0x4)

.bss            0x1ffff088      0x674 load address 0x0000aee8
                0x1ffff088                __START_BSS = .
                0x1ffff088                __bss_start__ = __START_BSS
 *(.bss)
 .bss           0x1ffff088        0x0 ./Generated_Code/freemaster_tsa_table.o
 .bss           0x1ffff088        0x0 ./Generated_Code/freemaster_tsa.o
 .bss           0x1ffff088        0x0 ./Generated_Code/freemaster_sfio.o
 .bss           0x1ffff088       0x7c ./Generated_Code/freemaster_serial.o
 .bss           0x1ffff104       0x2c ./Generated_Code/freemaster_scope.o
 .bss           0x1ffff130      0x114 ./Generated_Code/freemaster_rec.o
 .bss           0x1ffff244        0x0 ./Generated_Code/freemaster_protocol.o
 .bss           0x1ffff244        0x0 ./Generated_Code/freemaster_can.o
 .bss           0x1ffff244        0x0 ./Generated_Code/freemaster_bdm.o
 .bss           0x1ffff244       0x18 ./Generated_Code/freemaster_appcmd.o
 .bss           0x1ffff25c        0x1 ./Generated_Code/freemaster_Kxx.o
 .bss           0x1ffff25d        0x0 ./Generated_Code/Vectors.o
 .bss           0x1ffff25d        0x0 ./Generated_Code/UART0.o
 *fill*         0x1ffff25d        0x3 00
 .bss           0x1ffff260        0xc ./Generated_Code/TimerIntLdd1.o
 .bss           0x1ffff26c        0x4 ./Generated_Code/TU4.o
 .bss           0x1ffff270        0xc ./Generated_Code/TU2.o
 .bss           0x1ffff27c        0x0 ./Generated_Code/TPM0.o
 .bss           0x1ffff27c        0x0 ./Generated_Code/TI1.o
 .bss           0x1ffff27c       0x1c ./Generated_Code/PE_LDD.o
                0x1ffff27c                PE_LDD_DeviceDataList
 .bss           0x1ffff298       0x18 ./Generated_Code/I2C2.o
 .bss           0x1ffff2b0        0x4 ./Generated_Code/GPIO2.o
 .bss           0x1ffff2b4        0x4 ./Generated_Code/GPIO1.o
 .bss           0x1ffff2b8        0x0 ./Generated_Code/FMSTR1.o
 .bss           0x1ffff2b8        0x1 ./Generated_Code/Cpu.o
                0x1ffff2b8                SR_lock
 *fill*         0x1ffff2b9        0x3 00
 .bss           0x1ffff2bc        0xc ./Generated_Code/AdcLdd1.o
 .bss           0x1ffff2c8        0x8 ./Generated_Code/AD1.o
 .bss           0x1ffff2d0        0x4 ./Project_Settings/Startup_Code/__arm_start.o
 .bss           0x1ffff2d4        0x0 ./Project_Settings/Startup_Code/__arm_end.o
 .bss           0x1ffff2d4        0x0 ./Sources/sa_mtb.o
 .bss           0x1ffff2d4       0x50 ./Sources/ProcessorExpert.o
                0x1ffff2d4                gui_acc_x
                0x1ffff2d8                gui_acc_y
                0x1ffff2dc                gui_acc_z
                0x1ffff2e0                gui_total_acc
                0x1ffff2e4                gui_angle
                0x1ffff2e8                gui_pid_output
                0x1ffff2ec                KP
                0x1ffff2f0                KD
                0x1ffff2f4                KI
                0x1ffff2f8                gui_gyro_x
                0x1ffff2fc                gui_gyro_y
                0x1ffff300                gui_gyro_z
                0x1ffff304                gui_k_angle
                0x1ffff308                gui_computed_angle
                0x1ffff30c                gui_motor_speed
                0x1ffff310                global_threshold
                0x1ffff314                gui_vel
                0x1ffff318                gui_old_error
                0x1ffff31c                gui_manual_velocity
                0x1ffff320                gui_filter_angle
 .bss           0x1ffff324       0x3c ./Sources/PID.o
                0x1ffff324                param
                0x1ffff338                filter_pos_motor
                0x1ffff33c                motor_hist
                0x1ffff34c                filter_pos_gyro
                0x1ffff350                gyro_hist
 .bss           0x1ffff360       0x20 ./Sources/MPU6050.o
                0x1ffff368                filter_pos
                0x1ffff36c                angle_hist
                0x1ffff37c                i
 .bss           0x1ffff380        0x0 ./Sources/Events.o
 .bss           0x1ffff380        0x0 C:/Freescale/CW MCU v10.4/MCU/ARM_GCC_Support/ewl/lib/armv6-m\libc.a(exit.o)
 .bss           0x1ffff380        0x0 C:/Freescale/CW MCU v10.4/MCU/ARM_GCC_Support/ewl/lib/armv6-m\libc.a(memset.o)
 .bss           0x1ffff380        0x0 C:/Freescale/CW MCU v10.4/MCU/ARM_GCC_Support/ewl/lib/armv6-m\libc.a(printformat_fp.o)
 .bss           0x1ffff380        0x0 C:/Freescale/CW MCU v10.4/MCU/ARM_GCC_Support/ewl/lib/armv6-m\libc.a(scanformat_fp.o)
 .bss           0x1ffff380        0x0 C:/Freescale/CW MCU v10.4/MCU/ARM_GCC_Support/ewl/lib/armv6-m\libc.a(ctype_aeabi.o)
 .bss           0x1ffff380        0x0 C:/Freescale/CW MCU v10.4/MCU/ARM_GCC_Support/ewl/lib/armv6-m\libc.a(__strtold.o)
 .bss           0x1ffff380        0x0 C:/Freescale/CW MCU v10.4/MCU/ARM_GCC_Support/ewl/lib/armv6-m\libc.a(vsscanf.o)
 .bss           0x1ffff380        0x0 C:/Freescale/CW MCU v10.4/MCU/ARM_GCC_Support/ewl/lib/armv6-m\libc.a(__strtoul.o)
 .bss           0x1ffff380        0x0 C:/Freescale/CW MCU v10.4/MCU/ARM_GCC_Support/ewl/lib/armv6-m\libc.a(__filll_mem.o)
 .bss           0x1ffff380        0x0 C:/Freescale/CW MCU v10.4/MCU/ARM_GCC_Support/ewl/lib/armv6-m\libc.a(memchr.o)
 .bss           0x1ffff380        0x0 C:/Freescale/CW MCU v10.4/MCU/ARM_GCC_Support/ewl/lib/armv6-m\libc.a(memcpy.o)
 .bss           0x1ffff380        0x0 C:/Freescale/CW MCU v10.4/MCU/ARM_GCC_Support/ewl/lib/armv6-m\libc.a(strchr.o)
 .bss           0x1ffff380        0x0 C:/Freescale/CW MCU v10.4/MCU/ARM_GCC_Support/ewl/lib/armv6-m\libc.a(strcpy.o)
 .bss           0x1ffff380        0x0 C:/Freescale/CW MCU v10.4/MCU/ARM_GCC_Support/ewl/lib/armv6-m\libc.a(strlen.o)
 .bss           0x1ffff380        0x0 C:/Freescale/CW MCU v10.4/MCU/ARM_GCC_Support/ewl/lib/armv6-m\libc.a(errno.o)
 .bss           0x1ffff380        0x0 C:/Freescale/CW MCU v10.4/MCU/ARM_GCC_Support/ewl/lib/armv6-m\libm.a(ansi_fp.o)
 .bss           0x1ffff380        0x0 C:/Freescale/CW MCU v10.4/MCU/ARM_GCC_Support/ewl/lib/armv6-m\libm.a(float.o)
 .bss           0x1ffff380        0x0 C:/Freescale/CW MCU v10.4/MCU/ARM_GCC_Support/ewl/lib/armv6-m\libm.a(math_api.o)
 .bss           0x1ffff380        0x0 C:/Freescale/CW MCU v10.4/MCU/ARM_GCC_Support/ewl/lib/armv6-m\libm.a(s_atan.o)
 .bss           0x1ffff380        0x0 C:/Freescale/CW MCU v10.4/MCU/ARM_GCC_Support/ewl/lib/armv6-m\libm.a(s_frexp.o)
 .bss           0x1ffff380        0x0 C:/Freescale/CW MCU v10.4/MCU/ARM_GCC_Support/ewl/lib/armv6-m\libm.a(w_pow.o)
 .bss           0x1ffff380        0x0 C:/Freescale/CW MCU v10.4/MCU/ARM_GCC_Support/ewl/lib/armv6-m\libm.a(w_sqrt.o)
 .bss           0x1ffff380        0x0 C:/Freescale/CW MCU v10.4/MCU/ARM_GCC_Support/ewl/lib/armv6-m\libm.a(e_pow.o)
 .bss           0x1ffff380        0x0 C:/Freescale/CW MCU v10.4/MCU/ARM_GCC_Support/ewl/lib/armv6-m\libm.a(e_sqrt.o)
 .bss           0x1ffff380        0x0 C:/Freescale/CW MCU v10.4/MCU/ARM_GCC_Support/ewl/lib/armv6-m\libm.a(scalbn.o)
 .bss           0x1ffff380        0x0 C:/Freescale/CW MCU v10.4/MCU/ARM_GCC_Support/ewl/lib/armv6-m\libm.a(s_ldexp.o)
 .bss           0x1ffff380        0x0 c:/freescale/cw mcu v10.4/cross_tools/arm-none-eabi-gcc-4_7_3/bin/../lib/gcc/arm-none-eabi/4.7.3/armv6-m\libgcc.a(_thumb1_case_sqi.o)
 .bss           0x1ffff380        0x0 c:/freescale/cw mcu v10.4/cross_tools/arm-none-eabi-gcc-4_7_3/bin/../lib/gcc/arm-none-eabi/4.7.3/armv6-m\libgcc.a(_thumb1_case_uqi.o)
 .bss           0x1ffff380        0x0 c:/freescale/cw mcu v10.4/cross_tools/arm-none-eabi-gcc-4_7_3/bin/../lib/gcc/arm-none-eabi/4.7.3/armv6-m\libgcc.a(_udivsi3.o)
 .bss           0x1ffff380        0x0 c:/freescale/cw mcu v10.4/cross_tools/arm-none-eabi-gcc-4_7_3/bin/../lib/gcc/arm-none-eabi/4.7.3/armv6-m\libgcc.a(_divsi3.o)
 .bss           0x1ffff380        0x0 c:/freescale/cw mcu v10.4/cross_tools/arm-none-eabi-gcc-4_7_3/bin/../lib/gcc/arm-none-eabi/4.7.3/armv6-m\libgcc.a(_dvmd_tls.o)
 .bss           0x1ffff380        0x0 c:/freescale/cw mcu v10.4/cross_tools/arm-none-eabi-gcc-4_7_3/bin/../lib/gcc/arm-none-eabi/4.7.3/armv6-m\libgcc.a(_arm_cmpdf2.o)
 .bss           0x1ffff380        0x0 c:/freescale/cw mcu v10.4/cross_tools/arm-none-eabi-gcc-4_7_3/bin/../lib/gcc/arm-none-eabi/4.7.3/armv6-m\libgcc.a(_arm_cmpsf2.o)
 .bss           0x1ffff380        0x0 c:/freescale/cw mcu v10.4/cross_tools/arm-none-eabi-gcc-4_7_3/bin/../lib/gcc/arm-none-eabi/4.7.3/armv6-m\libgcc.a(_fixunssfsi.o)
 .bss           0x1ffff380        0x0 c:/freescale/cw mcu v10.4/cross_tools/arm-none-eabi-gcc-4_7_3/bin/../lib/gcc/arm-none-eabi/4.7.3/armv6-m\libgcc.a(addsf3.o)
 .bss           0x1ffff380        0x0 c:/freescale/cw mcu v10.4/cross_tools/arm-none-eabi-gcc-4_7_3/bin/../lib/gcc/arm-none-eabi/4.7.3/armv6-m\libgcc.a(divsf3.o)
 .bss           0x1ffff380        0x0 c:/freescale/cw mcu v10.4/cross_tools/arm-none-eabi-gcc-4_7_3/bin/../lib/gcc/arm-none-eabi/4.7.3/armv6-m\libgcc.a(eqsf2.o)
 .bss           0x1ffff380        0x0 c:/freescale/cw mcu v10.4/cross_tools/arm-none-eabi-gcc-4_7_3/bin/../lib/gcc/arm-none-eabi/4.7.3/armv6-m\libgcc.a(gesf2.o)
 .bss           0x1ffff380        0x0 c:/freescale/cw mcu v10.4/cross_tools/arm-none-eabi-gcc-4_7_3/bin/../lib/gcc/arm-none-eabi/4.7.3/armv6-m\libgcc.a(lesf2.o)
 .bss           0x1ffff380        0x0 c:/freescale/cw mcu v10.4/cross_tools/arm-none-eabi-gcc-4_7_3/bin/../lib/gcc/arm-none-eabi/4.7.3/armv6-m\libgcc.a(mulsf3.o)
 .bss           0x1ffff380        0x0 c:/freescale/cw mcu v10.4/cross_tools/arm-none-eabi-gcc-4_7_3/bin/../lib/gcc/arm-none-eabi/4.7.3/armv6-m\libgcc.a(subsf3.o)
 .bss           0x1ffff380        0x0 c:/freescale/cw mcu v10.4/cross_tools/arm-none-eabi-gcc-4_7_3/bin/../lib/gcc/arm-none-eabi/4.7.3/armv6-m\libgcc.a(fixsfsi.o)
 .bss           0x1ffff380        0x0 c:/freescale/cw mcu v10.4/cross_tools/arm-none-eabi-gcc-4_7_3/bin/../lib/gcc/arm-none-eabi/4.7.3/armv6-m\libgcc.a(floatsisf.o)
 .bss           0x1ffff380        0x0 c:/freescale/cw mcu v10.4/cross_tools/arm-none-eabi-gcc-4_7_3/bin/../lib/gcc/arm-none-eabi/4.7.3/armv6-m\libgcc.a(adddf3.o)
 .bss           0x1ffff380        0x0 c:/freescale/cw mcu v10.4/cross_tools/arm-none-eabi-gcc-4_7_3/bin/../lib/gcc/arm-none-eabi/4.7.3/armv6-m\libgcc.a(divdf3.o)
 .bss           0x1ffff380        0x0 c:/freescale/cw mcu v10.4/cross_tools/arm-none-eabi-gcc-4_7_3/bin/../lib/gcc/arm-none-eabi/4.7.3/armv6-m\libgcc.a(eqdf2.o)
 .bss           0x1ffff380        0x0 c:/freescale/cw mcu v10.4/cross_tools/arm-none-eabi-gcc-4_7_3/bin/../lib/gcc/arm-none-eabi/4.7.3/armv6-m\libgcc.a(gedf2.o)
 .bss           0x1ffff380        0x0 c:/freescale/cw mcu v10.4/cross_tools/arm-none-eabi-gcc-4_7_3/bin/../lib/gcc/arm-none-eabi/4.7.3/armv6-m\libgcc.a(ledf2.o)
 .bss           0x1ffff380        0x0 c:/freescale/cw mcu v10.4/cross_tools/arm-none-eabi-gcc-4_7_3/bin/../lib/gcc/arm-none-eabi/4.7.3/armv6-m\libgcc.a(muldf3.o)
 .bss           0x1ffff380        0x0 c:/freescale/cw mcu v10.4/cross_tools/arm-none-eabi-gcc-4_7_3/bin/../lib/gcc/arm-none-eabi/4.7.3/armv6-m\libgcc.a(subdf3.o)
 .bss           0x1ffff380        0x0 c:/freescale/cw mcu v10.4/cross_tools/arm-none-eabi-gcc-4_7_3/bin/../lib/gcc/arm-none-eabi/4.7.3/armv6-m\libgcc.a(fixdfsi.o)
 .bss           0x1ffff380        0x0 c:/freescale/cw mcu v10.4/cross_tools/arm-none-eabi-gcc-4_7_3/bin/../lib/gcc/arm-none-eabi/4.7.3/armv6-m\libgcc.a(floatsidf.o)
 .bss           0x1ffff380        0x0 c:/freescale/cw mcu v10.4/cross_tools/arm-none-eabi-gcc-4_7_3/bin/../lib/gcc/arm-none-eabi/4.7.3/armv6-m\libgcc.a(extendsfdf2.o)
 .bss           0x1ffff380        0x0 c:/freescale/cw mcu v10.4/cross_tools/arm-none-eabi-gcc-4_7_3/bin/../lib/gcc/arm-none-eabi/4.7.3/armv6-m\libgcc.a(truncdfsf2.o)
 .bss           0x1ffff380        0x0 c:/freescale/cw mcu v10.4/cross_tools/arm-none-eabi-gcc-4_7_3/bin/../lib/gcc/arm-none-eabi/4.7.3/armv6-m\libgcc.a(_clzsi2.o)
 .bss           0x1ffff380        0x0 C:/Freescale/CW MCU v10.4/MCU/ARM_GCC_Support/ewl/lib/armv6-m\librt.a(gcc_ctor_dtor.o)
 .bss           0x1ffff380        0x0 C:/Freescale/CW MCU v10.4/MCU/ARM_GCC_Support/ewl/lib/armv6-m\librt.a(ROMCopy.o)
 .bss           0x1ffff380        0x0 C:/Freescale/CW MCU v10.4/MCU/ARM_GCC_Support/ewl/lib/armv6-m\librt.a(__arm_eabi_init.o)
 .bss           0x1ffff380        0x0 C:/Freescale/CW MCU v10.4/MCU/ARM_GCC_Support/ewl/lib/armv6-m\libc.a(math_ARM.o)
 .bss           0x1ffff380        0x0 c:/freescale/cw mcu v10.4/cross_tools/arm-none-eabi-gcc-4_7_3/bin/../lib/gcc/arm-none-eabi/4.7.3/armv6-m\libgcc.a(_lshrdi3.o)
 .bss           0x1ffff380        0x0 c:/freescale/cw mcu v10.4/cross_tools/arm-none-eabi-gcc-4_7_3/bin/../lib/gcc/arm-none-eabi/4.7.3/armv6-m\libgcc.a(_ashldi3.o)
 *(.bss*)
 .bss.__stdio_exit
                0x1ffff380        0x4 C:/Freescale/CW MCU v10.4/MCU/ARM_GCC_Support/ewl/lib/armv6-m\libc.a(exit.o)
                0x1ffff380                __stdio_exit
 .bss.__console_exit
                0x1ffff384        0x4 C:/Freescale/CW MCU v10.4/MCU/ARM_GCC_Support/ewl/lib/armv6-m\libc.a(exit.o)
                0x1ffff384                __console_exit
 .bss.__dso_handle
                0x1ffff388        0x4 C:/Freescale/CW MCU v10.4/MCU/ARM_GCC_Support/ewl/lib/armv6-m\librt.a(gcc_ctor_dtor.o)
                0x1ffff388                __dso_handle
 .bss.__S_romp  0x1ffff38c        0xc C:/Freescale/CW MCU v10.4/MCU/ARM_GCC_Support/ewl/lib/armv6-m\librt.a(ROMCopy.o)
 .bss.atexit_curr_func
                0x1ffff398        0x4 C:/Freescale/CW MCU v10.4/MCU/ARM_GCC_Support/ewl/lib/armv6-m\librt.a(__arm_eabi_init.o)
 .bss.atexit_funcs
                0x1ffff39c      0x300 C:/Freescale/CW MCU v10.4/MCU/ARM_GCC_Support/ewl/lib/armv6-m\librt.a(__arm_eabi_init.o)
 .bss.__global_destructor_chain
                0x1ffff69c        0x4 C:/Freescale/CW MCU v10.4/MCU/ARM_GCC_Support/ewl/lib/armv6-m\librt.a(__arm_eabi_init.o)
                0x1ffff69c                __global_destructor_chain
 *(COMMON)
 COMMON         0x1ffff6a0       0x48 ./Generated_Code/freemaster_rec.o
                0x1ffff6a0                pcm_pRecVarAddr
                0x1ffff6c0                pcm_wRecBuffStartIx
                0x1ffff6c4                pcm_dwRecEndBuffPtr
                0x1ffff6c8                pcm_pRecVarSize
                0x1ffff6d0                pcm_wRecTotalSmps
                0x1ffff6d2                pcm_nRecVarCount
                0x1ffff6d4                pcm_wRecTimeDivCtr
                0x1ffff6d6                pcm_wStoprecCountDown
                0x1ffff6d8                pcm_nRecTriggerMode
                0x1ffff6dc                pcm_wRecFlags
                0x1ffff6e0                pcm_wRecTimeDiv
                0x1ffff6e2                pcm_wRecPostTrigger
                0x1ffff6e4                pcm_dwRecWritePtr
 COMMON         0x1ffff6e8        0x1 ./Generated_Code/Cpu.o
                0x1ffff6e8                SR_reg
 *fill*         0x1ffff6e9        0x3 00
 COMMON         0x1ffff6ec        0x8 ./Generated_Code/AD1.o
                0x1ffff6ec                AD1_OutV
                0x1ffff6f0                AdcLdd1_DeviceDataPtr
 COMMON         0x1ffff6f4        0x1 ./Sources/Events.o
                0x1ffff6f4                global_val
 *fill*         0x1ffff6f5        0x3 00
 COMMON         0x1ffff6f8        0x4 C:/Freescale/CW MCU v10.4/MCU/ARM_GCC_Support/ewl/lib/armv6-m\libc.a(errno.o)
                0x1ffff6f8                errno
                0x1ffff6fc                . = ALIGN (0x4)
                0x1ffff6fc                __END_BSS = .
                0x1ffff6fc                __bss_end__ = __END_BSS

._user_heap_stack
                0x1ffff6fc      0x400 load address 0x0000b55c
                0x1ffff6fc                . = ALIGN (0x4)
                0x1ffff6fc                PROVIDE (end, .)
                0x1ffff6fc                PROVIDE (_end, .)
                0x1ffff6fc                __heap_addr = .
                0x1ffff6fc                . = (. + __heap_size)
                0x1ffffafc                . = (. + __stack_size)
 *fill*         0x1ffff6fc      0x400 00
                0x1ffffafc                . = ALIGN (0x4)
                0x0000aee8                _romp_at = (___ROM_AT + SIZEOF (.data))

.romp           0x1ffffafc       0x18 load address 0x0000aee8
                0x0000aee8                __S_romp = _romp_at
                0x1ffffafc        0x4 LONG 0xae60 ___ROM_AT
                0x1ffffb00        0x4 LONG 0x1ffff000 _sdata
                0x1ffffb04        0x4 LONG 0x88 ___data_size
                0x1ffffb08        0x4 LONG 0x0
                0x1ffffb0c        0x4 LONG 0x0
                0x1ffffb10        0x4 LONG 0x0

.ARM.attributes
                0x00000000       0x31
 *(.ARM.attributes)
 .ARM.attributes
                0x00000000       0x31 ./Generated_Code/freemaster_tsa_table.o
 .ARM.attributes
                0x00000031       0x31 ./Generated_Code/freemaster_tsa.o
 .ARM.attributes
                0x00000062       0x31 ./Generated_Code/freemaster_sfio.o
 .ARM.attributes
                0x00000093       0x31 ./Generated_Code/freemaster_serial.o
 .ARM.attributes
                0x000000c4       0x31 ./Generated_Code/freemaster_scope.o
 .ARM.attributes
                0x000000f5       0x31 ./Generated_Code/freemaster_rec.o
 .ARM.attributes
                0x00000126       0x31 ./Generated_Code/freemaster_protocol.o
 .ARM.attributes
                0x00000157       0x31 ./Generated_Code/freemaster_can.o
 .ARM.attributes
                0x00000188       0x31 ./Generated_Code/freemaster_bdm.o
 .ARM.attributes
                0x000001b9       0x31 ./Generated_Code/freemaster_appcmd.o
 .ARM.attributes
                0x000001ea       0x31 ./Generated_Code/freemaster_Kxx.o
 .ARM.attributes
                0x0000021b       0x31 ./Generated_Code/Vectors.o
 .ARM.attributes
                0x0000024c       0x31 ./Generated_Code/UART0.o
 .ARM.attributes
                0x0000027d       0x31 ./Generated_Code/TimerIntLdd1.o
 .ARM.attributes
                0x000002ae       0x31 ./Generated_Code/TU4.o
 .ARM.attributes
                0x000002df       0x31 ./Generated_Code/TU2.o
 .ARM.attributes
                0x00000310       0x31 ./Generated_Code/TPM0.o
 .ARM.attributes
                0x00000341       0x31 ./Generated_Code/TI1.o
 .ARM.attributes
                0x00000372       0x31 ./Generated_Code/PE_LDD.o
 .ARM.attributes
                0x000003a3       0x31 ./Generated_Code/I2C2.o
 .ARM.attributes
                0x000003d4       0x31 ./Generated_Code/GPIO2.o
 .ARM.attributes
                0x00000405       0x31 ./Generated_Code/GPIO1.o
 .ARM.attributes
                0x00000436       0x31 ./Generated_Code/FMSTR1.o
 .ARM.attributes
                0x00000467       0x31 ./Generated_Code/Cpu.o
 .ARM.attributes
                0x00000498       0x31 ./Generated_Code/AdcLdd1.o
 .ARM.attributes
                0x000004c9       0x31 ./Generated_Code/AD1.o
 .ARM.attributes
                0x000004fa       0x31 ./Project_Settings/Startup_Code/__arm_start.o
 .ARM.attributes
                0x0000052b       0x31 ./Project_Settings/Startup_Code/__arm_end.o
 .ARM.attributes
                0x0000055c       0x31 ./Sources/sa_mtb.o
 .ARM.attributes
                0x0000058d       0x31 ./Sources/ProcessorExpert.o
 .ARM.attributes
                0x000005be       0x31 ./Sources/PID.o
 .ARM.attributes
                0x000005ef       0x31 ./Sources/MPU6050.o
 .ARM.attributes
                0x00000620       0x31 ./Sources/Events.o
 .ARM.attributes
                0x00000651       0x31 C:/Freescale/CW MCU v10.4/MCU/ARM_GCC_Support/ewl/lib/armv6-m\libc.a(exit.o)
 .ARM.attributes
                0x00000682       0x31 C:/Freescale/CW MCU v10.4/MCU/ARM_GCC_Support/ewl/lib/armv6-m\libc.a(memset.o)
 .ARM.attributes
                0x000006b3       0x31 C:/Freescale/CW MCU v10.4/MCU/ARM_GCC_Support/ewl/lib/armv6-m\libc.a(printformat_fp.o)
 .ARM.attributes
                0x000006e4       0x31 C:/Freescale/CW MCU v10.4/MCU/ARM_GCC_Support/ewl/lib/armv6-m\libc.a(scanformat_fp.o)
 .ARM.attributes
                0x00000715       0x31 C:/Freescale/CW MCU v10.4/MCU/ARM_GCC_Support/ewl/lib/armv6-m\libc.a(ctype_aeabi.o)
 .ARM.attributes
                0x00000746       0x31 C:/Freescale/CW MCU v10.4/MCU/ARM_GCC_Support/ewl/lib/armv6-m\libc.a(__strtold.o)
 .ARM.attributes
                0x00000777       0x31 C:/Freescale/CW MCU v10.4/MCU/ARM_GCC_Support/ewl/lib/armv6-m\libc.a(vsscanf.o)
 .ARM.attributes
                0x000007a8       0x31 C:/Freescale/CW MCU v10.4/MCU/ARM_GCC_Support/ewl/lib/armv6-m\libc.a(__strtoul.o)
 .ARM.attributes
                0x000007d9       0x31 C:/Freescale/CW MCU v10.4/MCU/ARM_GCC_Support/ewl/lib/armv6-m\libc.a(__filll_mem.o)
 .ARM.attributes
                0x0000080a       0x31 C:/Freescale/CW MCU v10.4/MCU/ARM_GCC_Support/ewl/lib/armv6-m\libc.a(memchr.o)
 .ARM.attributes
                0x0000083b       0x31 C:/Freescale/CW MCU v10.4/MCU/ARM_GCC_Support/ewl/lib/armv6-m\libc.a(memcpy.o)
 .ARM.attributes
                0x0000086c       0x31 C:/Freescale/CW MCU v10.4/MCU/ARM_GCC_Support/ewl/lib/armv6-m\libc.a(strchr.o)
 .ARM.attributes
                0x0000089d       0x31 C:/Freescale/CW MCU v10.4/MCU/ARM_GCC_Support/ewl/lib/armv6-m\libc.a(strcpy.o)
 .ARM.attributes
                0x000008ce       0x31 C:/Freescale/CW MCU v10.4/MCU/ARM_GCC_Support/ewl/lib/armv6-m\libc.a(strlen.o)
 .ARM.attributes
                0x000008ff       0x31 C:/Freescale/CW MCU v10.4/MCU/ARM_GCC_Support/ewl/lib/armv6-m\libc.a(errno.o)
 .ARM.attributes
                0x00000930       0x31 C:/Freescale/CW MCU v10.4/MCU/ARM_GCC_Support/ewl/lib/armv6-m\libm.a(ansi_fp.o)
 .ARM.attributes
                0x00000961       0x31 C:/Freescale/CW MCU v10.4/MCU/ARM_GCC_Support/ewl/lib/armv6-m\libm.a(float.o)
 .ARM.attributes
                0x00000992       0x31 C:/Freescale/CW MCU v10.4/MCU/ARM_GCC_Support/ewl/lib/armv6-m\libm.a(math_api.o)
 .ARM.attributes
                0x000009c3       0x31 C:/Freescale/CW MCU v10.4/MCU/ARM_GCC_Support/ewl/lib/armv6-m\libm.a(s_atan.o)
 .ARM.attributes
                0x000009f4       0x31 C:/Freescale/CW MCU v10.4/MCU/ARM_GCC_Support/ewl/lib/armv6-m\libm.a(s_frexp.o)
 .ARM.attributes
                0x00000a25       0x31 C:/Freescale/CW MCU v10.4/MCU/ARM_GCC_Support/ewl/lib/armv6-m\libm.a(w_pow.o)
 .ARM.attributes
                0x00000a56       0x31 C:/Freescale/CW MCU v10.4/MCU/ARM_GCC_Support/ewl/lib/armv6-m\libm.a(w_sqrt.o)
 .ARM.attributes
                0x00000a87       0x31 C:/Freescale/CW MCU v10.4/MCU/ARM_GCC_Support/ewl/lib/armv6-m\libm.a(e_pow.o)
 .ARM.attributes
                0x00000ab8       0x31 C:/Freescale/CW MCU v10.4/MCU/ARM_GCC_Support/ewl/lib/armv6-m\libm.a(e_sqrt.o)
 .ARM.attributes
                0x00000ae9       0x31 C:/Freescale/CW MCU v10.4/MCU/ARM_GCC_Support/ewl/lib/armv6-m\libm.a(scalbn.o)
 .ARM.attributes
                0x00000b1a       0x31 C:/Freescale/CW MCU v10.4/MCU/ARM_GCC_Support/ewl/lib/armv6-m\libm.a(s_ldexp.o)
 .ARM.attributes
                0x00000b4b       0x1e c:/freescale/cw mcu v10.4/cross_tools/arm-none-eabi-gcc-4_7_3/bin/../lib/gcc/arm-none-eabi/4.7.3/armv6-m\libgcc.a(_thumb1_case_sqi.o)
 .ARM.attributes
                0x00000b69       0x1e c:/freescale/cw mcu v10.4/cross_tools/arm-none-eabi-gcc-4_7_3/bin/../lib/gcc/arm-none-eabi/4.7.3/armv6-m\libgcc.a(_thumb1_case_uqi.o)
 .ARM.attributes
                0x00000b87       0x1e c:/freescale/cw mcu v10.4/cross_tools/arm-none-eabi-gcc-4_7_3/bin/../lib/gcc/arm-none-eabi/4.7.3/armv6-m\libgcc.a(_udivsi3.o)
 .ARM.attributes
                0x00000ba5       0x1e c:/freescale/cw mcu v10.4/cross_tools/arm-none-eabi-gcc-4_7_3/bin/../lib/gcc/arm-none-eabi/4.7.3/armv6-m\libgcc.a(_divsi3.o)
 .ARM.attributes
                0x00000bc3       0x1e c:/freescale/cw mcu v10.4/cross_tools/arm-none-eabi-gcc-4_7_3/bin/../lib/gcc/arm-none-eabi/4.7.3/armv6-m\libgcc.a(_dvmd_tls.o)
 .ARM.attributes
                0x00000be1       0x1e c:/freescale/cw mcu v10.4/cross_tools/arm-none-eabi-gcc-4_7_3/bin/../lib/gcc/arm-none-eabi/4.7.3/armv6-m\libgcc.a(_arm_cmpdf2.o)
 .ARM.attributes
                0x00000bff       0x1e c:/freescale/cw mcu v10.4/cross_tools/arm-none-eabi-gcc-4_7_3/bin/../lib/gcc/arm-none-eabi/4.7.3/armv6-m\libgcc.a(_arm_cmpsf2.o)
 .ARM.attributes
                0x00000c1d       0x2c c:/freescale/cw mcu v10.4/cross_tools/arm-none-eabi-gcc-4_7_3/bin/../lib/gcc/arm-none-eabi/4.7.3/armv6-m\libgcc.a(_fixunssfsi.o)
 .ARM.attributes
                0x00000c49       0x2c c:/freescale/cw mcu v10.4/cross_tools/arm-none-eabi-gcc-4_7_3/bin/../lib/gcc/arm-none-eabi/4.7.3/armv6-m\libgcc.a(addsf3.o)
 .ARM.attributes
                0x00000c75       0x2c c:/freescale/cw mcu v10.4/cross_tools/arm-none-eabi-gcc-4_7_3/bin/../lib/gcc/arm-none-eabi/4.7.3/armv6-m\libgcc.a(divsf3.o)
 .ARM.attributes
                0x00000ca1       0x2c c:/freescale/cw mcu v10.4/cross_tools/arm-none-eabi-gcc-4_7_3/bin/../lib/gcc/arm-none-eabi/4.7.3/armv6-m\libgcc.a(eqsf2.o)
 .ARM.attributes
                0x00000ccd       0x2c c:/freescale/cw mcu v10.4/cross_tools/arm-none-eabi-gcc-4_7_3/bin/../lib/gcc/arm-none-eabi/4.7.3/armv6-m\libgcc.a(gesf2.o)
 .ARM.attributes
                0x00000cf9       0x2c c:/freescale/cw mcu v10.4/cross_tools/arm-none-eabi-gcc-4_7_3/bin/../lib/gcc/arm-none-eabi/4.7.3/armv6-m\libgcc.a(lesf2.o)
 .ARM.attributes
                0x00000d25       0x2c c:/freescale/cw mcu v10.4/cross_tools/arm-none-eabi-gcc-4_7_3/bin/../lib/gcc/arm-none-eabi/4.7.3/armv6-m\libgcc.a(mulsf3.o)
 .ARM.attributes
                0x00000d51       0x2c c:/freescale/cw mcu v10.4/cross_tools/arm-none-eabi-gcc-4_7_3/bin/../lib/gcc/arm-none-eabi/4.7.3/armv6-m\libgcc.a(subsf3.o)
 .ARM.attributes
                0x00000d7d       0x2c c:/freescale/cw mcu v10.4/cross_tools/arm-none-eabi-gcc-4_7_3/bin/../lib/gcc/arm-none-eabi/4.7.3/armv6-m\libgcc.a(fixsfsi.o)
 .ARM.attributes
                0x00000da9       0x2c c:/freescale/cw mcu v10.4/cross_tools/arm-none-eabi-gcc-4_7_3/bin/../lib/gcc/arm-none-eabi/4.7.3/armv6-m\libgcc.a(floatsisf.o)
 .ARM.attributes
                0x00000dd5       0x2c c:/freescale/cw mcu v10.4/cross_tools/arm-none-eabi-gcc-4_7_3/bin/../lib/gcc/arm-none-eabi/4.7.3/armv6-m\libgcc.a(adddf3.o)
 .ARM.attributes
                0x00000e01       0x2c c:/freescale/cw mcu v10.4/cross_tools/arm-none-eabi-gcc-4_7_3/bin/../lib/gcc/arm-none-eabi/4.7.3/armv6-m\libgcc.a(divdf3.o)
 .ARM.attributes
                0x00000e2d       0x2c c:/freescale/cw mcu v10.4/cross_tools/arm-none-eabi-gcc-4_7_3/bin/../lib/gcc/arm-none-eabi/4.7.3/armv6-m\libgcc.a(eqdf2.o)
 .ARM.attributes
                0x00000e59       0x2c c:/freescale/cw mcu v10.4/cross_tools/arm-none-eabi-gcc-4_7_3/bin/../lib/gcc/arm-none-eabi/4.7.3/armv6-m\libgcc.a(gedf2.o)
 .ARM.attributes
                0x00000e85       0x2c c:/freescale/cw mcu v10.4/cross_tools/arm-none-eabi-gcc-4_7_3/bin/../lib/gcc/arm-none-eabi/4.7.3/armv6-m\libgcc.a(ledf2.o)
 .ARM.attributes
                0x00000eb1       0x2c c:/freescale/cw mcu v10.4/cross_tools/arm-none-eabi-gcc-4_7_3/bin/../lib/gcc/arm-none-eabi/4.7.3/armv6-m\libgcc.a(muldf3.o)
 .ARM.attributes
                0x00000edd       0x2c c:/freescale/cw mcu v10.4/cross_tools/arm-none-eabi-gcc-4_7_3/bin/../lib/gcc/arm-none-eabi/4.7.3/armv6-m\libgcc.a(subdf3.o)
 .ARM.attributes
                0x00000f09       0x2c c:/freescale/cw mcu v10.4/cross_tools/arm-none-eabi-gcc-4_7_3/bin/../lib/gcc/arm-none-eabi/4.7.3/armv6-m\libgcc.a(fixdfsi.o)
 .ARM.attributes
                0x00000f35       0x2c c:/freescale/cw mcu v10.4/cross_tools/arm-none-eabi-gcc-4_7_3/bin/../lib/gcc/arm-none-eabi/4.7.3/armv6-m\libgcc.a(floatsidf.o)
 .ARM.attributes
                0x00000f61       0x2c c:/freescale/cw mcu v10.4/cross_tools/arm-none-eabi-gcc-4_7_3/bin/../lib/gcc/arm-none-eabi/4.7.3/armv6-m\libgcc.a(extendsfdf2.o)
 .ARM.attributes
                0x00000f8d       0x2c c:/freescale/cw mcu v10.4/cross_tools/arm-none-eabi-gcc-4_7_3/bin/../lib/gcc/arm-none-eabi/4.7.3/armv6-m\libgcc.a(truncdfsf2.o)
 .ARM.attributes
                0x00000fb9       0x1e c:/freescale/cw mcu v10.4/cross_tools/arm-none-eabi-gcc-4_7_3/bin/../lib/gcc/arm-none-eabi/4.7.3/armv6-m\libgcc.a(_clzsi2.o)
 .ARM.attributes
                0x00000fd7       0x31 C:/Freescale/CW MCU v10.4/MCU/ARM_GCC_Support/ewl/lib/armv6-m\librt.a(gcc_ctor_dtor.o)
 .ARM.attributes
                0x00001008       0x31 C:/Freescale/CW MCU v10.4/MCU/ARM_GCC_Support/ewl/lib/armv6-m\librt.a(ROMCopy.o)
 .ARM.attributes
                0x00001039       0x31 C:/Freescale/CW MCU v10.4/MCU/ARM_GCC_Support/ewl/lib/armv6-m\librt.a(__arm_eabi_init.o)
 .ARM.attributes
                0x0000106a       0x31 C:/Freescale/CW MCU v10.4/MCU/ARM_GCC_Support/ewl/lib/armv6-m\libc.a(math_ARM.o)
 .ARM.attributes
                0x0000109b       0x1e c:/freescale/cw mcu v10.4/cross_tools/arm-none-eabi-gcc-4_7_3/bin/../lib/gcc/arm-none-eabi/4.7.3/armv6-m\libgcc.a(_lshrdi3.o)
 .ARM.attributes
                0x000010b9       0x1e c:/freescale/cw mcu v10.4/cross_tools/arm-none-eabi-gcc-4_7_3/bin/../lib/gcc/arm-none-eabi/4.7.3/armv6-m\libgcc.a(_ashldi3.o)
OUTPUT(CUBalance.elf elf32-littlearm)

.debug_info     0x00000000     0xb266
 .debug_info    0x00000000      0x1c5 ./Generated_Code/freemaster_tsa_table.o
 .debug_info    0x000001c5       0x53 ./Generated_Code/freemaster_tsa.o
 .debug_info    0x00000218       0x53 ./Generated_Code/freemaster_sfio.o
 .debug_info    0x0000026b      0x466 ./Generated_Code/freemaster_serial.o
 .debug_info    0x000006d1      0x195 ./Generated_Code/freemaster_scope.o
 .debug_info    0x00000866      0x6d7 ./Generated_Code/freemaster_rec.o
 .debug_info    0x00000f3d      0x433 ./Generated_Code/freemaster_protocol.o
 .debug_info    0x00001370       0x53 ./Generated_Code/freemaster_can.o
 .debug_info    0x000013c3       0x53 ./Generated_Code/freemaster_bdm.o
 .debug_info    0x00001416      0x3cb ./Generated_Code/freemaster_appcmd.o
 .debug_info    0x000017e1      0x427 ./Generated_Code/freemaster_Kxx.o
 .debug_info    0x00001c08      0x104 ./Generated_Code/Vectors.o
 .debug_info    0x00001d0c      0x39d ./Generated_Code/UART0.o
 .debug_info    0x000020a9      0x180 ./Generated_Code/TimerIntLdd1.o
 .debug_info    0x00002229      0x4ed ./Generated_Code/TU4.o
 .debug_info    0x00002716      0x4f4 ./Generated_Code/TU2.o
 .debug_info    0x00002c0a      0x3c2 ./Generated_Code/TPM0.o
 .debug_info    0x00002fcc       0xaf ./Generated_Code/TI1.o
 .debug_info    0x0000307b      0x256 ./Generated_Code/PE_LDD.o
 .debug_info    0x000032d1      0x7bf ./Generated_Code/I2C2.o
 .debug_info    0x00003a90      0x43f ./Generated_Code/GPIO2.o
 .debug_info    0x00003ecf      0x43f ./Generated_Code/GPIO1.o
 .debug_info    0x0000430e       0x76 ./Generated_Code/FMSTR1.o
 .debug_info    0x00004384      0xc50 ./Generated_Code/Cpu.o
 .debug_info    0x00004fd4      0x945 ./Generated_Code/AdcLdd1.o
 .debug_info    0x00005919      0x243 ./Generated_Code/AD1.o
 .debug_info    0x00005b5c      0x132 ./Project_Settings/Startup_Code/__arm_start.o
 .debug_info    0x00005c8e       0x5c ./Project_Settings/Startup_Code/__arm_end.o
 .debug_info    0x00005cea       0x21 ./Sources/sa_mtb.o
 .debug_info    0x00005d0b      0x236 ./Sources/ProcessorExpert.o
 .debug_info    0x00005f41      0x4d9 ./Sources/PID.o
 .debug_info    0x0000641a      0x491 ./Sources/MPU6050.o
 .debug_info    0x000068ab      0x1fd ./Sources/Events.o
 .debug_info    0x00006aa8       0xe8 C:/Freescale/CW MCU v10.4/MCU/ARM_GCC_Support/ewl/lib/armv6-m\libc.a(exit.o)
 .debug_info    0x00006b90       0xec C:/Freescale/CW MCU v10.4/MCU/ARM_GCC_Support/ewl/lib/armv6-m\libc.a(memset.o)
 .debug_info    0x00006c7c      0x764 C:/Freescale/CW MCU v10.4/MCU/ARM_GCC_Support/ewl/lib/armv6-m\libc.a(printformat_fp.o)
 .debug_info    0x000073e0      0x5c9 C:/Freescale/CW MCU v10.4/MCU/ARM_GCC_Support/ewl/lib/armv6-m\libc.a(scanformat_fp.o)
 .debug_info    0x000079a9      0x313 C:/Freescale/CW MCU v10.4/MCU/ARM_GCC_Support/ewl/lib/armv6-m\libc.a(ctype_aeabi.o)