Archive member included because of file (symbol)

C:/Freescale/CW MCU v10.4/MCU/ARM_GCC_Support/ewl/lib/armv6-m\libc.a(exit.o)
                              ./Project_Settings/Startup_Code/__arm_start.o (exit)
C:/Freescale/CW MCU v10.4/MCU/ARM_GCC_Support/ewl/lib/armv6-m\libc.a(memset.o)
                              ./Project_Settings/Startup_Code/__arm_start.o (memset)
C:/Freescale/CW MCU v10.4/MCU/ARM_GCC_Support/ewl/lib/armv6-m\libc.a(printformat_fp.o)
                              (__pformatterFP)
C:/Freescale/CW MCU v10.4/MCU/ARM_GCC_Support/ewl/lib/armv6-m\libc.a(scanformat_fp.o)
                              (__sformatter_FP)
C:/Freescale/CW MCU v10.4/MCU/ARM_GCC_Support/ewl/lib/armv6-m\libc.a(ctype_aeabi.o)
                              C:/Freescale/CW MCU v10.4/MCU/ARM_GCC_Support/ewl/lib/armv6-m\libc.a(scanformat_fp.o) (isspace)
C:/Freescale/CW MCU v10.4/MCU/ARM_GCC_Support/ewl/lib/armv6-m\libc.a(__strtold.o)
                              C:/Freescale/CW MCU v10.4/MCU/ARM_GCC_Support/ewl/lib/armv6-m\libc.a(scanformat_fp.o) (__strtold)
C:/Freescale/CW MCU v10.4/MCU/ARM_GCC_Support/ewl/lib/armv6-m\libc.a(vsscanf.o)
                              C:/Freescale/CW MCU v10.4/MCU/ARM_GCC_Support/ewl/lib/armv6-m\libc.a(__strtold.o) (__StringRead)
C:/Freescale/CW MCU v10.4/MCU/ARM_GCC_Support/ewl/lib/armv6-m\libc.a(__strtoul.o)
                              C:/Freescale/CW MCU v10.4/MCU/ARM_GCC_Support/ewl/lib/armv6-m\libc.a(scanformat_fp.o) (__strtoul)
C:/Freescale/CW MCU v10.4/MCU/ARM_GCC_Support/ewl/lib/armv6-m\libc.a(__filll_mem.o)
                              C:/Freescale/CW MCU v10.4/MCU/ARM_GCC_Support/ewl/lib/armv6-m\libc.a(memset.o) (__fill_mem)
C:/Freescale/CW MCU v10.4/MCU/ARM_GCC_Support/ewl/lib/armv6-m\libc.a(memchr.o)
                              C:/Freescale/CW MCU v10.4/MCU/ARM_GCC_Support/ewl/lib/armv6-m\libc.a(printformat_fp.o) (memchr)
C:/Freescale/CW MCU v10.4/MCU/ARM_GCC_Support/ewl/lib/armv6-m\libc.a(memcpy.o)
                              C:/Freescale/CW MCU v10.4/MCU/ARM_GCC_Support/ewl/lib/armv6-m\libc.a(scanformat_fp.o) (memcpy)
C:/Freescale/CW MCU v10.4/MCU/ARM_GCC_Support/ewl/lib/armv6-m\libc.a(strchr.o)
                              C:/Freescale/CW MCU v10.4/MCU/ARM_GCC_Support/ewl/lib/armv6-m\libc.a(printformat_fp.o) (strchr)
C:/Freescale/CW MCU v10.4/MCU/ARM_GCC_Support/ewl/lib/armv6-m\libc.a(strcpy.o)
                              C:/Freescale/CW MCU v10.4/MCU/ARM_GCC_Support/ewl/lib/armv6-m\libc.a(printformat_fp.o) (strcpy)
C:/Freescale/CW MCU v10.4/MCU/ARM_GCC_Support/ewl/lib/armv6-m\libc.a(strlen.o)
                              C:/Freescale/CW MCU v10.4/MCU/ARM_GCC_Support/ewl/lib/armv6-m\libc.a(printformat_fp.o) (strlen)
C:/Freescale/CW MCU v10.4/MCU/ARM_GCC_Support/ewl/lib/armv6-m\libc.a(errno.o)
                              C:/Freescale/CW MCU v10.4/MCU/ARM_GCC_Support/ewl/lib/armv6-m\libc.a(__strtold.o) (errno)
C:/Freescale/CW MCU v10.4/MCU/ARM_GCC_Support/ewl/lib/armv6-m\libm.a(ansi_fp.o)
                              C:/Freescale/CW MCU v10.4/MCU/ARM_GCC_Support/ewl/lib/armv6-m\libc.a(printformat_fp.o) (__num2dec)
C:/Freescale/CW MCU v10.4/MCU/ARM_GCC_Support/ewl/lib/armv6-m\libm.a(float.o)
                              C:/Freescale/CW MCU v10.4/MCU/ARM_GCC_Support/ewl/lib/armv6-m\libc.a(__strtold.o) (__extended_max)
C:/Freescale/CW MCU v10.4/MCU/ARM_GCC_Support/ewl/lib/armv6-m\libm.a(math_api.o)
                              C:/Freescale/CW MCU v10.4/MCU/ARM_GCC_Support/ewl/lib/armv6-m\libm.a(ansi_fp.o) (__signbitd)
C:/Freescale/CW MCU v10.4/MCU/ARM_GCC_Support/ewl/lib/armv6-m\libm.a(s_atan.o)
                              ./Sources/MPU6050.o (atan)
C:/Freescale/CW MCU v10.4/MCU/ARM_GCC_Support/ewl/lib/armv6-m\libm.a(s_frexp.o)
                              C:/Freescale/CW MCU v10.4/MCU/ARM_GCC_Support/ewl/lib/armv6-m\libm.a(ansi_fp.o) (frexp)
C:/Freescale/CW MCU v10.4/MCU/ARM_GCC_Support/ewl/lib/armv6-m\libm.a(w_pow.o)
                              ./Sources/MPU6050.o (pow)
C:/Freescale/CW MCU v10.4/MCU/ARM_GCC_Support/ewl/lib/armv6-m\libm.a(w_sqrt.o)
                              ./Sources/MPU6050.o (sqrt)
C:/Freescale/CW MCU v10.4/MCU/ARM_GCC_Support/ewl/lib/armv6-m\libm.a(e_pow.o)
                              C:/Freescale/CW MCU v10.4/MCU/ARM_GCC_Support/ewl/lib/armv6-m\libm.a(w_pow.o) (__ieee754_pow)
C:/Freescale/CW MCU v10.4/MCU/ARM_GCC_Support/ewl/lib/armv6-m\libm.a(e_sqrt.o)
                              C:/Freescale/CW MCU v10.4/MCU/ARM_GCC_Support/ewl/lib/armv6-m\libm.a(w_sqrt.o) (__ieee754_sqrt)
C:/Freescale/CW MCU v10.4/MCU/ARM_GCC_Support/ewl/lib/armv6-m\libm.a(scalbn.o)
                              C:/Freescale/CW MCU v10.4/MCU/ARM_GCC_Support/ewl/lib/armv6-m\libm.a(e_pow.o) (scalbn)
C:/Freescale/CW MCU v10.4/MCU/ARM_GCC_Support/ewl/lib/armv6-m\libm.a(s_ldexp.o)
                              C:/Freescale/CW MCU v10.4/MCU/ARM_GCC_Support/ewl/lib/armv6-m\libm.a(scalbn.o) (ldexp)
[...]
Memory Configuration

Name             Origin             Length             Attributes
m_interrupts     0x00000000         0x000000c0         xr
m_text           0x00000410         0x0001fbf0         xr
m_data           0x1ffff000         0x00004000         rw
m_cfmprotrom     0x00000400         0x00000010         xr
*default*        0x00000000         0xffffffff

Linker script and memory map

LOAD ./Generated_Code/freemaster_tsa_table.o
LOAD ./Generated_Code/freemaster_tsa.o
LOAD ./Generated_Code/freemaster_sfio.o
LOAD ./Generated_Code/freemaster_serial.o
LOAD ./Generated_Code/freemaster_scope.o
LOAD ./Generated_Code/freemaster_rec.o
LOAD ./Generated_Code/freemaster_protocol.o
LOAD ./Generated_Code/freemaster_can.o
LOAD ./Generated_Code/freemaster_bdm.o
LOAD ./Generated_Code/freemaster_appcmd.o
LOAD ./Generated_Code/freemaster_Kxx.o
LOAD ./Generated_Code/Vectors.o
LOAD ./Generated_Code/UART0.o
LOAD ./Generated_Code/TimerIntLdd1.o
LOAD ./Generated_Code/TU2.o
LOAD ./Generated_Code/TPM0.o
LOAD ./Generated_Code/TI1.o
LOAD ./Generated_Code/PE_LDD.o
LOAD ./Generated_Code/I2C2.o
LOAD ./Generated_Code/GPIO1.o
LOAD ./Generated_Code/FMSTR1.o
LOAD ./Generated_Code/EInt1.o
LOAD ./Generated_Code/Cpu.o
LOAD ./Project_Settings/Startup_Code/__arm_start.o
LOAD ./Project_Settings/Startup_Code/__arm_end.o
LOAD ./Sources/sa_mtb.o
LOAD ./Sources/ProcessorExpert.o
LOAD ./Sources/PID.o
LOAD ./Sources/MPU6050.o
LOAD ./Sources/Events.o
                0x00006960                __pformatter = __pformatterFP
                0x000071b8                __sformatter = __sformatter_FP
START GROUP
LOAD C:/Freescale/CW MCU v10.4/MCU/ARM_GCC_Support/ewl/lib/armv6-m\libc.a
LOAD C:/Freescale/CW MCU v10.4/MCU/ARM_GCC_Support/ewl/lib/armv6-m\libm.a
LOAD c:/freescale/cw mcu v10.4/cross_tools/arm-none-eabi-gcc-4_7_3/bin/../lib/gcc/arm-none-eabi/4.7.3/armv6-m\libgcc.a
LOAD C:/Freescale/CW MCU v10.4/MCU/ARM_GCC_Support/ewl/lib/armv6-m\librt.a
LOAD C:/Freescale/CW MCU v10.4/MCU/ARM_GCC_Support/ewl/lib/armv6-m\libuart.a
END GROUP
                0x20003000                _estack = 0x20003000
                0x20003000                __SP_INIT = _estack
                0x00000000                __heap_size = 0x0
                0x00000400                __stack_size = 0x400

.interrupts     0x00000000       0xc0
                0x00000000                __vector_table = .
                0x00000000                . = ALIGN (0x4)
 *(.vectortable)
 .vectortable   0x00000000       0xc0 ./Generated_Code/Vectors.o
                0x00000000                __vect_table
                0x000000c0                . = ALIGN (0x4)

.cfmprotect     0x00000400       0x10
                0x00000400                . = ALIGN (0x4)
 *(.cfmconfig)
 .cfmconfig     0x00000400       0x10 ./Generated_Code/Cpu.o
                0x00000400                _cfm
                0x00000410                . = ALIGN (0x4)

.text           0x00000410     0x9fa0
                0x00000410                . = ALIGN (0x4)
 *(.text)
 .text          0x00000410       0x18 ./Generated_Code/freemaster_tsa_table.o
                0x00000410                FMSTR_TsaGetTable
 .text          0x00000428        0x0 ./Generated_Code/freemaster_tsa.o
 .text          0x00000428        0x0 ./Generated_Code/freemaster_sfio.o
 .text          0x00000428      0x574 ./Generated_Code/freemaster_serial.o
                0x000004e4                FMSTR_ProcessSCI
                0x00000604                FMSTR_SendResponse
                0x00000738                FMSTR_Tx
                0x000007c4                FMSTR_Rx
                0x00000954                FMSTR_InitSerial
                0x00000990                FMSTR_Poll
 .text          0x0000099c      0x188 ./Generated_Code/freemaster_scope.o
                0x0000099c                FMSTR_InitScope
                0x000009a4                FMSTR_SetUpScope
                0x00000a98                FMSTR_ReadScope
 .text          0x00000b24      0x7e4 ./Generated_Code/freemaster_rec.o
                0x00000b24                FMSTR_InitRec
                0x00000b44                FMSTR_AbortRec
                0x00000b58                FMSTR_SetUpRecBuff
                0x00000b6c                FMSTR_SetUpRec
                0x00000dfc                FMSTR_TriggerRec
                0x00000e30                FMSTR_StartRec
                0x00000ed4                FMSTR_StopRec
                0x00000f30                FMSTR_GetRecStatus
                0x00000f80                FMSTR_GetRecBuffSize
                0x00000f90                FMSTR_IsInRecBuffer
                0x00000fe8                FMSTR_GetRecBuff
                0x00001168                FMSTR_Recorder
 .text          0x00001308      0x53c ./Generated_Code/freemaster_protocol.o
                0x00001308                FMSTR_Init
                0x00001330                FMSTR_ProtocolDecoder
                0x000014c0                FMSTR_GetBoardInfo
                0x000015ac                FMSTR_ReadMem
                0x00001620                FMSTR_ReadVar
                0x00001674                FMSTR_WriteMem
                0x000016dc                FMSTR_WriteVar
                0x00001738                FMSTR_WriteMemMask
                0x000017a0                FMSTR_WriteVarMask
                0x000017fc                FMSTR_StrLen
 .text          0x00001844        0x0 ./Generated_Code/freemaster_can.o
 .text          0x00001844        0x0 ./Generated_Code/freemaster_bdm.o
 .text          0x00001844      0x300 ./Generated_Code/freemaster_appcmd.o
                0x00001844                FMSTR_InitAppCmds
                0x00001860                FMSTR_StoreAppCmd
                0x00001938                FMSTR_GetAppCmdStatus
                0x00001964                FMSTR_GetAppCmdRespData
                0x00001a40                FMSTR_AppCmdAck
                0x00001a74                FMSTR_AppCmdSetResponseData
                0x00001ad4                FMSTR_GetAppCmd
                0x00001ae8                FMSTR_GetAppCmdData
                0x00001b2c                FMSTR_RegisterAppCmdCall
 .text          0x00001b44      0x2e8 ./Generated_Code/freemaster_Kxx.o
                0x00001b44                FMSTR_Isr
                0x00001b50                FMSTR_CopyMemory
                0x00001b9c                FMSTR_CopyToBuffer
                0x00001bec                FMSTR_CopyFromBuffer
                0x00001c3c                FMSTR_ValueFromBuffer16
                0x00001c60                FMSTR_ValueFromBuffer32
                0x00001c84                FMSTR_ValueToBuffer16
                0x00001cac                FMSTR_ValueToBuffer32
                0x00001cd0                FMSTR_CopyFromBufferWithMask
                0x00001d7c                FMSTR_SetExAddr
                0x00001d9c                FMSTR_AddressToBuffer
                0x00001de4                FMSTR_AddressFromBuffer
 .text          0x00001e2c        0x0 ./Generated_Code/Vectors.o
 .text          0x00001e2c       0x88 ./Generated_Code/UART0.o
                0x00001e2c                UART0_Init
 .text          0x00001eb4       0x6c ./Generated_Code/TimerIntLdd1.o
                0x00001eb4                TimerIntLdd1_Init
                0x00001efc                TU2_OnCounterRestart
 .text          0x00001f20       0xf0 ./Generated_Code/TU2.o
                0x00001f20                TU2_Init
                0x00001fe0                TU2_Interrupt
 .text          0x00002010      0x108 ./Generated_Code/TPM0.o
                0x00002010                TPM0_Init
 .text          0x00002118       0x14 ./Generated_Code/TI1.o
                0x00002118                TimerIntLdd1_OnInterrupt
 .text          0x0000212c       0x88 ./Generated_Code/PE_LDD.o
                0x0000212c                PE_FillMemory
                0x00002154                PE_PeripheralUsed
                0x000021a0                LDD_SetClockConfiguration
 .text          0x000021b4      0x5c8 ./Generated_Code/I2C2.o
                0x000021b4                I2C2_Interrupt
                0x000023bc                I2C2_Init
                0x000024d0                I2C2_Deinit
                0x00002510                I2C2_MasterSendBlock
                0x00002640                I2C2_MasterReceiveBlock
 .text          0x0000277c      0x14c ./Generated_Code/GPIO1.o
                0x0000277c                GPIO1_Init
                0x000027dc                GPIO1_SetFieldValue
                0x00002818                GPIO1_GetFieldValue
                0x00002844                GPIO1_ClearFieldBits
                0x00002870                GPIO1_SetFieldBits
                0x0000289c                GPIO1_ToggleFieldBits
 .text          0x000028c8        0x0 ./Generated_Code/FMSTR1.o
 .text          0x000028c8       0xb8 ./Generated_Code/EInt1.o
                0x000028c8                EInt1_Init
                0x0000294c                EInt1_Interrupt
 .text          0x00002980      0x504 ./Generated_Code/Cpu.o
                0x00002980                Cpu_INT_NMIInterrupt
                0x0000298c                Cpu_ivINT_Hard_Fault
                0x00002998                Cpu_ivINT_Reserved4
                0x000029a4                Cpu_ivINT_Reserved5
                0x000029b0                Cpu_ivINT_Reserved6
                0x000029bc                Cpu_ivINT_Reserved7
                0x000029c8                Cpu_ivINT_Reserved8
                0x000029d4                Cpu_ivINT_Reserved9
                0x000029e0                Cpu_ivINT_Reserved10
                0x000029ec                Cpu_ivINT_SVCall
                0x000029f8                Cpu_ivINT_Reserved12
                0x00002a04                Cpu_ivINT_Reserved13
                0x00002a10                Cpu_ivINT_PendableSrvReq
                0x00002a1c                Cpu_ivINT_SysTick
                0x00002a28                Cpu_ivINT_DMA0
                0x00002a34                Cpu_ivINT_DMA1
                0x00002a40                Cpu_ivINT_DMA2
                0x00002a4c                Cpu_ivINT_DMA3
                0x00002a58                Cpu_ivINT_Reserved20
                0x00002a64                Cpu_ivINT_FTFA
                0x00002a70                Cpu_ivINT_LVD_LVW
                0x00002a7c                Cpu_ivINT_LLW
                0x00002a88                Cpu_ivINT_I2C0
                0x00002a94                Cpu_ivINT_SPI0
                0x00002aa0                Cpu_ivINT_SPI1
                0x00002aac                Cpu_ivINT_UART1
                0x00002ab8                Cpu_ivINT_UART2
                0x00002ac4                Cpu_ivINT_ADC0
                0x00002ad0                Cpu_ivINT_CMP0
                0x00002adc                Cpu_ivINT_TPM0
                0x00002ae8                Cpu_ivINT_TPM1
                0x00002af4                Cpu_ivINT_TPM2
                0x00002b00                Cpu_ivINT_RTC
                0x00002b0c                Cpu_ivINT_RTC_Seconds
                0x00002b18                Cpu_ivINT_PIT
                0x00002b24                Cpu_ivINT_Reserved39
                0x00002b30                Cpu_ivINT_USB0
                0x00002b3c                Cpu_ivINT_DAC0
                0x00002b48                Cpu_ivINT_TSI0
                0x00002b54                Cpu_ivINT_MCG
                0x00002b60                Cpu_ivINT_Reserved45
                0x00002b6c                Cpu_ivINT_PORTA
                0x00002b78                __init_hardware
                0x00002ccc                PE_low_level_init
 .text          0x00002e84       0x58 ./Project_Settings/Startup_Code/__arm_start.o
                0x00002ea8                __iar_program_start
                0x00002eac                __thumb_startup
 .text          0x00002edc        0xc ./Project_Settings/Startup_Code/__arm_end.o
                0x00002edc                _ExitProcess
 .text          0x00002ee8        0x0 ./Sources/sa_mtb.o
 .text          0x00002ee8       0x10 ./Sources/ProcessorExpert.o
                0x00002ee8                main
 .text          0x00002ef8      0x190 ./Sources/PID.o
                0x00002ef8                error_calculation
                0x00002f1c                pid
                0x00002fa4                set_motor_speed
                0x00003010                stabilize
 .text          0x00003088      0x718 ./Sources/MPU6050.o
                0x00003088                MPU6050_ReadReg
                0x00003124                MPU6050_WriteReg
                0x0000319c                MPU6050_Setup
                0x000031c8                MPU6050_Get_Data
                0x00003268                MPU6050_Read_Angle
                0x00003584                Get_Gyro_Rates
                0x00003644                MPU6050_Setup1
 .text          0x000037a0       0x70 ./Sources/Events.o
                0x000037a0                Cpu_OnNMIINT
                0x000037a8                I2C2_OnMasterBlockSent
                0x000037c0                I2C2_OnMasterBlockReceived
                0x000037d8                TI1_OnInterrupt
                0x000037f0                EInt1_OnInterrupt
 .text          0x00003810        0x0 C:/Freescale/CW MCU v10.4/MCU/ARM_GCC_Support/ewl/lib/armv6-m\libc.a(exit.o)
 .text          0x00003810        0x0 C:/Freescale/CW MCU v10.4/MCU/ARM_GCC_Support/ewl/lib/armv6-m\libc.a(memset.o)
 .text          0x00003810        0x0 C:/Freescale/CW MCU v10.4/MCU/ARM_GCC_Support/ewl/lib/armv6-m\libc.a(printformat_fp.o)
 .text          0x00003810        0x0 C:/Freescale/CW MCU v10.4/MCU/ARM_GCC_Support/ewl/lib/armv6-m\libc.a(scanformat_fp.o)
 .text          0x00003810        0x0 C:/Freescale/CW MCU v10.4/MCU/ARM_GCC_Support/ewl/lib/armv6-m\libc.a(ctype_aeabi.o)
 .text          0x00003810        0x0 C:/Freescale/CW MCU v10.4/MCU/ARM_GCC_Support/ewl/lib/armv6-m\libc.a(__strtold.o)
 .text          0x00003810        0x0 C:/Freescale/CW MCU v10.4/MCU/ARM_GCC_Support/ewl/lib/armv6-m\libc.a(vsscanf.o)
 .text          0x00003810        0x0 C:/Freescale/CW MCU v10.4/MCU/ARM_GCC_Support/ewl/lib/armv6-m\libc.a(__strtoul.o)
 .text          0x00003810        0x0 C:/Freescale/CW MCU v10.4/MCU/ARM_GCC_Support/ewl/lib/armv6-m\libc.a(__filll_mem.o)
 .text          0x00003810        0x0 C:/Freescale/CW MCU v10.4/MCU/ARM_GCC_Support/ewl/lib/armv6-m\libc.a(memchr.o)
 .text          0x00003810        0x0 C:/Freescale/CW MCU v10.4/MCU/ARM_GCC_Support/ewl/lib/armv6-m\libc.a(memcpy.o)
 .text          0x00003810        0x0 C:/Freescale/CW MCU v10.4/MCU/ARM_GCC_Support/ewl/lib/armv6-m\libc.a(strchr.o)
 .text          0x00003810        0x0 C:/Freescale/CW MCU v10.4/MCU/ARM_GCC_Support/ewl/lib/armv6-m\libc.a(strcpy.o)
 .text          0x00003810        0x0 C:/Freescale/CW MCU v10.4/MCU/ARM_GCC_Support/ewl/lib/armv6-m\libc.a(strlen.o)
 .text          0x00003810        0x0 C:/Freescale/CW MCU v10.4/MCU/ARM_GCC_Support/ewl/lib/armv6-m\libc.a(errno.o)
 .text          0x00003810        0x0 C:/Freescale/CW MCU v10.4/MCU/ARM_GCC_Support/ewl/lib/armv6-m\libm.a(ansi_fp.o)
 .text          0x00003810        0x0 C:/Freescale/CW MCU v10.4/MCU/ARM_GCC_Support/ewl/lib/armv6-m\libm.a(float.o)
 .text          0x00003810        0x0 C:/Freescale/CW MCU v10.4/MCU/ARM_GCC_Support/ewl/lib/armv6-m\libm.a(math_api.o)
 .text          0x00003810        0x0 C:/Freescale/CW MCU v10.4/MCU/ARM_GCC_Support/ewl/lib/armv6-m\libm.a(s_atan.o)
 .text          0x00003810        0x0 C:/Freescale/CW MCU v10.4/MCU/ARM_GCC_Support/ewl/lib/armv6-m\libm.a(s_frexp.o)
 .text          0x00003810        0x0 C:/Freescale/CW MCU v10.4/MCU/ARM_GCC_Support/ewl/lib/armv6-m\libm.a(w_pow.o)
 .text          0x00003810        0x0 C:/Freescale/CW MCU v10.4/MCU/ARM_GCC_Support/ewl/lib/armv6-m\libm.a(w_sqrt.o)
 .text          0x00003810        0x0 C:/Freescale/CW MCU v10.4/MCU/ARM_GCC_Support/ewl/lib/armv6-m\libm.a(e_pow.o)
 .text          0x00003810        0x0 C:/Freescale/CW MCU v10.4/MCU/ARM_GCC_Support/ewl/lib/armv6-m\libm.a(e_sqrt.o)
 .text          0x00003810        0x0 C:/Freescale/CW MCU v10.4/MCU/ARM_GCC_Support/ewl/lib/armv6-m\libm.a(scalbn.o)
 .text          0x00003810        0x0 C:/Freescale/CW MCU v10.4/MCU/ARM_GCC_Support/ewl/lib/armv6-m\libm.a(s_ldexp.o)
 .text          0x00003810       0x14 c:/freescale/cw mcu v10.4/cross_tools/arm-none-eabi-gcc-4_7_3/bin/../lib/gcc/arm-none-eabi/4.7.3/armv6-m\libgcc.a(_thumb1_case_sqi.o)
                0x00003810                __gnu_thumb1_case_sqi
 .text          0x00003824       0x14 c:/freescale/cw mcu v10.4/cross_tools/arm-none-eabi-gcc-4_7_3/bin/../lib/gcc/arm-none-eabi/4.7.3/armv6-m\libgcc.a(_thumb1_case_uqi.o)
                0x00003824                __gnu_thumb1_case_uqi
 .text          0x00003838       0x9c c:/freescale/cw mcu v10.4/cross_tools/arm-none-eabi-gcc-4_7_3/bin/../lib/gcc/arm-none-eabi/4.7.3/armv6-m\libgcc.a(_udivsi3.o)
                0x00003838                __aeabi_uidiv
                0x00003838                __udivsi3
                0x000038c0                __aeabi_uidivmod
 .text          0x000038d4       0xc0 c:/freescale/cw mcu v10.4/cross_tools/arm-none-eabi-gcc-4_7_3/bin/../lib/gcc/arm-none-eabi/4.7.3/armv6-m\libgcc.a(_divsi3.o)
                0x000038d4                __divsi3
                0x000038d4                __aeabi_idiv
                0x00003980                __aeabi_idivmod
 .text          0x00003994        0x4 c:/freescale/cw mcu v10.4/cross_tools/arm-none-eabi-gcc-4_7_3/bin/../lib/gcc/arm-none-eabi/4.7.3/armv6-m\libgcc.a(_dvmd_tls.o)
                0x00003994                __aeabi_idiv0
                0x00003994                __aeabi_ldiv0
 .text          0x00003998       0x7c c:/freescale/cw mcu v10.4/cross_tools/arm-none-eabi-gcc-4_7_3/bin/../lib/gcc/arm-none-eabi/4.7.3/armv6-m\libgcc.a(_arm_cmpdf2.o)
                0x00003998                __aeabi_cdrcmple
                0x000039a8                __aeabi_cdcmple
                0x000039a8                __aeabi_cdcmpeq
                0x000039b8                __aeabi_dcmpeq
                0x000039c4                __aeabi_dcmplt
                0x000039d8                __aeabi_dcmple
                0x000039ec                __aeabi_dcmpgt
                0x00003a00                __aeabi_dcmpge
 .text          0x00003a14       0x74 c:/freescale/cw mcu v10.4/cross_tools/arm-none-eabi-gcc-4_7_3/bin/../lib/gcc/arm-none-eabi/4.7.3/armv6-m\libgcc.a(_arm_cmpsf2.o)
                0x00003a14                __aeabi_cfrcmple
                0x00003a1c                __aeabi_cfcmpeq
                0x00003a1c                __aeabi_cfcmple
                0x00003a2c                __aeabi_fcmpeq
                0x00003a38                __aeabi_fcmplt
                0x00003a4c                __aeabi_fcmple
                0x00003a60                __aeabi_fcmpgt
                0x00003a74                __aeabi_fcmpge
 .text          0x00003a88       0x30 c:/freescale/cw mcu v10.4/cross_tools/arm-none-eabi-gcc-4_7_3/bin/../lib/gcc/arm-none-eabi/4.7.3/armv6-m\libgcc.a(_fixunssfsi.o)
                0x00003a88                __fixunssfsi
                0x00003a88                __aeabi_f2uiz
 .text          0x00003ab8      0x3a4 c:/freescale/cw mcu v10.4/cross_tools/arm-none-eabi-gcc-4_7_3/bin/../lib/gcc/arm-none-eabi/4.7.3/armv6-m\libgcc.a(addsf3.o)
                0x00003ab8                __aeabi_fadd
 .text          0x00003e5c      0x274 c:/freescale/cw mcu v10.4/cross_tools/arm-none-eabi-gcc-4_7_3/bin/../lib/gcc/arm-none-eabi/4.7.3/armv6-m\libgcc.a(divsf3.o)
                0x00003e5c                __aeabi_fdiv
 .text          0x000040d0       0x50 c:/freescale/cw mcu v10.4/cross_tools/arm-none-eabi-gcc-4_7_3/bin/../lib/gcc/arm-none-eabi/4.7.3/armv6-m\libgcc.a(eqsf2.o)
                0x000040d0                __eqsf2
                0x000040d0                __nesf2
 .text          0x00004120       0x90 c:/freescale/cw mcu v10.4/cross_tools/arm-none-eabi-gcc-4_7_3/bin/../lib/gcc/arm-none-eabi/4.7.3/armv6-m\libgcc.a(gesf2.o)
                0x00004120                __gesf2
                0x00004120                __gtsf2
 .text          0x000041b0       0x90 c:/freescale/cw mcu v10.4/cross_tools/arm-none-eabi-gcc-4_7_3/bin/../lib/gcc/arm-none-eabi/4.7.3/armv6-m\libgcc.a(lesf2.o)
                0x000041b0                __ltsf2
                0x000041b0                __lesf2
 .text          0x00004240      0x260 c:/freescale/cw mcu v10.4/cross_tools/arm-none-eabi-gcc-4_7_3/bin/../lib/gcc/arm-none-eabi/4.7.3/armv6-m\libgcc.a(mulsf3.o)
                0x00004240                __aeabi_fmul
 .text          0x000044a0      0x3ac c:/freescale/cw mcu v10.4/cross_tools/arm-none-eabi-gcc-4_7_3/bin/../lib/gcc/arm-none-eabi/4.7.3/armv6-m\libgcc.a(subsf3.o)
                0x000044a0                __aeabi_fsub
 .text          0x0000484c       0x40 c:/freescale/cw mcu v10.4/cross_tools/arm-none-eabi-gcc-4_7_3/bin/../lib/gcc/arm-none-eabi/4.7.3/armv6-m\libgcc.a(fixsfsi.o)
                0x0000484c                __aeabi_f2iz
 .text          0x0000488c       0xa8 c:/freescale/cw mcu v10.4/cross_tools/arm-none-eabi-gcc-4_7_3/bin/../lib/gcc/arm-none-eabi/4.7.3/armv6-m\libgcc.a(floatsisf.o)
                0x0000488c                __aeabi_i2f
 .text          0x00004934      0x758 c:/freescale/cw mcu v10.4/cross_tools/arm-none-eabi-gcc-4_7_3/bin/../lib/gcc/arm-none-eabi/4.7.3/armv6-m\libgcc.a(adddf3.o)
                0x00004934                __aeabi_dadd
 .text          0x0000508c      0x5b8 c:/freescale/cw mcu v10.4/cross_tools/arm-none-eabi-gcc-4_7_3/bin/../lib/gcc/arm-none-eabi/4.7.3/armv6-m\libgcc.a(divdf3.o)
                0x0000508c                __aeabi_ddiv
 .text          0x00005644       0x7c c:/freescale/cw mcu v10.4/cross_tools/arm-none-eabi-gcc-4_7_3/bin/../lib/gcc/arm-none-eabi/4.7.3/armv6-m\libgcc.a(eqdf2.o)
                0x00005644                __nedf2
                0x00005644                __eqdf2
 .text          0x000056c0       0xe8 c:/freescale/cw mcu v10.4/cross_tools/arm-none-eabi-gcc-4_7_3/bin/../lib/gcc/arm-none-eabi/4.7.3/armv6-m\libgcc.a(gedf2.o)
                0x000056c0                __gedf2
                0x000056c0                __gtdf2
 .text          0x000057a8       0xd8 c:/freescale/cw mcu v10.4/cross_tools/arm-none-eabi-gcc-4_7_3/bin/../lib/gcc/arm-none-eabi/4.7.3/armv6-m\libgcc.a(ledf2.o)
                0x000057a8                __ledf2
                0x000057a8                __ltdf2
 .text          0x00005880      0x4e4 c:/freescale/cw mcu v10.4/cross_tools/arm-none-eabi-gcc-4_7_3/bin/../lib/gcc/arm-none-eabi/4.7.3/armv6-m\libgcc.a(muldf3.o)
                0x00005880                __aeabi_dmul
 .text          0x00005d64      0x6f8 c:/freescale/cw mcu v10.4/cross_tools/arm-none-eabi-gcc-4_7_3/bin/../lib/gcc/arm-none-eabi/4.7.3/armv6-m\libgcc.a(subdf3.o)
                0x00005d64                __aeabi_dsub
 .text          0x0000645c       0x68 c:/freescale/cw mcu v10.4/cross_tools/arm-none-eabi-gcc-4_7_3/bin/../lib/gcc/arm-none-eabi/4.7.3/armv6-m\libgcc.a(fixdfsi.o)
                0x0000645c                __aeabi_d2iz
 .text          0x000064c4       0x74 c:/freescale/cw mcu v10.4/cross_tools/arm-none-eabi-gcc-4_7_3/bin/../lib/gcc/arm-none-eabi/4.7.3/armv6-m\libgcc.a(floatsidf.o)
                0x000064c4                __aeabi_i2d
 .text          0x00006538       0xa8 c:/freescale/cw mcu v10.4/cross_tools/arm-none-eabi-gcc-4_7_3/bin/../lib/gcc/arm-none-eabi/4.7.3/armv6-m\libgcc.a(extendsfdf2.o)
                0x00006538                __aeabi_f2d
 .text          0x000065e0      0x134 c:/freescale/cw mcu v10.4/cross_tools/arm-none-eabi-gcc-4_7_3/bin/../lib/gcc/arm-none-eabi/4.7.3/armv6-m\libgcc.a(truncdfsf2.o)
                0x000065e0                __aeabi_d2f
 .text          0x00006714       0x3c c:/freescale/cw mcu v10.4/cross_tools/arm-none-eabi-gcc-4_7_3/bin/../lib/gcc/arm-none-eabi/4.7.3/armv6-m\libgcc.a(_clzsi2.o)
                0x00006714                __clzsi2
 .text          0x00006750        0x0 C:/Freescale/CW MCU v10.4/MCU/ARM_GCC_Support/ewl/lib/armv6-m\librt.a(gcc_ctor_dtor.o)
 .text          0x00006750        0x0 C:/Freescale/CW MCU v10.4/MCU/ARM_GCC_Support/ewl/lib/armv6-m\librt.a(ROMCopy.o)
 .text          0x00006750        0x0 C:/Freescale/CW MCU v10.4/MCU/ARM_GCC_Support/ewl/lib/armv6-m\librt.a(__arm_eabi_init.o)
 .text          0x00006750        0x0 C:/Freescale/CW MCU v10.4/MCU/ARM_GCC_Support/ewl/lib/armv6-m\libc.a(math_ARM.o)
 .text          0x00006750       0x18 c:/freescale/cw mcu v10.4/cross_tools/arm-none-eabi-gcc-4_7_3/bin/../lib/gcc/arm-none-eabi/4.7.3/armv6-m\libgcc.a(_lshrdi3.o)
                0x00006750                __lshrdi3
                0x00006750                __aeabi_llsr
 .text          0x00006768       0x18 c:/freescale/cw mcu v10.4/cross_tools/arm-none-eabi-gcc-4_7_3/bin/../lib/gcc/arm-none-eabi/4.7.3/armv6-m\libgcc.a(_ashldi3.o)
                0x00006768                __aeabi_llsl
                0x00006768                __ashldi3
 *(.text*)
 .text.exit     0x00006780       0x38 C:/Freescale/CW MCU v10.4/MCU/ARM_GCC_Support/ewl/lib/armv6-m\libc.a(exit.o)
                0x00006780                exit
 .text.memset   0x000067b8        0xc C:/Freescale/CW MCU v10.4/MCU/ARM_GCC_Support/ewl/lib/armv6-m\libc.a(memset.o)
                0x000067b8                memset
 .text.long2str.isra.0
                0x000067c4      0x19c C:/Freescale/CW MCU v10.4/MCU/ARM_GCC_Support/ewl/lib/armv6-m\libc.a(printformat_fp.o)
 .text.__pformatterFP
                0x00006960      0x858 C:/Freescale/CW MCU v10.4/MCU/ARM_GCC_Support/ewl/lib/armv6-m\libc.a(printformat_fp.o)
                0x00006960                __pformatterFP
 .text.__sformatter_FP
                0x000071b8      0x740 C:/Freescale/CW MCU v10.4/MCU/ARM_GCC_Support/ewl/lib/armv6-m\libc.a(scanformat_fp.o)
                0x000071b8                __sformatter_FP
 .text.isalnum  0x000078f8       0x1c C:/Freescale/CW MCU v10.4/MCU/ARM_GCC_Support/ewl/lib/armv6-m\libc.a(ctype_aeabi.o)
                0x000078f8                isalnum
 .text.isalpha  0x00007914       0x20 C:/Freescale/CW MCU v10.4/MCU/ARM_GCC_Support/ewl/lib/armv6-m\libc.a(ctype_aeabi.o)
                0x00007914                isalpha
 .text.iscntrl  0x00007934       0x20 C:/Freescale/CW MCU v10.4/MCU/ARM_GCC_Support/ewl/lib/armv6-m\libc.a(ctype_aeabi.o)
                0x00007934                iscntrl
 .text.isdigit  0x00007954        0xe C:/Freescale/CW MCU v10.4/MCU/ARM_GCC_Support/ewl/lib/armv6-m\libc.a(ctype_aeabi.o)
                0x00007954                isdigit
 *fill*         0x00007962        0x2 00
 .text.isgraph  0x00007964       0x1c C:/Freescale/CW MCU v10.4/MCU/ARM_GCC_Support/ewl/lib/armv6-m\libc.a(ctype_aeabi.o)
                0x00007964                isgraph
 .text.islower  0x00007980       0x20 C:/Freescale/CW MCU v10.4/MCU/ARM_GCC_Support/ewl/lib/armv6-m\libc.a(ctype_aeabi.o)
                0x00007980                islower
 .text.isprint  0x000079a0       0x1c C:/Freescale/CW MCU v10.4/MCU/ARM_GCC_Support/ewl/lib/armv6-m\libc.a(ctype_aeabi.o)
                0x000079a0                isprint
 .text.ispunct  0x000079bc       0x20 C:/Freescale/CW MCU v10.4/MCU/ARM_GCC_Support/ewl/lib/armv6-m\libc.a(ctype_aeabi.o)
                0x000079bc                ispunct
 .text.isspace  0x000079dc       0x20 C:/Freescale/CW MCU v10.4/MCU/ARM_GCC_Support/ewl/lib/armv6-m\libc.a(ctype_aeabi.o)
                0x000079dc                isspace
 .text.isupper  0x000079fc       0x20 C:/Freescale/CW MCU v10.4/MCU/ARM_GCC_Support/ewl/lib/armv6-m\libc.a(ctype_aeabi.o)
                0x000079fc                isupper
 .text.isxdigit
                0x00007a1c       0x20 C:/Freescale/CW MCU v10.4/MCU/ARM_GCC_Support/ewl/lib/armv6-m\libc.a(ctype_aeabi.o)
                0x00007a1c                isxdigit
 .text.isblank  0x00007a3c       0x28 C:/Freescale/CW MCU v10.4/MCU/ARM_GCC_Support/ewl/lib/armv6-m\libc.a(ctype_aeabi.o)
                0x00007a3c                isblank
 .text.toupper  0x00007a64        0xe C:/Freescale/CW MCU v10.4/MCU/ARM_GCC_Support/ewl/lib/armv6-m\libc.a(ctype_aeabi.o)
                0x00007a64                toupper
 .text.tolower  0x00007a72        0xe C:/Freescale/CW MCU v10.4/MCU/ARM_GCC_Support/ewl/lib/armv6-m\libc.a(ctype_aeabi.o)
                0x00007a72                tolower
 .text.__strtold
                0x00007a80      0x6d0 C:/Freescale/CW MCU v10.4/MCU/ARM_GCC_Support/ewl/lib/armv6-m\libc.a(__strtold.o)
                0x00007a80                __strtold
 .text.strtold  0x00008150       0x4c C:/Freescale/CW MCU v10.4/MCU/ARM_GCC_Support/ewl/lib/armv6-m\libc.a(__strtold.o)
                0x00008150                strtold
 .text.strtod   0x0000819c       0x4c C:/Freescale/CW MCU v10.4/MCU/ARM_GCC_Support/ewl/lib/armv6-m\libc.a(__strtold.o)
                0x0000819c                strtod
 .text.atof     0x000081e8        0xa C:/Freescale/CW MCU v10.4/MCU/ARM_GCC_Support/ewl/lib/armv6-m\libc.a(__strtold.o)
                0x000081e8                atof
 .text.__StringRead
                0x000081f2       0x3c C:/Freescale/CW MCU v10.4/MCU/ARM_GCC_Support/ewl/lib/armv6-m\libc.a(vsscanf.o)
                0x000081f2                __StringRead
 *fill*         0x0000822e        0x2 00
 .text.vsscanf  0x00008230       0x30 C:/Freescale/CW MCU v10.4/MCU/ARM_GCC_Support/ewl/lib/armv6-m\libc.a(vsscanf.o)
                0x00008230                vsscanf
 .text.__strtoul
                0x00008260      0x1ce C:/Freescale/CW MCU v10.4/MCU/ARM_GCC_Support/ewl/lib/armv6-m\libc.a(__strtoul.o)
                0x00008260                __strtoul
 .text.__fill_mem
                0x0000842e       0x7e C:/Freescale/CW MCU v10.4/MCU/ARM_GCC_Support/ewl/lib/armv6-m\libc.a(__filll_mem.o)
                0x0000842e                __fill_mem
 .text.memchr   0x000084ac       0x1a C:/Freescale/CW MCU v10.4/MCU/ARM_GCC_Support/ewl/lib/armv6-m\libc.a(memchr.o)
                0x000084ac                memchr
 .text.memcpy   0x000084c6       0x12 C:/Freescale/CW MCU v10.4/MCU/ARM_GCC_Support/ewl/lib/armv6-m\libc.a(memcpy.o)
                0x000084c6                memcpy
 .text.strchr   0x000084d8       0x1e C:/Freescale/CW MCU v10.4/MCU/ARM_GCC_Support/ewl/lib/armv6-m\libc.a(strchr.o)
                0x000084d8                strchr
 .text.strcpy   0x000084f6       0x10 C:/Freescale/CW MCU v10.4/MCU/ARM_GCC_Support/ewl/lib/armv6-m\libc.a(strcpy.o)
                0x000084f6                strcpy
 .text.strlen   0x00008506       0x10 C:/Freescale/CW MCU v10.4/MCU/ARM_GCC_Support/ewl/lib/armv6-m\libc.a(strlen.o)
                0x00008506                strlen
 *fill*         0x00008516        0x2 00
 .text.__num2dec
                0x00008518      0x250 C:/Freescale/CW MCU v10.4/MCU/ARM_GCC_Support/ewl/lib/armv6-m\libm.a(ansi_fp.o)
                0x00008518                __num2dec
 .text.__dec2num
                0x00008768      0x168 C:/Freescale/CW MCU v10.4/MCU/ARM_GCC_Support/ewl/lib/armv6-m\libm.a(ansi_fp.o)
                0x00008768                __dec2num
 .text.__round_decimal
                0x000088d0       0x98 C:/Freescale/CW MCU v10.4/MCU/ARM_GCC_Support/ewl/lib/armv6-m\libm.a(ansi_fp.o)
                0x000088d0                __round_decimal
 .text.__ewl_generic_count_bits32
                0x00008968       0x34 C:/Freescale/CW MCU v10.4/MCU/ARM_GCC_Support/ewl/lib/armv6-m\libm.a(math_api.o)
                0x00008968                __ewl_generic_count_bits32
 .text.__ewl_generic_count_leading_zero32
                0x0000899c       0x20 C:/Freescale/CW MCU v10.4/MCU/ARM_GCC_Support/ewl/lib/armv6-m\libm.a(math_api.o)
                0x0000899c                __ewl_generic_count_leading_zero32
 .text.__ewl_generic_count_bits64
                0x000089bc       0x7c C:/Freescale/CW MCU v10.4/MCU/ARM_GCC_Support/ewl/lib/armv6-m\libm.a(math_api.o)
                0x000089bc                __ewl_generic_count_bits64
 .text.__ewl_generic_count_leading_zero64
                0x00008a38       0x4a C:/Freescale/CW MCU v10.4/MCU/ARM_GCC_Support/ewl/lib/armv6-m\libm.a(math_api.o)
                0x00008a38                __ewl_generic_count_leading_zero64
 .text.__signbitf
                0x00008a82        0x4 C:/Freescale/CW MCU v10.4/MCU/ARM_GCC_Support/ewl/lib/armv6-m\libm.a(math_api.o)
                0x00008a82                __signbitf
 .text.__fpclassifyf
                0x00008a86       0x2a C:/Freescale/CW MCU v10.4/MCU/ARM_GCC_Support/ewl/lib/armv6-m\libm.a(math_api.o)
                0x00008a86                __fpclassifyf
 .text.__signbitd
                0x00008ab0        0x4 C:/Freescale/CW MCU v10.4/MCU/ARM_GCC_Support/ewl/lib/armv6-m\libm.a(math_api.o)
                0x00008ab0                __signbitd
 .text.__fpclassifyd
                0x00008ab4       0x38 C:/Freescale/CW MCU v10.4/MCU/ARM_GCC_Support/ewl/lib/armv6-m\libm.a(math_api.o)
                0x00008ab4                __fpclassifyd
 .text.__ewl_relation
                0x00008aec       0x56 C:/Freescale/CW MCU v10.4/MCU/ARM_GCC_Support/ewl/lib/armv6-m\libm.a(math_api.o)
                0x00008aec                __ewl_relation
 *fill*         0x00008b42        0x6 00
 .text.atan     0x00008b48      0x358 C:/Freescale/CW MCU v10.4/MCU/ARM_GCC_Support/ewl/lib/armv6-m\libm.a(s_atan.o)
                0x00008b48                atan
 .text.frexp    0x00008ea0       0x80 C:/Freescale/CW MCU v10.4/MCU/ARM_GCC_Support/ewl/lib/armv6-m\libm.a(s_frexp.o)
                0x00008ea0                frexp
 .text.pow      0x00008f20        0x8 C:/Freescale/CW MCU v10.4/MCU/ARM_GCC_Support/ewl/lib/armv6-m\libm.a(w_pow.o)
                0x00008f20                pow
 .text.sqrt     0x00008f28        0x8 C:/Freescale/CW MCU v10.4/MCU/ARM_GCC_Support/ewl/lib/armv6-m\libm.a(w_sqrt.o)
                0x00008f28                sqrt
 .text.__ieee754_pow
                0x00008f30      0xb70 C:/Freescale/CW MCU v10.4/MCU/ARM_GCC_Support/ewl/lib/armv6-m\libm.a(e_pow.o)
                0x00008f30                __ieee754_pow
 .text.__ieee754_sqrt
                0x00009aa0      0x17c C:/Freescale/CW MCU v10.4/MCU/ARM_GCC_Support/ewl/lib/armv6-m\libm.a(e_sqrt.o)
                0x00009aa0                __ieee754_sqrt
 .text.scalbn   0x00009c1c       0x14 C:/Freescale/CW MCU v10.4/MCU/ARM_GCC_Support/ewl/lib/armv6-m\libm.a(scalbn.o)
                0x00009c1c                scalbn
 .text.ldexp    0x00009c30      0x148 C:/Freescale/CW MCU v10.4/MCU/ARM_GCC_Support/ewl/lib/armv6-m\libm.a(s_ldexp.o)
                0x00009c30                ldexp
 .text.__init_cpp
                0x00009d78       0x48 C:/Freescale/CW MCU v10.4/MCU/ARM_GCC_Support/ewl/lib/armv6-m\librt.a(gcc_ctor_dtor.o)
                0x00009d78                __init_cpp
 .text.__fini_cpp
                0x00009dc0       0x34 C:/Freescale/CW MCU v10.4/MCU/ARM_GCC_Support/ewl/lib/armv6-m\librt.a(gcc_ctor_dtor.o)
                0x00009dc0                __fini_cpp
 .text.__flush_cache
                0x00009df4        0x2 C:/Freescale/CW MCU v10.4/MCU/ARM_GCC_Support/ewl/lib/armv6-m\librt.a(ROMCopy.o)
                0x00009df4                __flush_cache
 .text.__copy_rom_section
                0x00009df6       0x48 C:/Freescale/CW MCU v10.4/MCU/ARM_GCC_Support/ewl/lib/armv6-m\librt.a(ROMCopy.o)
                0x00009df6                __copy_rom_section
 *fill*         0x00009e3e        0x2 00
 .text.__copy_rom_sections_to_ram
                0x00009e40       0x34 C:/Freescale/CW MCU v10.4/MCU/ARM_GCC_Support/ewl/lib/armv6-m\librt.a(ROMCopy.o)
                0x00009e40                __copy_rom_sections_to_ram
 .text.__destroy_global_chain
                0x00009e74       0x1c C:/Freescale/CW MCU v10.4/MCU/ARM_GCC_Support/ewl/lib/armv6-m\librt.a(__arm_eabi_init.o)
                0x00009e74                __destroy_global_chain
 .text.__register_global_object
                0x00009e90       0x14 C:/Freescale/CW MCU v10.4/MCU/ARM_GCC_Support/ewl/lib/armv6-m\librt.a(__arm_eabi_init.o)
                0x00009e90                __register_global_object
 .text.__cxa_atexit
                0x00009ea4       0x38 C:/Freescale/CW MCU v10.4/MCU/ARM_GCC_Support/ewl/lib/armv6-m\librt.a(__arm_eabi_init.o)
                0x00009ea4                __cxa_atexit
 .text.__aeabi_atexit
                0x00009edc        0xe C:/Freescale/CW MCU v10.4/MCU/ARM_GCC_Support/ewl/lib/armv6-m\librt.a(__arm_eabi_init.o)
                0x00009edc                __aeabi_atexit
 .text.__register_atexit
                0x00009eea        0xc C:/Freescale/CW MCU v10.4/MCU/ARM_GCC_Support/ewl/lib/armv6-m\librt.a(__arm_eabi_init.o)
                0x00009eea                __register_atexit
 *fill*         0x00009ef6        0x2 00
 .text.__init_registers
                0x00009ef8       0x1c C:/Freescale/CW MCU v10.4/MCU/ARM_GCC_Support/ewl/lib/armv6-m\librt.a(__arm_eabi_init.o)
                0x00009ef8                __init_registers
 .text.__init_hardware
                0x00009f14        0x4 C:/Freescale/CW MCU v10.4/MCU/ARM_GCC_Support/ewl/lib/armv6-m\librt.a(__arm_eabi_init.o)
 .text.__init_user
                0x00009f18        0x4 C:/Freescale/CW MCU v10.4/MCU/ARM_GCC_Support/ewl/lib/armv6-m\librt.a(__arm_eabi_init.o)
                0x00009f18                __init_user
 .text.__ewl_count_bits32
                0x00009f1c        0x8 C:/Freescale/CW MCU v10.4/MCU/ARM_GCC_Support/ewl/lib/armv6-m\libc.a(math_ARM.o)
                0x00009f1c                __ewl_count_bits32
 .text.__ewl_count_leading_zero32
                0x00009f24        0x8 C:/Freescale/CW MCU v10.4/MCU/ARM_GCC_Support/ewl/lib/armv6-m\libc.a(math_ARM.o)
                0x00009f24                __ewl_count_leading_zero32
 .text.__ewl_count_trailing_zero32
                0x00009f2c        0xe C:/Freescale/CW MCU v10.4/MCU/ARM_GCC_Support/ewl/lib/armv6-m\libc.a(math_ARM.o)
                0x00009f2c                __ewl_count_trailing_zero32
 .text.__ewl_count_leading_one32
                0x00009f3a        0xa C:/Freescale/CW MCU v10.4/MCU/ARM_GCC_Support/ewl/lib/armv6-m\libc.a(math_ARM.o)
                0x00009f3a                __ewl_count_leading_one32
 .text.__ewl_count_trailing_one32
                0x00009f44        0xa C:/Freescale/CW MCU v10.4/MCU/ARM_GCC_Support/ewl/lib/armv6-m\libc.a(math_ARM.o)
                0x00009f44                __ewl_count_trailing_one32
 .text.__ewl_rotate_left32
                0x00009f4e        0xc C:/Freescale/CW MCU v10.4/MCU/ARM_GCC_Support/ewl/lib/armv6-m\libc.a(math_ARM.o)
                0x00009f4e                __ewl_rotate_left32
 .text.__ewl_rotate_right32
                0x00009f5a        0x8 C:/Freescale/CW MCU v10.4/MCU/ARM_GCC_Support/ewl/lib/armv6-m\libc.a(math_ARM.o)
                0x00009f5a                __ewl_rotate_right32
 .text.__ewl_count_bits64
                0x00009f62        0x8 C:/Freescale/CW MCU v10.4/MCU/ARM_GCC_Support/ewl/lib/armv6-m\libc.a(math_ARM.o)
                0x00009f62                __ewl_count_bits64
 .text.__ewl_count_leading_zero64
                0x00009f6a        0x8 C:/Freescale/CW MCU v10.4/MCU/ARM_GCC_Support/ewl/lib/armv6-m\libc.a(math_ARM.o)
                0x00009f6a                __ewl_count_leading_zero64
 .text.__ewl_count_trailing_zero64
                0x00009f72       0x20 C:/Freescale/CW MCU v10.4/MCU/ARM_GCC_Support/ewl/lib/armv6-m\libc.a(math_ARM.o)
                0x00009f72                __ewl_count_trailing_zero64
 .text.__ewl_count_leading_one64
                0x00009f92        0xc C:/Freescale/CW MCU v10.4/MCU/ARM_GCC_Support/ewl/lib/armv6-m\libc.a(math_ARM.o)
                0x00009f92                __ewl_count_leading_one64
 .text.__ewl_count_trailing_one64
                0x00009f9e        0xc C:/Freescale/CW MCU v10.4/MCU/ARM_GCC_Support/ewl/lib/armv6-m\libc.a(math_ARM.o)
                0x00009f9e                __ewl_count_trailing_one64
 .text.__ewl_rotate_left64
                0x00009faa       0x2c C:/Freescale/CW MCU v10.4/MCU/ARM_GCC_Support/ewl/lib/armv6-m\libc.a(math_ARM.o)
                0x00009faa                __ewl_rotate_left64
 .text.__ewl_rotate_right64
                0x00009fd6       0x2c C:/Freescale/CW MCU v10.4/MCU/ARM_GCC_Support/ewl/lib/armv6-m\libc.a(math_ARM.o)
                0x00009fd6                __ewl_rotate_right64
 *(.rodata)
 *fill*         0x0000a002        0x2 00
 .rodata        0x0000a004       0x10 ./Generated_Code/freemaster_protocol.o
 .rodata        0x0000a014       0x28 ./Generated_Code/PE_LDD.o
                0x0000a014                PE_CpuClockConfigurations
 .rodata        0x0000a03c       0x20 C:/Freescale/CW MCU v10.4/MCU/ARM_GCC_Support/ewl/lib/armv6-m\libc.a(__strtold.o)
 .rodata        0x0000a05c       0x40 c:/freescale/cw mcu v10.4/cross_tools/arm-none-eabi-gcc-4_7_3/bin/../lib/gcc/arm-none-eabi/4.7.3/armv6-m\libgcc.a(divsf3.o)
 .rodata        0x0000a09c       0x40 c:/freescale/cw mcu v10.4/cross_tools/arm-none-eabi-gcc-4_7_3/bin/../lib/gcc/arm-none-eabi/4.7.3/armv6-m\libgcc.a(mulsf3.o)
 .rodata        0x0000a0dc       0x40 c:/freescale/cw mcu v10.4/cross_tools/arm-none-eabi-gcc-4_7_3/bin/../lib/gcc/arm-none-eabi/4.7.3/armv6-m\libgcc.a(divdf3.o)
 .rodata        0x0000a11c       0x40 c:/freescale/cw mcu v10.4/cross_tools/arm-none-eabi-gcc-4_7_3/bin/../lib/gcc/arm-none-eabi/4.7.3/armv6-m\libgcc.a(muldf3.o)
 *(.rodata*)
 .rodata.str1.1
                0x0000a15c       0x14 C:/Freescale/CW MCU v10.4/MCU/ARM_GCC_Support/ewl/lib/armv6-m\libc.a(printformat_fp.o)
                                 0x25 (size before relaxing)
 .rodata.CSWTCH.22
                0x0000a170       0x21 C:/Freescale/CW MCU v10.4/MCU/ARM_GCC_Support/ewl/lib/armv6-m\libc.a(printformat_fp.o)
 .rodata.CSWTCH.23
                0x0000a191       0x21 C:/Freescale/CW MCU v10.4/MCU/ARM_GCC_Support/ewl/lib/armv6-m\libc.a(printformat_fp.o)
 .rodata.__aeabi_ctype_table_C
                0x0000a1b2      0x101 C:/Freescale/CW MCU v10.4/MCU/ARM_GCC_Support/ewl/lib/armv6-m\libc.a(ctype_aeabi.o)
                0x0000a1b2                __aeabi_ctype_table_C
 *fill*         0x0000a2b3        0x5 00
 .rodata.digit_values
                0x0000a2b8       0x40 C:/Freescale/CW MCU v10.4/MCU/ARM_GCC_Support/ewl/lib/armv6-m\libm.a(ansi_fp.o)
 .rodata.bit_values
                0x0000a2f8       0x48 C:/Freescale/CW MCU v10.4/MCU/ARM_GCC_Support/ewl/lib/armv6-m\libm.a(ansi_fp.o)
 .rodata.atanlo
                0x0000a340       0x20 C:/Freescale/CW MCU v10.4/MCU/ARM_GCC_Support/ewl/lib/armv6-m\libm.a(s_atan.o)
 .rodata.atanhi
                0x0000a360       0x20 C:/Freescale/CW MCU v10.4/MCU/ARM_GCC_Support/ewl/lib/armv6-m\libm.a(s_atan.o)
 .rodata.dp_h   0x0000a380       0x10 C:/Freescale/CW MCU v10.4/MCU/ARM_GCC_Support/ewl/lib/armv6-m\libm.a(e_pow.o)
 .rodata.dp_l   0x0000a390       0x10 C:/Freescale/CW MCU v10.4/MCU/ARM_GCC_Support/ewl/lib/armv6-m\libm.a(e_pow.o)
 .rodata.bp     0x0000a3a0       0x10 C:/Freescale/CW MCU v10.4/MCU/ARM_GCC_Support/ewl/lib/armv6-m\libm.a(e_pow.o)
 *(.glue_7)
 .glue_7        0x00000000        0x0 linker stubs
 *(.glue_7t)
 .glue_7t       0x00000000        0x0 linker stubs
 *(.eh_frame)
 *(.init)
 *(.fini)
                0x0000a3b0                . = ALIGN (0x4)
                0x0000a3b0                _etext = .

.vfp11_veneer   0x0000a3b0        0x0
 .vfp11_veneer  0x00000000        0x0 linker stubs

.v4_bx          0x0000a3b0        0x0
 .v4_bx         0x00000000        0x0 linker stubs

.iplt           0x0000a3b0        0x0
 .iplt          0x00000000        0x0 ./Generated_Code/freemaster_tsa_table.o

.rel.dyn        0x0000a3b0        0x0
 .rel.iplt      0x00000000        0x0 ./Generated_Code/freemaster_tsa_table.o

.ARM.extab
 *(.ARM.extab* .gnu.linkonce.armextab.*)

.ARM            0x0000a3b0        0x0
                0x0000a3b0                __exidx_start = .
 *(.ARM.exidx*)
                0x0000a3b0                __exidx_end = .

.ctors          0x0000a3b0        0x0
                0x0000a3b0                __CTOR_LIST__ = .
 *crtbegin.o(.ctors)
 *(EXCLUDE_FILE(*crtend.o) .ctors)
 *(SORT(.ctors.*))
 *(.ctors)
                0x0000a3b0                __CTOR_END__ = .

.dtors          0x0000a3b0        0x0
                0x0000a3b0                __DTOR_LIST__ = .
 *crtbegin.o(.dtors)
 *(EXCLUDE_FILE(*crtend.o) .dtors)
 *(SORT(.dtors.*))
 *(.dtors)
                0x0000a3b0                __DTOR_END__ = .

.preinit_array  0x0000a3b0        0x0
                0x0000a3b0                PROVIDE (__preinit_array_start, .)
 *(.preinit_array*)
                0x0000a3b0                PROVIDE (__preinit_array_end, .)

.init_array     0x0000a3b0        0x0
                0x0000a3b0                PROVIDE (__init_array_start, .)
 *(SORT(.init_array.*))
 *(.init_array*)
                0x0000a3b0                PROVIDE (__init_array_end, .)

.fini_array     0x0000a3b0        0x0
                0x0000a3b0                PROVIDE (__fini_array_start, .)
 *(SORT(.fini_array.*))
 *(.fini_array*)
                0x0000a3b0                PROVIDE (__fini_array_end, .)
                0x0000a3b0                ___ROM_AT = .

.mtb            0x1ffff000        0x0
                0x1ffff000                . = ALIGN (0x8)
                0x1ffff000                _mtb_start = .
 *(.mtb_buf)
                0x1ffff000                . = ALIGN (0x8)
                0x1ffff000                _mtb_end = .

.data           0x1ffff000       0x80 load address 0x0000a3b0
                0x1ffff000                . = ALIGN (0x4)
                0x1ffff000                _sdata = .
 *(.data)
 .data          0x1ffff000        0x0 ./Generated_Code/freemaster_tsa_table.o
 .data          0x1ffff000        0x0 ./Generated_Code/freemaster_tsa.o
 .data          0x1ffff000        0x0 ./Generated_Code/freemaster_sfio.o
 .data          0x1ffff000        0x0 ./Generated_Code/freemaster_serial.o
 .data          0x1ffff000        0x0 ./Generated_Code/freemaster_scope.o
 .data          0x1ffff000        0x0 ./Generated_Code/freemaster_rec.o
 .data          0x1ffff000        0x0 ./Generated_Code/freemaster_protocol.o
 .data          0x1ffff000        0x0 ./Generated_Code/freemaster_can.o
 .data          0x1ffff000        0x0 ./Generated_Code/freemaster_bdm.o
 .data          0x1ffff000        0x0 ./Generated_Code/freemaster_appcmd.o
 .data          0x1ffff000        0x0 ./Generated_Code/freemaster_Kxx.o
 .data          0x1ffff000        0x0 ./Generated_Code/Vectors.o
 .data          0x1ffff000        0x0 ./Generated_Code/UART0.o
 .data          0x1ffff000        0x0 ./Generated_Code/TimerIntLdd1.o
 .data          0x1ffff000        0x0 ./Generated_Code/TU2.o
 .data          0x1ffff000        0x0 ./Generated_Code/TPM0.o
 .data          0x1ffff000        0x0 ./Generated_Code/TI1.o
 .data          0x1ffff000        0x0 ./Generated_Code/PE_LDD.o
 .data          0x1ffff000        0x0 ./Generated_Code/I2C2.o
 .data          0x1ffff000        0x0 ./Generated_Code/GPIO1.o
 .data          0x1ffff000        0x0 ./Generated_Code/FMSTR1.o
 .data          0x1ffff000        0x0 ./Generated_Code/EInt1.o
 .data          0x1ffff000        0x0 ./Generated_Code/Cpu.o
 .data          0x1ffff000        0x0 ./Project_Settings/Startup_Code/__arm_start.o
 .data          0x1ffff000        0x0 ./Project_Settings/Startup_Code/__arm_end.o
 .data          0x1ffff000        0x0 ./Sources/sa_mtb.o
 .data          0x1ffff000        0x0 ./Sources/ProcessorExpert.o
 .data          0x1ffff000        0x0 ./Sources/PID.o
 .data          0x1ffff000        0xc ./Sources/MPU6050.o
                0x1ffff000                GYRO_XOUT_OFFSET
                0x1ffff004                GYRO_YOUT_OFFSET
                0x1ffff008                GYRO_ZOUT_OFFSET
 .data          0x1ffff00c        0x0 ./Sources/Events.o
 .data          0x1ffff00c        0x0 C:/Freescale/CW MCU v10.4/MCU/ARM_GCC_Support/ewl/lib/armv6-m\libc.a(exit.o)
 .data          0x1ffff00c        0x0 C:/Freescale/CW MCU v10.4/MCU/ARM_GCC_Support/ewl/lib/armv6-m\libc.a(memset.o)
 .data          0x1ffff00c        0x0 C:/Freescale/CW MCU v10.4/MCU/ARM_GCC_Support/ewl/lib/armv6-m\libc.a(printformat_fp.o)
 .data          0x1ffff00c        0x0 C:/Freescale/CW MCU v10.4/MCU/ARM_GCC_Support/ewl/lib/armv6-m\libc.a(scanformat_fp.o)
 .data          0x1ffff00c        0x0 C:/Freescale/CW MCU v10.4/MCU/ARM_GCC_Support/ewl/lib/armv6-m\libc.a(ctype_aeabi.o)
 .data          0x1ffff00c        0x0 C:/Freescale/CW MCU v10.4/MCU/ARM_GCC_Support/ewl/lib/armv6-m\libc.a(__strtold.o)
 .data          0x1ffff00c        0x0 C:/Freescale/CW MCU v10.4/MCU/ARM_GCC_Support/ewl/lib/armv6-m\libc.a(vsscanf.o)
 .data          0x1ffff00c        0x0 C:/Freescale/CW MCU v10.4/MCU/ARM_GCC_Support/ewl/lib/armv6-m\libc.a(__strtoul.o)
 .data          0x1ffff00c        0x0 C:/Freescale/CW MCU v10.4/MCU/ARM_GCC_Support/ewl/lib/armv6-m\libc.a(__filll_mem.o)
 .data          0x1ffff00c        0x0 C:/Freescale/CW MCU v10.4/MCU/ARM_GCC_Support/ewl/lib/armv6-m\libc.a(memchr.o)
 .data          0x1ffff00c        0x0 C:/Freescale/CW MCU v10.4/MCU/ARM_GCC_Support/ewl/lib/armv6-m\libc.a(memcpy.o)
 .data          0x1ffff00c        0x0 C:/Freescale/CW MCU v10.4/MCU/ARM_GCC_Support/ewl/lib/armv6-m\libc.a(strchr.o)
 .data          0x1ffff00c        0x0 C:/Freescale/CW MCU v10.4/MCU/ARM_GCC_Support/ewl/lib/armv6-m\libc.a(strcpy.o)
 .data          0x1ffff00c        0x0 C:/Freescale/CW MCU v10.4/MCU/ARM_GCC_Support/ewl/lib/armv6-m\libc.a(strlen.o)
 .data          0x1ffff00c        0x0 C:/Freescale/CW MCU v10.4/MCU/ARM_GCC_Support/ewl/lib/armv6-m\libc.a(errno.o)
 .data          0x1ffff00c        0x0 C:/Freescale/CW MCU v10.4/MCU/ARM_GCC_Support/ewl/lib/armv6-m\libm.a(ansi_fp.o)
 .data          0x1ffff00c        0x0 C:/Freescale/CW MCU v10.4/MCU/ARM_GCC_Support/ewl/lib/armv6-m\libm.a(float.o)
 .data          0x1ffff00c        0x0 C:/Freescale/CW MCU v10.4/MCU/ARM_GCC_Support/ewl/lib/armv6-m\libm.a(math_api.o)
 .data          0x1ffff00c        0x0 C:/Freescale/CW MCU v10.4/MCU/ARM_GCC_Support/ewl/lib/armv6-m\libm.a(s_atan.o)
 .data          0x1ffff00c        0x0 C:/Freescale/CW MCU v10.4/MCU/ARM_GCC_Support/ewl/lib/armv6-m\libm.a(s_frexp.o)
 .data          0x1ffff00c        0x0 C:/Freescale/CW MCU v10.4/MCU/ARM_GCC_Support/ewl/lib/armv6-m\libm.a(w_pow.o)
 .data          0x1ffff00c        0x0 C:/Freescale/CW MCU v10.4/MCU/ARM_GCC_Support/ewl/lib/armv6-m\libm.a(w_sqrt.o)
 .data          0x1ffff00c        0x0 C:/Freescale/CW MCU v10.4/MCU/ARM_GCC_Support/ewl/lib/armv6-m\libm.a(e_pow.o)
 .data          0x1ffff00c        0x0 C:/Freescale/CW MCU v10.4/MCU/ARM_GCC_Support/ewl/lib/armv6-m\libm.a(e_sqrt.o)
 .data          0x1ffff00c        0x0 C:/Freescale/CW MCU v10.4/MCU/ARM_GCC_Support/ewl/lib/armv6-m\libm.a(scalbn.o)
 .data          0x1ffff00c        0x0 C:/Freescale/CW MCU v10.4/MCU/ARM_GCC_Support/ewl/lib/armv6-m\libm.a(s_ldexp.o)
 .data          0x1ffff00c        0x0 c:/freescale/cw mcu v10.4/cross_tools/arm-none-eabi-gcc-4_7_3/bin/../lib/gcc/arm-none-eabi/4.7.3/armv6-m\libgcc.a(_thumb1_case_sqi.o)
 .data          0x1ffff00c        0x0 c:/freescale/cw mcu v10.4/cross_tools/arm-none-eabi-gcc-4_7_3/bin/../lib/gcc/arm-none-eabi/4.7.3/armv6-m\libgcc.a(_thumb1_case_uqi.o)
 .data          0x1ffff00c        0x0 c:/freescale/cw mcu v10.4/cross_tools/arm-none-eabi-gcc-4_7_3/bin/../lib/gcc/arm-none-eabi/4.7.3/armv6-m\libgcc.a(_udivsi3.o)
 .data          0x1ffff00c        0x0 c:/freescale/cw mcu v10.4/cross_tools/arm-none-eabi-gcc-4_7_3/bin/../lib/gcc/arm-none-eabi/4.7.3/armv6-m\libgcc.a(_divsi3.o)
 .data          0x1ffff00c        0x0 c:/freescale/cw mcu v10.4/cross_tools/arm-none-eabi-gcc-4_7_3/bin/../lib/gcc/arm-none-eabi/4.7.3/armv6-m\libgcc.a(_dvmd_tls.o)
 .data          0x1ffff00c        0x0 c:/freescale/cw mcu v10.4/cross_tools/arm-none-eabi-gcc-4_7_3/bin/../lib/gcc/arm-none-eabi/4.7.3/armv6-m\libgcc.a(_arm_cmpdf2.o)
 .data          0x1ffff00c        0x0 c:/freescale/cw mcu v10.4/cross_tools/arm-none-eabi-gcc-4_7_3/bin/../lib/gcc/arm-none-eabi/4.7.3/armv6-m\libgcc.a(_arm_cmpsf2.o)
 .data          0x1ffff00c        0x0 c:/freescale/cw mcu v10.4/cross_tools/arm-none-eabi-gcc-4_7_3/bin/../lib/gcc/arm-none-eabi/4.7.3/armv6-m\libgcc.a(_fixunssfsi.o)
 .data          0x1ffff00c        0x0 c:/freescale/cw mcu v10.4/cross_tools/arm-none-eabi-gcc-4_7_3/bin/../lib/gcc/arm-none-eabi/4.7.3/armv6-m\libgcc.a(addsf3.o)
 .data          0x1ffff00c        0x0 c:/freescale/cw mcu v10.4/cross_tools/arm-none-eabi-gcc-4_7_3/bin/../lib/gcc/arm-none-eabi/4.7.3/armv6-m\libgcc.a(divsf3.o)
 .data          0x1ffff00c        0x0 c:/freescale/cw mcu v10.4/cross_tools/arm-none-eabi-gcc-4_7_3/bin/../lib/gcc/arm-none-eabi/4.7.3/armv6-m\libgcc.a(eqsf2.o)
 .data          0x1ffff00c        0x0 c:/freescale/cw mcu v10.4/cross_tools/arm-none-eabi-gcc-4_7_3/bin/../lib/gcc/arm-none-eabi/4.7.3/armv6-m\libgcc.a(gesf2.o)
 .data          0x1ffff00c        0x0 c:/freescale/cw mcu v10.4/cross_tools/arm-none-eabi-gcc-4_7_3/bin/../lib/gcc/arm-none-eabi/4.7.3/armv6-m\libgcc.a(lesf2.o)
 .data          0x1ffff00c        0x0 c:/freescale/cw mcu v10.4/cross_tools/arm-none-eabi-gcc-4_7_3/bin/../lib/gcc/arm-none-eabi/4.7.3/armv6-m\libgcc.a(mulsf3.o)
 .data          0x1ffff00c        0x0 c:/freescale/cw mcu v10.4/cross_tools/arm-none-eabi-gcc-4_7_3/bin/../lib/gcc/arm-none-eabi/4.7.3/armv6-m\libgcc.a(subsf3.o)
 .data          0x1ffff00c        0x0 c:/freescale/cw mcu v10.4/cross_tools/arm-none-eabi-gcc-4_7_3/bin/../lib/gcc/arm-none-eabi/4.7.3/armv6-m\libgcc.a(fixsfsi.o)
 .data          0x1ffff00c        0x0 c:/freescale/cw mcu v10.4/cross_tools/arm-none-eabi-gcc-4_7_3/bin/../lib/gcc/arm-none-eabi/4.7.3/armv6-m\libgcc.a(floatsisf.o)
 .data          0x1ffff00c        0x0 c:/freescale/cw mcu v10.4/cross_tools/arm-none-eabi-gcc-4_7_3/bin/../lib/gcc/arm-none-eabi/4.7.3/armv6-m\libgcc.a(adddf3.o)
 .data          0x1ffff00c        0x0 c:/freescale/cw mcu v10.4/cross_tools/arm-none-eabi-gcc-4_7_3/bin/../lib/gcc/arm-none-eabi/4.7.3/armv6-m\libgcc.a(divdf3.o)
 .data          0x1ffff00c        0x0 c:/freescale/cw mcu v10.4/cross_tools/arm-none-eabi-gcc-4_7_3/bin/../lib/gcc/arm-none-eabi/4.7.3/armv6-m\libgcc.a(eqdf2.o)
 .data          0x1ffff00c        0x0 c:/freescale/cw mcu v10.4/cross_tools/arm-none-eabi-gcc-4_7_3/bin/../lib/gcc/arm-none-eabi/4.7.3/armv6-m\libgcc.a(gedf2.o)
 .data          0x1ffff00c        0x0 c:/freescale/cw mcu v10.4/cross_tools/arm-none-eabi-gcc-4_7_3/bin/../lib/gcc/arm-none-eabi/4.7.3/armv6-m\libgcc.a(ledf2.o)
 .data          0x1ffff00c        0x0 c:/freescale/cw mcu v10.4/cross_tools/arm-none-eabi-gcc-4_7_3/bin/../lib/gcc/arm-none-eabi/4.7.3/armv6-m\libgcc.a(muldf3.o)
 .data          0x1ffff00c        0x0 c:/freescale/cw mcu v10.4/cross_tools/arm-none-eabi-gcc-4_7_3/bin/../lib/gcc/arm-none-eabi/4.7.3/armv6-m\libgcc.a(subdf3.o)
 .data          0x1ffff00c        0x0 c:/freescale/cw mcu v10.4/cross_tools/arm-none-eabi-gcc-4_7_3/bin/../lib/gcc/arm-none-eabi/4.7.3/armv6-m\libgcc.a(fixdfsi.o)
 .data          0x1ffff00c        0x0 c:/freescale/cw mcu v10.4/cross_tools/arm-none-eabi-gcc-4_7_3/bin/../lib/gcc/arm-none-eabi/4.7.3/armv6-m\libgcc.a(floatsidf.o)
 .data          0x1ffff00c        0x0 c:/freescale/cw mcu v10.4/cross_tools/arm-none-eabi-gcc-4_7_3/bin/../lib/gcc/arm-none-eabi/4.7.3/armv6-m\libgcc.a(extendsfdf2.o)
 .data          0x1ffff00c        0x0 c:/freescale/cw mcu v10.4/cross_tools/arm-none-eabi-gcc-4_7_3/bin/../lib/gcc/arm-none-eabi/4.7.3/armv6-m\libgcc.a(truncdfsf2.o)
 .data          0x1ffff00c        0x0 c:/freescale/cw mcu v10.4/cross_tools/arm-none-eabi-gcc-4_7_3/bin/../lib/gcc/arm-none-eabi/4.7.3/armv6-m\libgcc.a(_clzsi2.o)
 .data          0x1ffff00c        0x0 C:/Freescale/CW MCU v10.4/MCU/ARM_GCC_Support/ewl/lib/armv6-m\librt.a(gcc_ctor_dtor.o)
 .data          0x1ffff00c        0x0 C:/Freescale/CW MCU v10.4/MCU/ARM_GCC_Support/ewl/lib/armv6-m\librt.a(ROMCopy.o)
 .data          0x1ffff00c        0x0 C:/Freescale/CW MCU v10.4/MCU/ARM_GCC_Support/ewl/lib/armv6-m\librt.a(__arm_eabi_init.o)
 .data          0x1ffff00c        0x0 C:/Freescale/CW MCU v10.4/MCU/ARM_GCC_Support/ewl/lib/armv6-m\libc.a(math_ARM.o)
 .data          0x1ffff00c        0x0 c:/freescale/cw mcu v10.4/cross_tools/arm-none-eabi-gcc-4_7_3/bin/../lib/gcc/arm-none-eabi/4.7.3/armv6-m\libgcc.a(_lshrdi3.o)
 .data          0x1ffff00c        0x0 c:/freescale/cw mcu v10.4/cross_tools/arm-none-eabi-gcc-4_7_3/bin/../lib/gcc/arm-none-eabi/4.7.3/armv6-m\libgcc.a(_ashldi3.o)
 *(.data*)
 .data.__extended_tiny
                0x1ffff00c        0x8 C:/Freescale/CW MCU v10.4/MCU/ARM_GCC_Support/ewl/lib/armv6-m\libm.a(float.o)
                0x1ffff00c                __extended_tiny
 .data.__double_epsilon
                0x1ffff014        0x8 C:/Freescale/CW MCU v10.4/MCU/ARM_GCC_Support/ewl/lib/armv6-m\libm.a(float.o)
                0x1ffff014                __double_epsilon
 .data.__double_nan
                0x1ffff01c        0x8 C:/Freescale/CW MCU v10.4/MCU/ARM_GCC_Support/ewl/lib/armv6-m\libm.a(float.o)
                0x1ffff01c                __double_nan
 .data.__double_huge
                0x1ffff024        0x8 C:/Freescale/CW MCU v10.4/MCU/ARM_GCC_Support/ewl/lib/armv6-m\libm.a(float.o)
                0x1ffff024                __double_huge
 .data.__float_huge
                0x1ffff02c        0x4 C:/Freescale/CW MCU v10.4/MCU/ARM_GCC_Support/ewl/lib/armv6-m\libm.a(float.o)
                0x1ffff02c                __float_huge
 .data.__float_min
                0x1ffff030        0x4 C:/Freescale/CW MCU v10.4/MCU/ARM_GCC_Support/ewl/lib/armv6-m\libm.a(float.o)
                0x1ffff030                __float_min
 .data.__float_max
                0x1ffff034        0x4 C:/Freescale/CW MCU v10.4/MCU/ARM_GCC_Support/ewl/lib/armv6-m\libm.a(float.o)
                0x1ffff034                __float_max
 .data.__float_epsilon
                0x1ffff038        0x4 C:/Freescale/CW MCU v10.4/MCU/ARM_GCC_Support/ewl/lib/armv6-m\libm.a(float.o)
                0x1ffff038                __float_epsilon
 .data.__extended_nan
                0x1ffff03c        0x8 C:/Freescale/CW MCU v10.4/MCU/ARM_GCC_Support/ewl/lib/armv6-m\libm.a(float.o)
                0x1ffff03c                __extended_nan
 .data.__extended_epsilon
                0x1ffff044        0x8 C:/Freescale/CW MCU v10.4/MCU/ARM_GCC_Support/ewl/lib/armv6-m\libm.a(float.o)
                0x1ffff044                __extended_epsilon
 .data.__extended_huge
                0x1ffff04c        0x8 C:/Freescale/CW MCU v10.4/MCU/ARM_GCC_Support/ewl/lib/armv6-m\libm.a(float.o)
                0x1ffff04c                __extended_huge
 .data.__double_min
                0x1ffff054        0x8 C:/Freescale/CW MCU v10.4/MCU/ARM_GCC_Support/ewl/lib/armv6-m\libm.a(float.o)
                0x1ffff054                __double_min
 .data.__extended_min
                0x1ffff05c        0x8 C:/Freescale/CW MCU v10.4/MCU/ARM_GCC_Support/ewl/lib/armv6-m\libm.a(float.o)
                0x1ffff05c                __extended_min
 .data.__double_tiny
                0x1ffff064        0x8 C:/Freescale/CW MCU v10.4/MCU/ARM_GCC_Support/ewl/lib/armv6-m\libm.a(float.o)
                0x1ffff064                __double_tiny
 .data.__double_max
                0x1ffff06c        0x8 C:/Freescale/CW MCU v10.4/MCU/ARM_GCC_Support/ewl/lib/armv6-m\libm.a(float.o)
                0x1ffff06c                __double_max
 .data.__float_nan
                0x1ffff074        0x4 C:/Freescale/CW MCU v10.4/MCU/ARM_GCC_Support/ewl/lib/armv6-m\libm.a(float.o)
                0x1ffff074                __float_nan
 .data.__extended_max
                0x1ffff078        0x8 C:/Freescale/CW MCU v10.4/MCU/ARM_GCC_Support/ewl/lib/armv6-m\libm.a(float.o)
                0x1ffff078                __extended_max
                0x1ffff080                . = ALIGN (0x4)
                0x1ffff080                _edata = .
                0x00000080                ___data_size = (_edata - _sdata)

.igot.plt       0x1ffff080        0x0 load address 0x0000a430
 .igot.plt      0x00000000        0x0 ./Generated_Code/freemaster_tsa_table.o
                0x1ffff080                . = ALIGN (0x4)

.bss            0x1ffff080      0x5dc load address 0x0000a430
                0x1ffff080                __START_BSS = .
                0x1ffff080                __bss_start__ = __START_BSS
 *(.bss)
 .bss           0x1ffff080        0x0 ./Generated_Code/freemaster_tsa_table.o
 .bss           0x1ffff080        0x0 ./Generated_Code/freemaster_tsa.o
 .bss           0x1ffff080        0x0 ./Generated_Code/freemaster_sfio.o
 .bss           0x1ffff080       0x7c ./Generated_Code/freemaster_serial.o
 .bss           0x1ffff0fc       0x2c ./Generated_Code/freemaster_scope.o
 .bss           0x1ffff128      0x114 ./Generated_Code/freemaster_rec.o
 .bss           0x1ffff23c        0x0 ./Generated_Code/freemaster_protocol.o
 .bss           0x1ffff23c        0x0 ./Generated_Code/freemaster_can.o
 .bss           0x1ffff23c        0x0 ./Generated_Code/freemaster_bdm.o
 .bss           0x1ffff23c       0x18 ./Generated_Code/freemaster_appcmd.o
 .bss           0x1ffff254        0x1 ./Generated_Code/freemaster_Kxx.o
 .bss           0x1ffff255        0x0 ./Generated_Code/Vectors.o
 .bss           0x1ffff255        0x0 ./Generated_Code/UART0.o
 *fill*         0x1ffff255        0x3 00
 .bss           0x1ffff258        0xc ./Generated_Code/TimerIntLdd1.o
 .bss           0x1ffff264        0xc ./Generated_Code/TU2.o
 .bss           0x1ffff270        0x0 ./Generated_Code/TPM0.o
 .bss           0x1ffff270        0x0 ./Generated_Code/TI1.o
 .bss           0x1ffff270       0x14 ./Generated_Code/PE_LDD.o
                0x1ffff270                PE_LDD_DeviceDataList
 .bss           0x1ffff284       0x18 ./Generated_Code/I2C2.o
 .bss           0x1ffff29c        0x4 ./Generated_Code/GPIO1.o
 .bss           0x1ffff2a0        0x0 ./Generated_Code/FMSTR1.o
 .bss           0x1ffff2a0        0x8 ./Generated_Code/EInt1.o
 .bss           0x1ffff2a8        0x1 ./Generated_Code/Cpu.o
                0x1ffff2a8                SR_lock
 *fill*         0x1ffff2a9        0x3 00
 .bss           0x1ffff2ac        0x4 ./Project_Settings/Startup_Code/__arm_start.o
 .bss           0x1ffff2b0        0x0 ./Project_Settings/Startup_Code/__arm_end.o
 .bss           0x1ffff2b0        0x0 ./Sources/sa_mtb.o
 .bss           0x1ffff2b0       0x30 ./Sources/ProcessorExpert.o
                0x1ffff2b0                gui_acc_x
                0x1ffff2b4                gui_acc_y
                0x1ffff2b8                gui_acc_z
                0x1ffff2bc                gui_total_acc
                0x1ffff2c0                gui_angle
                0x1ffff2c4                gui_pid_output
                0x1ffff2c8                KP
                0x1ffff2cc                KD
                0x1ffff2d0                KI
                0x1ffff2d4                gui_gyro_x
                0x1ffff2d8                gui_gyro_y
                0x1ffff2dc                gui_gyro_z
 .bss           0x1ffff2e0        0x0 ./Sources/PID.o
 .bss           0x1ffff2e0        0xc ./Sources/MPU6050.o
                0x1ffff2e8                i
 .bss           0x1ffff2ec        0x0 ./Sources/Events.o
 .bss           0x1ffff2ec        0x0 C:/Freescale/CW MCU v10.4/MCU/ARM_GCC_Support/ewl/lib/armv6-m\libc.a(exit.o)
 .bss           0x1ffff2ec        0x0 C:/Freescale/CW MCU v10.4/MCU/ARM_GCC_Support/ewl/lib/armv6-m\libc.a(memset.o)
 .bss           0x1ffff2ec        0x0 C:/Freescale/CW MCU v10.4/MCU/ARM_GCC_Support/ewl/lib/armv6-m\libc.a(printformat_fp.o)
 .bss           0x1ffff2ec        0x0 C:/Freescale/CW MCU v10.4/MCU/ARM_GCC_Support/ewl/lib/armv6-m\libc.a(scanformat_fp.o)
 .bss           0x1ffff2ec        0x0 C:/Freescale/CW MCU v10.4/MCU/ARM_GCC_Support/ewl/lib/armv6-m\libc.a(ctype_aeabi.o)
 .bss           0x1ffff2ec        0x0 C:/Freescale/CW MCU v10.4/MCU/ARM_GCC_Support/ewl/lib/armv6-m\libc.a(__strtold.o)
 .bss           0x1ffff2ec        0x0 C:/Freescale/CW MCU v10.4/MCU/ARM_GCC_Support/ewl/lib/armv6-m\libc.a(vsscanf.o)
 .bss           0x1ffff2ec        0x0 C:/Freescale/CW MCU v10.4/MCU/ARM_GCC_Support/ewl/lib/armv6-m\libc.a(__strtoul.o)
 .bss           0x1ffff2ec        0x0 C:/Freescale/CW MCU v10.4/MCU/ARM_GCC_Support/ewl/lib/armv6-m\libc.a(__filll_mem.o)
 .bss           0x1ffff2ec        0x0 C:/Freescale/CW MCU v10.4/MCU/ARM_GCC_Support/ewl/lib/armv6-m\libc.a(memchr.o)
 .bss           0x1ffff2ec        0x0 C:/Freescale/CW MCU v10.4/MCU/ARM_GCC_Support/ewl/lib/armv6-m\libc.a(memcpy.o)
 .bss           0x1ffff2ec        0x0 C:/Freescale/CW MCU v10.4/MCU/ARM_GCC_Support/ewl/lib/armv6-m\libc.a(strchr.o)
 .bss           0x1ffff2ec        0x0 C:/Freescale/CW MCU v10.4/MCU/ARM_GCC_Support/ewl/lib/armv6-m\libc.a(strcpy.o)
 .bss           0x1ffff2ec        0x0 C:/Freescale/CW MCU v10.4/MCU/ARM_GCC_Support/ewl/lib/armv6-m\libc.a(strlen.o)
 .bss           0x1ffff2ec        0x0 C:/Freescale/CW MCU v10.4/MCU/ARM_GCC_Support/ewl/lib/armv6-m\libc.a(errno.o)
 .bss           0x1ffff2ec        0x0 C:/Freescale/CW MCU v10.4/MCU/ARM_GCC_Support/ewl/lib/armv6-m\libm.a(ansi_fp.o)
 .bss           0x1ffff2ec        0x0 C:/Freescale/CW MCU v10.4/MCU/ARM_GCC_Support/ewl/lib/armv6-m\libm.a(float.o)
 .bss           0x1ffff2ec        0x0 C:/Freescale/CW MCU v10.4/MCU/ARM_GCC_Support/ewl/lib/armv6-m\libm.a(math_api.o)
 .bss           0x1ffff2ec        0x0 C:/Freescale/CW MCU v10.4/MCU/ARM_GCC_Support/ewl/lib/armv6-m\libm.a(s_atan.o)
 .bss           0x1ffff2ec        0x0 C:/Freescale/CW MCU v10.4/MCU/ARM_GCC_Support/ewl/lib/armv6-m\libm.a(s_frexp.o)
 .bss           0x1ffff2ec        0x0 C:/Freescale/CW MCU v10.4/MCU/ARM_GCC_Support/ewl/lib/armv6-m\libm.a(w_pow.o)
 .bss           0x1ffff2ec        0x0 C:/Freescale/CW MCU v10.4/MCU/ARM_GCC_Support/ewl/lib/armv6-m\libm.a(w_sqrt.o)
 .bss           0x1ffff2ec        0x0 C:/Freescale/CW MCU v10.4/MCU/ARM_GCC_Support/ewl/lib/armv6-m\libm.a(e_pow.o)
 .bss           0x1ffff2ec        0x0 C:/Freescale/CW MCU v10.4/MCU/ARM_GCC_Support/ewl/lib/armv6-m\libm.a(e_sqrt.o)
 .bss           0x1ffff2ec        0x0 C:/Freescale/CW MCU v10.4/MCU/ARM_GCC_Support/ewl/lib/armv6-m\libm.a(scalbn.o)
 .bss           0x1ffff2ec        0x0 C:/Freescale/CW MCU v10.4/MCU/ARM_GCC_Support/ewl/lib/armv6-m\libm.a(s_ldexp.o)
 .bss           0x1ffff2ec        0x0 c:/freescale/cw mcu v10.4/cross_tools/arm-none-eabi-gcc-4_7_3/bin/../lib/gcc/arm-none-eabi/4.7.3/armv6-m\libgcc.a(_thumb1_case_sqi.o)
 .bss           0x1ffff2ec        0x0 c:/freescale/cw mcu v10.4/cross_tools/arm-none-eabi-gcc-4_7_3/bin/../lib/gcc/arm-none-eabi/4.7.3/armv6-m\libgcc.a(_thumb1_case_uqi.o)
 .bss           0x1ffff2ec        0x0 c:/freescale/cw mcu v10.4/cross_tools/arm-none-eabi-gcc-4_7_3/bin/../lib/gcc/arm-none-eabi/4.7.3/armv6-m\libgcc.a(_udivsi3.o)
 .bss           0x1ffff2ec        0x0 c:/freescale/cw mcu v10.4/cross_tools/arm-none-eabi-gcc-4_7_3/bin/../lib/gcc/arm-none-eabi/4.7.3/armv6-m\libgcc.a(_divsi3.o)
 .bss           0x1ffff2ec        0x0 c:/freescale/cw mcu v10.4/cross_tools/arm-none-eabi-gcc-4_7_3/bin/../lib/gcc/arm-none-eabi/4.7.3/armv6-m\libgcc.a(_dvmd_tls.o)
 .bss           0x1ffff2ec        0x0 c:/freescale/cw mcu v10.4/cross_tools/arm-none-eabi-gcc-4_7_3/bin/../lib/gcc/arm-none-eabi/4.7.3/armv6-m\libgcc.a(_arm_cmpdf2.o)
 .bss           0x1ffff2ec        0x0 c:/freescale/cw mcu v10.4/cross_tools/arm-none-eabi-gcc-4_7_3/bin/../lib/gcc/arm-none-eabi/4.7.3/armv6-m\libgcc.a(_arm_cmpsf2.o)
 .bss           0x1ffff2ec        0x0 c:/freescale/cw mcu v10.4/cross_tools/arm-none-eabi-gcc-4_7_3/bin/../lib/gcc/arm-none-eabi/4.7.3/armv6-m\libgcc.a(_fixunssfsi.o)
 .bss           0x1ffff2ec        0x0 c:/freescale/cw mcu v10.4/cross_tools/arm-none-eabi-gcc-4_7_3/bin/../lib/gcc/arm-none-eabi/4.7.3/armv6-m\libgcc.a(addsf3.o)
 .bss           0x1ffff2ec        0x0 c:/freescale/cw mcu v10.4/cross_tools/arm-none-eabi-gcc-4_7_3/bin/../lib/gcc/arm-none-eabi/4.7.3/armv6-m\libgcc.a(divsf3.o)
 .bss           0x1ffff2ec        0x0 c:/freescale/cw mcu v10.4/cross_tools/arm-none-eabi-gcc-4_7_3/bin/../lib/gcc/arm-none-eabi/4.7.3/armv6-m\libgcc.a(eqsf2.o)
 .bss           0x1ffff2ec        0x0 c:/freescale/cw mcu v10.4/cross_tools/arm-none-eabi-gcc-4_7_3/bin/../lib/gcc/arm-none-eabi/4.7.3/armv6-m\libgcc.a(gesf2.o)
 .bss           0x1ffff2ec        0x0 c:/freescale/cw mcu v10.4/cross_tools/arm-none-eabi-gcc-4_7_3/bin/../lib/gcc/arm-none-eabi/4.7.3/armv6-m\libgcc.a(lesf2.o)
 .bss           0x1ffff2ec        0x0 c:/freescale/cw mcu v10.4/cross_tools/arm-none-eabi-gcc-4_7_3/bin/../lib/gcc/arm-none-eabi/4.7.3/armv6-m\libgcc.a(mulsf3.o)
 .bss           0x1ffff2ec        0x0 c:/freescale/cw mcu v10.4/cross_tools/arm-none-eabi-gcc-4_7_3/bin/../lib/gcc/arm-none-eabi/4.7.3/armv6-m\libgcc.a(subsf3.o)
 .bss           0x1ffff2ec        0x0 c:/freescale/cw mcu v10.4/cross_tools/arm-none-eabi-gcc-4_7_3/bin/../lib/gcc/arm-none-eabi/4.7.3/armv6-m\libgcc.a(fixsfsi.o)
 .bss           0x1ffff2ec        0x0 c:/freescale/cw mcu v10.4/cross_tools/arm-none-eabi-gcc-4_7_3/bin/../lib/gcc/arm-none-eabi/4.7.3/armv6-m\libgcc.a(floatsisf.o)
 .bss           0x1ffff2ec        0x0 c:/freescale/cw mcu v10.4/cross_tools/arm-none-eabi-gcc-4_7_3/bin/../lib/gcc/arm-none-eabi/4.7.3/armv6-m\libgcc.a(adddf3.o)
 .bss           0x1ffff2ec        0x0 c:/freescale/cw mcu v10.4/cross_tools/arm-none-eabi-gcc-4_7_3/bin/../lib/gcc/arm-none-eabi/4.7.3/armv6-m\libgcc.a(divdf3.o)
 .bss           0x1ffff2ec        0x0 c:/freescale/cw mcu v10.4/cross_tools/arm-none-eabi-gcc-4_7_3/bin/../lib/gcc/arm-none-eabi/4.7.3/armv6-m\libgcc.a(eqdf2.o)
 .bss           0x1ffff2ec        0x0 c:/freescale/cw mcu v10.4/cross_tools/arm-none-eabi-gcc-4_7_3/bin/../lib/gcc/arm-none-eabi/4.7.3/armv6-m\libgcc.a(gedf2.o)
 .bss           0x1ffff2ec        0x0 c:/freescale/cw mcu v10.4/cross_tools/arm-none-eabi-gcc-4_7_3/bin/../lib/gcc/arm-none-eabi/4.7.3/armv6-m\libgcc.a(ledf2.o)
 .bss           0x1ffff2ec        0x0 c:/freescale/cw mcu v10.4/cross_tools/arm-none-eabi-gcc-4_7_3/bin/../lib/gcc/arm-none-eabi/4.7.3/armv6-m\libgcc.a(muldf3.o)
 .bss           0x1ffff2ec        0x0 c:/freescale/cw mcu v10.4/cross_tools/arm-none-eabi-gcc-4_7_3/bin/../lib/gcc/arm-none-eabi/4.7.3/armv6-m\libgcc.a(subdf3.o)
 .bss           0x1ffff2ec        0x0 c:/freescale/cw mcu v10.4/cross_tools/arm-none-eabi-gcc-4_7_3/bin/../lib/gcc/arm-none-eabi/4.7.3/armv6-m\libgcc.a(fixdfsi.o)
 .bss           0x1ffff2ec        0x0 c:/freescale/cw mcu v10.4/cross_tools/arm-none-eabi-gcc-4_7_3/bin/../lib/gcc/arm-none-eabi/4.7.3/armv6-m\libgcc.a(floatsidf.o)
 .bss           0x1ffff2ec        0x0 c:/freescale/cw mcu v10.4/cross_tools/arm-none-eabi-gcc-4_7_3/bin/../lib/gcc/arm-none-eabi/4.7.3/armv6-m\libgcc.a(extendsfdf2.o)
 .bss           0x1ffff2ec        0x0 c:/freescale/cw mcu v10.4/cross_tools/arm-none-eabi-gcc-4_7_3/bin/../lib/gcc/arm-none-eabi/4.7.3/armv6-m\libgcc.a(truncdfsf2.o)
 .bss           0x1ffff2ec        0x0 c:/freescale/cw mcu v10.4/cross_tools/arm-none-eabi-gcc-4_7_3/bin/../lib/gcc/arm-none-eabi/4.7.3/armv6-m\libgcc.a(_clzsi2.o)
 .bss           0x1ffff2ec        0x0 C:/Freescale/CW MCU v10.4/MCU/ARM_GCC_Support/ewl/lib/armv6-m\librt.a(gcc_ctor_dtor.o)
 .bss           0x1ffff2ec        0x0 C:/Freescale/CW MCU v10.4/MCU/ARM_GCC_Support/ewl/lib/armv6-m\librt.a(ROMCopy.o)
 .bss           0x1ffff2ec        0x0 C:/Freescale/CW MCU v10.4/MCU/ARM_GCC_Support/ewl/lib/armv6-m\librt.a(__arm_eabi_init.o)
 .bss           0x1ffff2ec        0x0 C:/Freescale/CW MCU v10.4/MCU/ARM_GCC_Support/ewl/lib/armv6-m\libc.a(math_ARM.o)
 .bss           0x1ffff2ec        0x0 c:/freescale/cw mcu v10.4/cross_tools/arm-none-eabi-gcc-4_7_3/bin/../lib/gcc/arm-none-eabi/4.7.3/armv6-m\libgcc.a(_lshrdi3.o)
 .bss           0x1ffff2ec        0x0 c:/freescale/cw mcu v10.4/cross_tools/arm-none-eabi-gcc-4_7_3/bin/../lib/gcc/arm-none-eabi/4.7.3/armv6-m\libgcc.a(_ashldi3.o)
 *(.bss*)
 .bss.__stdio_exit
                0x1ffff2ec        0x4 C:/Freescale/CW MCU v10.4/MCU/ARM_GCC_Support/ewl/lib/armv6-m\libc.a(exit.o)
                0x1ffff2ec                __stdio_exit
 .bss.__console_exit
                0x1ffff2f0        0x4 C:/Freescale/CW MCU v10.4/MCU/ARM_GCC_Support/ewl/lib/armv6-m\libc.a(exit.o)
                0x1ffff2f0                __console_exit
 .bss.__dso_handle
                0x1ffff2f4        0x4 C:/Freescale/CW MCU v10.4/MCU/ARM_GCC_Support/ewl/lib/armv6-m\librt.a(gcc_ctor_dtor.o)
                0x1ffff2f4                __dso_handle
 .bss.__S_romp  0x1ffff2f8        0xc C:/Freescale/CW MCU v10.4/MCU/ARM_GCC_Support/ewl/lib/armv6-m\librt.a(ROMCopy.o)
 .bss.atexit_curr_func
                0x1ffff304        0x4 C:/Freescale/CW MCU v10.4/MCU/ARM_GCC_Support/ewl/lib/armv6-m\librt.a(__arm_eabi_init.o)
 .bss.atexit_funcs
                0x1ffff308      0x300 C:/Freescale/CW MCU v10.4/MCU/ARM_GCC_Support/ewl/lib/armv6-m\librt.a(__arm_eabi_init.o)
 .bss.__global_destructor_chain
                0x1ffff608        0x4 C:/Freescale/CW MCU v10.4/MCU/ARM_GCC_Support/ewl/lib/armv6-m\librt.a(__arm_eabi_init.o)
                0x1ffff608                __global_destructor_chain
 *(COMMON)
 COMMON         0x1ffff60c       0x48 ./Generated_Code/freemaster_rec.o
                0x1ffff60c                pcm_pRecVarAddr
                0x1ffff62c                pcm_wRecBuffStartIx
                0x1ffff630                pcm_dwRecEndBuffPtr
                0x1ffff634                pcm_pRecVarSize
                0x1ffff63c                pcm_wRecTotalSmps
                0x1ffff63e                pcm_nRecVarCount
                0x1ffff640                pcm_wRecTimeDivCtr
                0x1ffff642                pcm_wStoprecCountDown
                0x1ffff644                pcm_nRecTriggerMode
                0x1ffff648                pcm_wRecFlags
                0x1ffff64c                pcm_wRecTimeDiv
                0x1ffff64e                pcm_wRecPostTrigger
                0x1ffff650                pcm_dwRecWritePtr
 COMMON         0x1ffff654        0x1 ./Generated_Code/Cpu.o
                0x1ffff654                SR_reg
 *fill*         0x1ffff655        0x3 00
 COMMON         0x1ffff658        0x4 C:/Freescale/CW MCU v10.4/MCU/ARM_GCC_Support/ewl/lib/armv6-m\libc.a(errno.o)
                0x1ffff658                errno
                0x1ffff65c                . = ALIGN (0x4)
                0x1ffff65c                __END_BSS = .
                0x1ffff65c                __bss_end__ = __END_BSS

._user_heap_stack
                0x1ffff65c      0x400 load address 0x0000aa0c
                0x1ffff65c                . = ALIGN (0x4)
                0x1ffff65c                PROVIDE (end, .)
                0x1ffff65c                PROVIDE (_end, .)
                0x1ffff65c                __heap_addr = .
                0x1ffff65c                . = (. + __heap_size)
                0x1ffffa5c                . = (. + __stack_size)
 *fill*         0x1ffff65c      0x400 00
                0x1ffffa5c                . = ALIGN (0x4)
                0x0000a430                _romp_at = (___ROM_AT + SIZEOF (.data))

.romp           0x1ffffa5c       0x18 load address 0x0000a430
                0x0000a430                __S_romp = _romp_at
                0x1ffffa5c        0x4 LONG 0xa3b0 ___ROM_AT
                0x1ffffa60        0x4 LONG 0x1ffff000 _sdata
                0x1ffffa64        0x4 LONG 0x80 ___data_size
                0x1ffffa68        0x4 LONG 0x0
                0x1ffffa6c        0x4 LONG 0x0
                0x1ffffa70        0x4 LONG 0x0

.ARM.attributes
                0x00000000       0x31
 *(.ARM.attributes)
 .ARM.attributes
                0x00000000       0x31 ./Generated_Code/freemaster_tsa_table.o
 .ARM.attributes
                0x00000031       0x31 ./Generated_Code/freemaster_tsa.o
 .ARM.attributes
                0x00000062       0x31 ./Generated_Code/freemaster_sfio.o
 .ARM.attributes
                0x00000093       0x31 ./Generated_Code/freemaster_serial.o
 .ARM.attributes
                0x000000c4       0x31 ./Generated_Code/freemaster_scope.o
 .ARM.attributes
                0x000000f5       0x31 ./Generated_Code/freemaster_rec.o
 .ARM.attributes
                0x00000126       0x31 ./Generated_Code/freemaster_protocol.o
 .ARM.attributes
                0x00000157       0x31 ./Generated_Code/freemaster_can.o
 .ARM.attributes
                0x00000188       0x31 ./Generated_Code/freemaster_bdm.o
 .ARM.attributes
                0x000001b9       0x31 ./Generated_Code/freemaster_appcmd.o
 .ARM.attributes
                0x000001ea       0x31 ./Generated_Code/freemaster_Kxx.o
 .ARM.attributes
                0x0000021b       0x31 ./Generated_Code/Vectors.o
 .ARM.attributes
                0x0000024c       0x31 ./Generated_Code/UART0.o
 .ARM.attributes
                0x0000027d       0x31 ./Generated_Code/TimerIntLdd1.o
 .ARM.attributes
                0x000002ae       0x31 ./Generated_Code/TU2.o
 .ARM.attributes
                0x000002df       0x31 ./Generated_Code/TPM0.o
 .ARM.attributes
                0x00000310       0x31 ./Generated_Code/TI1.o
 .ARM.attributes
                0x00000341       0x31 ./Generated_Code/PE_LDD.o
 .ARM.attributes
                0x00000372       0x31 ./Generated_Code/I2C2.o
 .ARM.attributes
                0x000003a3       0x31 ./Generated_Code/GPIO1.o
 .ARM.attributes
                0x000003d4       0x31 ./Generated_Code/FMSTR1.o
 .ARM.attributes
                0x00000405       0x31 ./Generated_Code/EInt1.o
 .ARM.attributes
                0x00000436       0x31 ./Generated_Code/Cpu.o
 .ARM.attributes
                0x00000467       0x31 ./Project_Settings/Startup_Code/__arm_start.o
 .ARM.attributes
                0x00000498       0x31 ./Project_Settings/Startup_Code/__arm_end.o
 .ARM.attributes
                0x000004c9       0x31 ./Sources/sa_mtb.o
 .ARM.attributes
                0x000004fa       0x31 ./Sources/ProcessorExpert.o
 .ARM.attributes
                0x0000052b       0x31 ./Sources/PID.o
 .ARM.attributes
                0x0000055c       0x31 ./Sources/MPU6050.o
 .ARM.attributes
                0x0000058d       0x31 ./Sources/Events.o
 .ARM.attributes
                0x000005be       0x31 C:/Freescale/CW MCU v10.4/MCU/ARM_GCC_Support/ewl/lib/armv6-m\libc.a(exit.o)
 .ARM.attributes
                0x000005ef       0x31 C:/Freescale/CW MCU v10.4/MCU/ARM_GCC_Support/ewl/lib/armv6-m\libc.a(memset.o)
 .ARM.attributes
                0x00000620       0x31 C:/Freescale/CW MCU v10.4/MCU/ARM_GCC_Support/ewl/lib/armv6-m\libc.a(printformat_fp.o)
 .ARM.attributes
                0x00000651       0x31 C:/Freescale/CW MCU v10.4/MCU/ARM_GCC_Support/ewl/lib/armv6-m\libc.a(scanformat_fp.o)
 .ARM.attributes
                0x00000682       0x31 C:/Freescale/CW MCU v10.4/MCU/ARM_GCC_Support/ewl/lib/armv6-m\libc.a(ctype_aeabi.o)
 .ARM.attributes
                0x000006b3       0x31 C:/Freescale/CW MCU v10.4/MCU/ARM_GCC_Support/ewl/lib/armv6-m\libc.a(__strtold.o)
 .ARM.attributes
                0x000006e4       0x31 C:/Freescale/CW MCU v10.4/MCU/ARM_GCC_Support/ewl/lib/armv6-m\libc.a(vsscanf.o)
 .ARM.attributes
                0x00000715       0x31 C:/Freescale/CW MCU v10.4/MCU/ARM_GCC_Support/ewl/lib/armv6-m\libc.a(__strtoul.o)
 .ARM.attributes
                0x00000746       0x31 C:/Freescale/CW MCU v10.4/MCU/ARM_GCC_Support/ewl/lib/armv6-m\libc.a(__filll_mem.o)
 .ARM.attributes
                0x00000777       0x31 C:/Freescale/CW MCU v10.4/MCU/ARM_GCC_Support/ewl/lib/armv6-m\libc.a(memchr.o)
 .ARM.attributes
                0x000007a8       0x31 C:/Freescale/CW MCU v10.4/MCU/ARM_GCC_Support/ewl/lib/armv6-m\libc.a(memcpy.o)
 .ARM.attributes
                0x000007d9       0x31 C:/Freescale/CW MCU v10.4/MCU/ARM_GCC_Support/ewl/lib/armv6-m\libc.a(strchr.o)
 .ARM.attributes
                0x0000080a       0x31 C:/Freescale/CW MCU v10.4/MCU/ARM_GCC_Support/ewl/lib/armv6-m\libc.a(strcpy.o)
 .ARM.attributes
                0x0000083b       0x31 C:/Freescale/CW MCU v10.4/MCU/ARM_GCC_Support/ewl/lib/armv6-m\libc.a(strlen.o)
 .ARM.attributes
                0x0000086c       0x31 C:/Freescale/CW MCU v10.4/MCU/ARM_GCC_Support/ewl/lib/armv6-m\libc.a(errno.o)
 .ARM.attributes
                0x0000089d       0x31 C:/Freescale/CW MCU v10.4/MCU/ARM_GCC_Support/ewl/lib/armv6-m\libm.a(ansi_fp.o)
 .ARM.attributes
                0x000008ce       0x31 C:/Freescale/CW MCU v10.4/MCU/ARM_GCC_Support/ewl/lib/armv6-m\libm.a(float.o)
 .ARM.attributes
                0x000008ff       0x31 C:/Freescale/CW MCU v10.4/MCU/ARM_GCC_Support/ewl/lib/armv6-m\libm.a(math_api.o)
 .ARM.attributes
                0x00000930       0x31 C:/Freescale/CW MCU v10.4/MCU/ARM_GCC_Support/ewl/lib/armv6-m\libm.a(s_atan.o)
 .ARM.attributes
                0x00000961       0x31 C:/Freescale/CW MCU v10.4/MCU/ARM_GCC_Support/ewl/lib/armv6-m\libm.a(s_frexp.o)
 .ARM.attributes
                0x00000992       0x31 C:/Freescale/CW MCU v10.4/MCU/ARM_GCC_Support/ewl/lib/armv6-m\libm.a(w_pow.o)
 .ARM.attributes
                0x000009c3       0x31 C:/Freescale/CW MCU v10.4/MCU/ARM_GCC_Support/ewl/lib/armv6-m\libm.a(w_sqrt.o)
 .ARM.attributes
                0x000009f4       0x31 C:/Freescale/CW MCU v10.4/MCU/ARM_GCC_Support/ewl/lib/armv6-m\libm.a(e_pow.o)
 .ARM.attributes
                0x00000a25       0x31 C:/Freescale/CW MCU v10.4/MCU/ARM_GCC_Support/ewl/lib/armv6-m\libm.a(e_sqrt.o)
 .ARM.attributes
                0x00000a56       0x31 C:/Freescale/CW MCU v10.4/MCU/ARM_GCC_Support/ewl/lib/armv6-m\libm.a(scalbn.o)
 .ARM.attributes
                0x00000a87       0x31 C:/Freescale/CW MCU v10.4/MCU/ARM_GCC_Support/ewl/lib/armv6-m\libm.a(s_ldexp.o)
 .ARM.attributes
                0x00000ab8       0x1e c:/freescale/cw mcu v10.4/cross_tools/arm-none-eabi-gcc-4_7_3/bin/../lib/gcc/arm-none-eabi/4.7.3/armv6-m\libgcc.a(_thumb1_case_sqi.o)
 .ARM.attributes
                0x00000ad6       0x1e c:/freescale/cw mcu v10.4/cross_tools/arm-none-eabi-gcc-4_7_3/bin/../lib/gcc/arm-none-eabi/4.7.3/armv6-m\libgcc.a(_thumb1_case_uqi.o)
 .ARM.attributes
                0x00000af4       0x1e c:/freescale/cw mcu v10.4/cross_tools/arm-none-eabi-gcc-4_7_3/bin/../lib/gcc/arm-none-eabi/4.7.3/armv6-m\libgcc.a(_udivsi3.o)
 .ARM.attributes
                0x00000b12       0x1e c:/freescale/cw mcu v10.4/cross_tools/arm-none-eabi-gcc-4_7_3/bin/../lib/gcc/arm-none-eabi/4.7.3/armv6-m\libgcc.a(_divsi3.o)
 .ARM.attributes
                0x00000b30       0x1e c:/freescale/cw mcu v10.4/cross_tools/arm-none-eabi-gcc-4_7_3/bin/../lib/gcc/arm-none-eabi/4.7.3/armv6-m\libgcc.a(_dvmd_tls.o)
 .ARM.attributes
                0x00000b4e       0x1e c:/freescale/cw mcu v10.4/cross_tools/arm-none-eabi-gcc-4_7_3/bin/../lib/gcc/arm-none-eabi/4.7.3/armv6-m\libgcc.a(_arm_cmpdf2.o)
 .ARM.attributes
                0x00000b6c       0x1e c:/freescale/cw mcu v10.4/cross_tools/arm-none-eabi-gcc-4_7_3/bin/../lib/gcc/arm-none-eabi/4.7.3/armv6-m\libgcc.a(_arm_cmpsf2.o)
 .ARM.attributes
                0x00000b8a       0x2c c:/freescale/cw mcu v10.4/cross_tools/arm-none-eabi-gcc-4_7_3/bin/../lib/gcc/arm-none-eabi/4.7.3/armv6-m\libgcc.a(_fixunssfsi.o)
 .ARM.attributes
                0x00000bb6       0x2c c:/freescale/cw mcu v10.4/cross_tools/arm-none-eabi-gcc-4_7_3/bin/../lib/gcc/arm-none-eabi/4.7.3/armv6-m\libgcc.a(addsf3.o)
 .ARM.attributes
                0x00000be2       0x2c c:/freescale/cw mcu v10.4/cross_tools/arm-none-eabi-gcc-4_7_3/bin/../lib/gcc/arm-none-eabi/4.7.3/armv6-m\libgcc.a(divsf3.o)
 .ARM.attributes
                0x00000c0e       0x2c c:/freescale/cw mcu v10.4/cross_tools/arm-none-eabi-gcc-4_7_3/bin/../lib/gcc/arm-none-eabi/4.7.3/armv6-m\libgcc.a(eqsf2.o)
 .ARM.attributes
                0x00000c3a       0x2c c:/freescale/cw mcu v10.4/cross_tools/arm-none-eabi-gcc-4_7_3/bin/../lib/gcc/arm-none-eabi/4.7.3/armv6-m\libgcc.a(gesf2.o)
 .ARM.attributes
                0x00000c66       0x2c c:/freescale/cw mcu v10.4/cross_tools/arm-none-eabi-gcc-4_7_3/bin/../lib/gcc/arm-none-eabi/4.7.3/armv6-m\libgcc.a(lesf2.o)
 .ARM.attributes
                0x00000c92       0x2c c:/freescale/cw mcu v10.4/cross_tools/arm-none-eabi-gcc-4_7_3/bin/../lib/gcc/arm-none-eabi/4.7.3/armv6-m\libgcc.a(mulsf3.o)
 .ARM.attributes
                0x00000cbe       0x2c c:/freescale/cw mcu v10.4/cross_tools/arm-none-eabi-gcc-4_7_3/bin/../lib/gcc/arm-none-eabi/4.7.3/armv6-m\libgcc.a(subsf3.o)
 .ARM.attributes
                0x00000cea       0x2c c:/freescale/cw mcu v10.4/cross_tools/arm-none-eabi-gcc-4_7_3/bin/../lib/gcc/arm-none-eabi/4.7.3/armv6-m\libgcc.a(fixsfsi.o)
 .ARM.attributes
                0x00000d16       0x2c c:/freescale/cw mcu v10.4/cross_tools/arm-none-eabi-gcc-4_7_3/bin/../lib/gcc/arm-none-eabi/4.7.3/armv6-m\libgcc.a(floatsisf.o)
 .ARM.attributes
                0x00000d42       0x2c c:/freescale/cw mcu v10.4/cross_tools/arm-none-eabi-gcc-4_7_3/bin/../lib/gcc/arm-none-eabi/4.7.3/armv6-m\libgcc.a(adddf3.o)
 .ARM.attributes
                0x00000d6e       0x2c c:/freescale/cw mcu v10.4/cross_tools/arm-none-eabi-gcc-4_7_3/bin/../lib/gcc/arm-none-eabi/4.7.3/armv6-m\libgcc.a(divdf3.o)
 .ARM.attributes
                0x00000d9a       0x2c c:/freescale/cw mcu v10.4/cross_tools/arm-none-eabi-gcc-4_7_3/bin/../lib/gcc/arm-none-eabi/4.7.3/armv6-m\libgcc.a(eqdf2.o)
 .ARM.attributes
                0x00000dc6       0x2c c:/freescale/cw mcu v10.4/cross_tools/arm-none-eabi-gcc-4_7_3/bin/../lib/gcc/arm-none-eabi/4.7.3/armv6-m\libgcc.a(gedf2.o)
 .ARM.attributes
                0x00000df2       0x2c c:/freescale/cw mcu v10.4/cross_tools/arm-none-eabi-gcc-4_7_3/bin/../lib/gcc/arm-none-eabi/4.7.3/armv6-m\libgcc.a(ledf2.o)
 .ARM.attributes
                0x00000e1e       0x2c c:/freescale/cw mcu v10.4/cross_tools/arm-none-eabi-gcc-4_7_3/bin/../lib/gcc/arm-none-eabi/4.7.3/armv6-m\libgcc.a(muldf3.o)
 .ARM.attributes
                0x00000e4a       0x2c c:/freescale/cw mcu v10.4/cross_tools/arm-none-eabi-gcc-4_7_3/bin/../lib/gcc/arm-none-eabi/4.7.3/armv6-m\libgcc.a(subdf3.o)
 .ARM.attributes
                0x00000e76       0x2c c:/freescale/cw mcu v10.4/cross_tools/arm-none-eabi-gcc-4_7_3/bin/../lib/gcc/arm-none-eabi/4.7.3/armv6-m\libgcc.a(fixdfsi.o)
 .ARM.attributes
                0x00000ea2       0x2c c:/freescale/cw mcu v10.4/cross_tools/arm-none-eabi-gcc-4_7_3/bin/../lib/gcc/arm-none-eabi/4.7.3/armv6-m\libgcc.a(floatsidf.o)
 .ARM.attributes
                0x00000ece       0x2c c:/freescale/cw mcu v10.4/cross_tools/arm-none-eabi-gcc-4_7_3/bin/../lib/gcc/arm-none-eabi/4.7.3/armv6-m\libgcc.a(extendsfdf2.o)
 .ARM.attributes
                0x00000efa       0x2c c:/freescale/cw mcu v10.4/cross_tools/arm-none-eabi-gcc-4_7_3/bin/../lib/gcc/arm-none-eabi/4.7.3/armv6-m\libgcc.a(truncdfsf2.o)
 .ARM.attributes
                0x00000f26       0x1e c:/freescale/cw mcu v10.4/cross_tools/arm-none-eabi-gcc-4_7_3/bin/../lib/gcc/arm-none-eabi/4.7.3/armv6-m\libgcc.a(_clzsi2.o)
 .ARM.attributes
                0x00000f44       0x31 C:/Freescale/CW MCU v10.4/MCU/ARM_GCC_Support/ewl/lib/armv6-m\librt.a(gcc_ctor_dtor.o)
 .ARM.attributes
                0x00000f75       0x31 C:/Freescale/CW MCU v10.4/MCU/ARM_GCC_Support/ewl/lib/armv6-m\librt.a(ROMCopy.o)
 .ARM.attributes
                0x00000fa6       0x31 C:/Freescale/CW MCU v10.4/MCU/ARM_GCC_Support/ewl/lib/armv6-m\librt.a(__arm_eabi_init.o)
 .ARM.attributes
                0x00000fd7       0x31 C:/Freescale/CW MCU v10.4/MCU/ARM_GCC_Support/ewl/lib/armv6-m\libc.a(math_ARM.o)
 .ARM.attributes
                0x00001008       0x1e c:/freescale/cw mcu v10.4/cross_tools/arm-none-eabi-gcc-4_7_3/bin/../lib/gcc/arm-none-eabi/4.7.3/armv6-m\libgcc.a(_lshrdi3.o)
 .ARM.attributes
                0x00001026       0x1e c:/freescale/cw mcu v10.4/cross_tools/arm-none-eabi-gcc-4_7_3/bin/../lib/gcc/arm-none-eabi/4.7.3/armv6-m\libgcc.a(_ashldi3.o)
OUTPUT(CUBalance.elf elf32-littlearm)

.debug_info     0x00000000     0x9e32
 .debug_info    0x00000000      0x1c5 ./Generated_Code/freemaster_tsa_table.o
 .debug_info    0x000001c5       0x53 ./Generated_Code/freemaster_tsa.o
 .debug_info    0x00000218       0x53 ./Generated_Code/freemaster_sfio.o
 .debug_info    0x0000026b      0x466 ./Generated_Code/freemaster_serial.o
 .debug_info    0x000006d1      0x195 ./Generated_Code/freemaster_scope.o
 .debug_info    0x00000866      0x6d7 ./Generated_Code/freemaster_rec.o
 .debug_info    0x00000f3d      0x433 ./Generated_Code/freemaster_protocol.o
 .debug_info    0x00001370       0x53 ./Generated_Code/freemaster_can.o
 .debug_info    0x000013c3       0x53 ./Generated_Code/freemaster_bdm.o
 .debug_info    0x00001416      0x3cb ./Generated_Code/freemaster_appcmd.o
 .debug_info    0x000017e1      0x427 ./Generated_Code/freemaster_Kxx.o
 .debug_info    0x00001c08      0x104 ./Generated_Code/Vectors.o
 .debug_info    0x00001d0c      0x39d ./Generated_Code/UART0.o
 .debug_info    0x000020a9      0x180 ./Generated_Code/TimerIntLdd1.o
 .debug_info    0x00002229      0x4f4 ./Generated_Code/TU2.o
 .debug_info    0x0000271d      0x3c2 ./Generated_Code/TPM0.o
 .debug_info    0x00002adf       0xaf ./Generated_Code/TI1.o
 .debug_info    0x00002b8e      0x256 ./Generated_Code/PE_LDD.o
 .debug_info    0x00002de4      0x7bf ./Generated_Code/I2C2.o
 .debug_info    0x000035a3      0x43f ./Generated_Code/GPIO1.o
 .debug_info    0x000039e2       0x76 ./Generated_Code/FMSTR1.o
 .debug_info    0x00003a58      0x2fb ./Generated_Code/EInt1.o
 .debug_info    0x00003d53      0xccf ./Generated_Code/Cpu.o
 .debug_info    0x00004a22      0x132 ./Project_Settings/Startup_Code/__arm_start.o
 .debug_info    0x00004b54       0x5c ./Project_Settings/Startup_Code/__arm_end.o
 .debug_info    0x00004bb0       0x21 ./Sources/sa_mtb.o
 .debug_info    0x00004bd1      0x16c ./Sources/ProcessorExpert.o
 .debug_info    0x00004d3d      0x349 ./Sources/PID.o
 .debug_info    0x00005086      0x43c ./Sources/MPU6050.o
 .debug_info    0x000054c2      0x1b2 ./Sources/Events.o
 .debug_info    0x00005674       0xe8 C:/Freescale/CW MCU v10.4/MCU/ARM_GCC_Support/ewl/lib/armv6-m\libc.a(exit.o)
 .debug_info    0x0000575c       0xec C:/Freescale/CW MCU v10.4/MCU/ARM_GCC_Support/ewl/lib/armv6-m\libc.a(memset.o)
 .debug_info    0x00005848      0x764 C:/Freescale/CW MCU v10.4/MCU/ARM_GCC_Support/ewl/lib/armv6-m\libc.a(printformat_fp.o)
 .debug_info    0x00005fac      0x5c9 C:/Freescale/CW MCU v10.4/MCU/ARM_GCC_Support/ewl/lib/armv6-m\libc.a(scanformat_fp.o)
 .debug_info    0x00006575      0x313 C:/Freescale/CW MCU v10.4/MCU/ARM_GCC_Support/ewl/lib/armv6-m\libc.a(ctype_aeabi.o)
 .debug_info    0x00006888      0x771 C:/Freescale/CW MCU v10.4/MCU/ARM_GCC_Support/ewl/lib/armv6-m\libc.a(__strtold.o)
 .debug_info    0x00006ff9      0x253 C:/Freescale/CW MCU v10.4/MCU/ARM_GCC_Support/ewl/lib/armv6-m\libc.a(vsscanf.o)
 .debug_info    0x0000724c      0x1d6 C:/Freescale/CW MCU v10.4/MCU/ARM_GCC_Support/ewl/lib/armv6-m\libc.a(__strtoul.o)
 .debug_info    0x00007422      0x137 C:/Freescale/CW MCU v10.4/MCU/ARM_GCC_Support/ewl/lib/armv6-m\libc.a(__filll_mem.o)
 .debug_info    0x00007559      0x121 C:/Freescale/CW MCU v10.4/MCU/ARM_GCC_Support/ewl/lib/armv6-m\libc.a(memchr.o)
 .debug_info    0x0000767a      0x10f C:/Freescale/CW MCU v10.4/MCU/ARM_GCC_Support/ewl/lib/armv6-m\libc.a(memcpy.o)
 .debug_info    0x00007789      0x10b C:/Freescale/CW MCU v10.4/MCU/ARM_GCC_Support/ewl/lib/armv6-m\libc.a(strchr.o)
 .debug_info    0x00007894      0x109 C:/Freescale/CW MCU v10.4/MCU/ARM_GCC_Support/ewl/lib/armv6-m\libc.a(strcpy.o)
 .debug_info    0x0000799d       0xea C:/Freescale/CW MCU v10.4/MCU/ARM_GCC_Support/ewl/lib/armv6-m\libc.a(strlen.o)
 .debug_info    0x00007a87       0x9d C:/Freescale/CW MCU v10.4/MCU/ARM_GCC_Support/ewl/lib/armv6-m\libc.a(errno.o)
 .debug_info    0x00007b24      0x527 C:/Freescale/CW MCU v10.4/MCU/ARM_GCC_Support/ewl/lib/armv6-m\libm.a(ansi_fp.o)
 .debug_info    0x0000804b      0x1e4 C:/Freescale/CW MCU v10.4/MCU/ARM_GCC_Support/ewl/lib/armv6-m\libm.a(float.o)
 .debug_info    0x0000822f      0x305 C:/Freescale/CW MCU v10.4/MCU/ARM_GCC_Support/ewl/lib/armv6-m\libm.a(math_api.o)
 .debug_info    0x00008534      0x23a C:/Freescale/CW MCU v10.4/MCU/ARM_GCC_Support/ewl/lib/armv6-m\libm.a(s_atan.o)
 .debug_info    0x0000876e      0x1a1 C:/Freescale/CW MCU v10.4/MCU/ARM_GCC_Support/ewl/lib/armv6-m\libm.a(s_frexp.o)
 .debug_info    0x0000890f       0xc0 C:/Freescale/CW MCU v10.4/MCU/ARM_GCC_Support/ewl/lib/armv6-m\libm.a(w_pow.o)
 .debug_info    0x000089cf       0xb3 C:/Freescale/CW MCU v10.4/MCU/ARM_GCC_Support/ewl/lib/armv6-m\libm.a(w_sqrt.o)
 .debug_info    0x00008a82      0x5c7 C:/Freescale/CW MCU v10.4/MCU/ARM_GCC_Support/ewl/lib/armv6-m\libm.a(e_pow.o)
 .debug_info    0x00009049      0x266 C:/Freescale/CW MCU v10.4/MCU/ARM_GCC_Support/ewl/lib/armv6-m\libm.a(e_sqrt.o)
 .debug_info    0x000092af       0xf9 C:/Freescale/CW MCU v10.4/MCU/ARM_GCC_Support/ewl/lib/armv6-m\libm.a(scalbn.o)
 .debug_info    0x000093a8      0x1e2 C:/Freescale/CW MCU v10.4/MCU/ARM_GCC_Support/ewl/lib/armv6-m\libm.a(s_ldexp.o)
 .debug_info    0x0000958a      0x136 C:/Freescale/CW MCU v10.4/MCU/ARM_GCC_Support/ewl/lib/armv6-m\librt.a(gcc_ctor_dtor.o)
 .debug_info    0x000096c0      0x19b C:/Freescale/CW MCU v10.4/MCU/ARM_GCC_Support/ewl/lib/armv6-m\librt.a(ROMCopy.o)
 .debug_info    0x0000985b      0x2b9 C:/Freescale/CW MCU v10.4/MCU/ARM_GCC_Support/ewl/lib/armv6-m\librt.a(__arm_eabi_init.o)
 .debug_info    0x00009b14      0x31e C:/Freescale/CW MCU v10.4/MCU/ARM_GCC_Support/ewl/lib/armv6-m\libc.a(math_ARM.o)

.debug_abbrev   0x00000000     0x31af
 .debug_abbrev  0x00000000       0xac ./Generated_Code/freemaster_tsa_table.o
 .debug_abbrev  0x000000ac       0x1d ./Generated_Code/freemaster_tsa.o
 .debug_abbrev  0x000000c9       0x1d ./Generated_Code/freemaster_sfio.o
 .debug_abbrev  0x000000e6      0x1aa ./Generated_Code/freemaster_serial.o
 .debug_abbrev  0x00000290       0xa4 ./Generated_Code/freemaster_scope.o
 .debug_abbrev  0x00000334      0x1c1 ./Generated_Code/freemaster_rec.o
 .debug_abbrev  0x000004f5       0xcc ./Generated_Code/freemaster_protocol.o
 .debug_abbrev  0x000005c1       0x1d ./Generated_Code/freemaster_can.o
 .debug_abbrev  0x000005de       0x1d ./Generated_Code/freemaster_bdm.o
 .debug_abbrev  0x000005fb      0x12c ./Generated_Code/freemaster_appcmd.o
 .debug_abbrev  0x00000727       0xb8 ./Generated_Code/freemaster_Kxx.o
 .debug_abbrev  0x000007df       0xa3 ./Generated_Code/Vectors.o
 .debug_abbrev  0x00000882       0xc2 ./Generated_Code/UART0.o
 .debug_abbrev  0x00000944       0xd6 ./Generated_Code/TimerIntLdd1.o
 .debug_abbrev  0x00000a1a      0x138 ./Generated_Code/TU2.o
 .debug_abbrev  0x00000b52       0xcf ./Generated_Code/TPM0.o
 .debug_abbrev  0x00000c21       0x64 ./Generated_Code/TI1.o