Archive member included because of file (symbol)

C:/Freescale/CW MCU v10.4/MCU/ARM_GCC_Support/ewl/lib/armv6-m\libc.a(printf.o)
                              ./Sources/MPU6050.o (printf)
C:/Freescale/CW MCU v10.4/MCU/ARM_GCC_Support/ewl/lib/armv6-m\libc.a(puts.o)
                              ./Sources/ProcessorExpert.o (puts)
C:/Freescale/CW MCU v10.4/MCU/ARM_GCC_Support/ewl/lib/armv6-m\libc.a(exit.o)
                              ./Project_Settings/Startup_Code/__arm_start.o (exit)
C:/Freescale/CW MCU v10.4/MCU/ARM_GCC_Support/ewl/lib/armv6-m\libc.a(memset.o)
                              ./Project_Settings/Startup_Code/__arm_start.o (memset)
C:/Freescale/CW MCU v10.4/MCU/ARM_GCC_Support/ewl/lib/armv6-m\libc.a(printformat_fp.o)
                              (__pformatterFP)
C:/Freescale/CW MCU v10.4/MCU/ARM_GCC_Support/ewl/lib/armv6-m\libc.a(scanformat_fp.o)
                              (__sformatter_FP)
C:/Freescale/CW MCU v10.4/MCU/ARM_GCC_Support/ewl/lib/armv6-m\libc.a(ctype_aeabi.o)
                              C:/Freescale/CW MCU v10.4/MCU/ARM_GCC_Support/ewl/lib/armv6-m\libc.a(scanformat_fp.o) (isspace)
C:/Freescale/CW MCU v10.4/MCU/ARM_GCC_Support/ewl/lib/armv6-m\libc.a(__putchar.o)
                              C:/Freescale/CW MCU v10.4/MCU/ARM_GCC_Support/ewl/lib/armv6-m\libc.a(puts.o) (__put_char)
C:/Freescale/CW MCU v10.4/MCU/ARM_GCC_Support/ewl/lib/armv6-m\libc.a(__strtold.o)
                              C:/Freescale/CW MCU v10.4/MCU/ARM_GCC_Support/ewl/lib/armv6-m\libc.a(scanformat_fp.o) (__strtold)
C:/Freescale/CW MCU v10.4/MCU/ARM_GCC_Support/ewl/lib/armv6-m\libc.a(ansi_files.o)
                              C:/Freescale/CW MCU v10.4/MCU/ARM_GCC_Support/ewl/lib/armv6-m\libc.a(printf.o) (__files)
C:/Freescale/CW MCU v10.4/MCU/ARM_GCC_Support/ewl/lib/armv6-m\libc.a(fflush.o)
                              C:/Freescale/CW MCU v10.4/MCU/ARM_GCC_Support/ewl/lib/armv6-m\libc.a(ansi_files.o) (fflush)
C:/Freescale/CW MCU v10.4/MCU/ARM_GCC_Support/ewl/lib/armv6-m\libc.a(fwrite.o)
                              C:/Freescale/CW MCU v10.4/MCU/ARM_GCC_Support/ewl/lib/armv6-m\libc.a(printf.o) (__FileWrite)
C:/Freescale/CW MCU v10.4/MCU/ARM_GCC_Support/ewl/lib/armv6-m\libc.a(vsscanf.o)
                              C:/Freescale/CW MCU v10.4/MCU/ARM_GCC_Support/ewl/lib/armv6-m\libc.a(__strtold.o) (__StringRead)
C:/Freescale/CW MCU v10.4/MCU/ARM_GCC_Support/ewl/lib/armv6-m\libc.a(__strtoul.o)
                              C:/Freescale/CW MCU v10.4/MCU/ARM_GCC_Support/ewl/lib/armv6-m\libc.a(scanformat_fp.o) (__strtoul)
C:/Freescale/CW MCU v10.4/MCU/ARM_GCC_Support/ewl/lib/armv6-m\libc.a(__filll_mem.o)
                              C:/Freescale/CW MCU v10.4/MCU/ARM_GCC_Support/ewl/lib/armv6-m\libc.a(memset.o) (__fill_mem)
C:/Freescale/CW MCU v10.4/MCU/ARM_GCC_Support/ewl/lib/armv6-m\libc.a(__memrchr.o)
                              C:/Freescale/CW MCU v10.4/MCU/ARM_GCC_Support/ewl/lib/armv6-m\libc.a(fwrite.o) (__memrchr)
C:/Freescale/CW MCU v10.4/MCU/ARM_GCC_Support/ewl/lib/armv6-m\libc.a(memchr.o)
                              C:/Freescale/CW MCU v10.4/MCU/ARM_GCC_Support/ewl/lib/armv6-m\libc.a(printformat_fp.o) (memchr)
C:/Freescale/CW MCU v10.4/MCU/ARM_GCC_Support/ewl/lib/armv6-m\libc.a(memcpy.o)
                              C:/Freescale/CW MCU v10.4/MCU/ARM_GCC_Support/ewl/lib/armv6-m\libc.a(scanformat_fp.o) (memcpy)
C:/Freescale/CW MCU v10.4/MCU/ARM_GCC_Support/ewl/lib/armv6-m\libc.a(strchr.o)
                              C:/Freescale/CW MCU v10.4/MCU/ARM_GCC_Support/ewl/lib/armv6-m\libc.a(printformat_fp.o) (strchr)
C:/Freescale/CW MCU v10.4/MCU/ARM_GCC_Support/ewl/lib/armv6-m\libc.a(strcpy.o)
                              C:/Freescale/CW MCU v10.4/MCU/ARM_GCC_Support/ewl/lib/armv6-m\libc.a(printformat_fp.o) (strcpy)
C:/Freescale/CW MCU v10.4/MCU/ARM_GCC_Support/ewl/lib/armv6-m\libc.a(strlen.o)
                              C:/Freescale/CW MCU v10.4/MCU/ARM_GCC_Support/ewl/lib/armv6-m\libc.a(printformat_fp.o) (strlen)
C:/Freescale/CW MCU v10.4/MCU/ARM_GCC_Support/ewl/lib/armv6-m\libc.a(errno.o)
                              C:/Freescale/CW MCU v10.4/MCU/ARM_GCC_Support/ewl/lib/armv6-m\libc.a(__strtold.o) (errno)
C:/Freescale/CW MCU v10.4/MCU/ARM_GCC_Support/ewl/lib/armv6-m\libc.a(__buffer_io.o)
                              C:/Freescale/CW MCU v10.4/MCU/ARM_GCC_Support/ewl/lib/armv6-m\libc.a(__putchar.o) (__prep_buffer)
C:/Freescale/CW MCU v10.4/MCU/ARM_GCC_Support/ewl/lib/armv6-m\libm.a(ansi_fp.o)
                              C:/Freescale/CW MCU v10.4/MCU/ARM_GCC_Support/ewl/lib/armv6-m\libc.a(printformat_fp.o) (__num2dec)
C:/Freescale/CW MCU v10.4/MCU/ARM_GCC_Support/ewl/lib/armv6-m\libm.a(float.o)
                              C:/Freescale/CW MCU v10.4/MCU/ARM_GCC_Support/ewl/lib/armv6-m\libc.a(__strtold.o) (__extended_max)
C:/Freescale/CW MCU v10.4/MCU/ARM_GCC_Support/ewl/lib/armv6-m\libm.a(math_api.o)
[...]
Memory Configuration

Name             Origin             Length             Attributes
m_interrupts     0x00000000         0x000000c0         xr
m_text           0x00000410         0x0001fbf0         xr
m_data           0x1ffff000         0x00004000         rw
m_cfmprotrom     0x00000400         0x00000010         xr
*default*        0x00000000         0xffffffff

Linker script and memory map

LOAD ./Generated_Code/Vectors.o
LOAD ./Generated_Code/TimerIntLdd1.o
LOAD ./Generated_Code/TU2.o
LOAD ./Generated_Code/TPM0.o
LOAD ./Generated_Code/TI1.o
LOAD ./Generated_Code/PE_LDD.o
LOAD ./Generated_Code/IO1.o
LOAD ./Generated_Code/I2C2.o
LOAD ./Generated_Code/GPIO1.o
LOAD ./Generated_Code/CsIO1.o
LOAD ./Generated_Code/Cpu.o
LOAD ./Project_Settings/Startup_Code/__arm_start.o
LOAD ./Project_Settings/Startup_Code/__arm_end.o
LOAD ./Sources/sa_mtb.o
LOAD ./Sources/ProcessorExpert.o
LOAD ./Sources/PID.o
LOAD ./Sources/MPU6050.o
LOAD ./Sources/Events.o
                0x00004f48                __pformatter = __pformatterFP
                0x000057a0                __sformatter = __sformatter_FP
START GROUP
LOAD C:/Freescale/CW MCU v10.4/MCU/ARM_GCC_Support/ewl/lib/armv6-m\libc.a
LOAD C:/Freescale/CW MCU v10.4/MCU/ARM_GCC_Support/ewl/lib/armv6-m\libm.a
LOAD c:/freescale/cw mcu v10.4/cross_tools/arm-none-eabi-gcc-4_7_3/bin/../lib/gcc/arm-none-eabi/4.7.3/armv6-m\libgcc.a
LOAD C:/Freescale/CW MCU v10.4/MCU/ARM_GCC_Support/ewl/lib/armv6-m\librt.a
LOAD C:/Freescale/CW MCU v10.4/MCU/ARM_GCC_Support/ewl/lib/armv6-m\libuart.a
END GROUP
                0x20003000                _estack = 0x20003000
                0x20003000                __SP_INIT = _estack
                0x00000000                __heap_size = 0x0
                0x00000400                __stack_size = 0x400

.interrupts     0x00000000       0xc0
                0x00000000                __vector_table = .
                0x00000000                . = ALIGN (0x4)
 *(.vectortable)
 .vectortable   0x00000000       0xc0 ./Generated_Code/Vectors.o
                0x00000000                __vect_table
                0x000000c0                . = ALIGN (0x4)

.cfmprotect     0x00000400       0x10
                0x00000400                . = ALIGN (0x4)
 *(.cfmconfig)
 .cfmconfig     0x00000400       0x10 ./Generated_Code/Cpu.o
                0x00000400                _cfm
                0x00000410                . = ALIGN (0x4)

.text           0x00000410     0x8980
                0x00000410                . = ALIGN (0x4)
 *(.text)
 .text          0x00000410        0x0 ./Generated_Code/Vectors.o
 .text          0x00000410       0x6c ./Generated_Code/TimerIntLdd1.o
                0x00000410                TimerIntLdd1_Init
                0x00000458                TU2_OnCounterRestart
 .text          0x0000047c       0xf0 ./Generated_Code/TU2.o
                0x0000047c                TU2_Init
                0x0000053c                TU2_Interrupt
 .text          0x0000056c      0x108 ./Generated_Code/TPM0.o
                0x0000056c                TPM0_Init
 .text          0x00000674       0x14 ./Generated_Code/TI1.o
                0x00000674                TimerIntLdd1_OnInterrupt
 .text          0x00000688       0x98 ./Generated_Code/PE_LDD.o
                0x00000688                PE_FillMemory
                0x000006b0                PE_PeripheralUsed
                0x0000070c                LDD_SetClockConfiguration
 .text          0x00000720      0x270 ./Generated_Code/IO1.o
                0x00000720                IO1_Init
                0x00000928                IO1_Main
 .text          0x00000990      0x5c8 ./Generated_Code/I2C2.o
                0x00000990                I2C2_Interrupt
                0x00000b98                I2C2_Init
                0x00000cac                I2C2_Deinit
                0x00000cec                I2C2_MasterSendBlock
                0x00000e1c                I2C2_MasterReceiveBlock
 .text          0x00000f58      0x14c ./Generated_Code/GPIO1.o
                0x00000f58                GPIO1_Init
                0x00000fb8                GPIO1_SetFieldValue
                0x00000ff4                GPIO1_GetFieldValue
                0x00001020                GPIO1_ClearFieldBits
                0x0000104c                GPIO1_SetFieldBits
                0x00001078                GPIO1_ToggleFieldBits
 .text          0x000010a4      0x11c ./Generated_Code/CsIO1.o
                0x000010a4                __read_console
                0x00001130                __write_console
                0x000011ac                __close_console
 .text          0x000011c0      0x2a0 ./Generated_Code/Cpu.o
                0x000011c0                Cpu_INT_NMIInterrupt
                0x000011cc                Cpu_Interrupt
                0x000011d8                __init_hardware
                0x0000132c                PE_low_level_init
 .text          0x00001460       0x58 ./Project_Settings/Startup_Code/__arm_start.o
                0x00001484                __iar_program_start
                0x00001488                __thumb_startup
 .text          0x000014b8        0xc ./Project_Settings/Startup_Code/__arm_end.o
                0x000014b8                _ExitProcess
 .text          0x000014c4        0x0 ./Sources/sa_mtb.o
 .text          0x000014c4       0x1c ./Sources/ProcessorExpert.o
                0x000014c4                main
 .text          0x000014e0      0x168 ./Sources/PID.o
                0x000014e0                error_calculation
                0x00001504                pid
                0x0000158c                set_motor_speed
                0x000015f8                stabilize
 .text          0x00001648      0x6f0 ./Sources/MPU6050.o
                0x00001648                MPU6050_ReadReg
                0x000016e4                MPU6050_WriteReg
                0x0000175c                MPU6050_Setup
                0x00001788                MPU6050_Get_Acc
                0x00001824                MPU6050_Read_Angle
                0x00001bd4                Setup1
 .text          0x00001d38       0x44 ./Sources/Events.o
                0x00001d38                Cpu_OnNMIINT
                0x00001d40                I2C2_OnMasterBlockSent
                0x00001d58                I2C2_OnMasterBlockReceived
                0x00001d70                TI1_OnInterrupt
 .text          0x00001d7c        0x0 C:/Freescale/CW MCU v10.4/MCU/ARM_GCC_Support/ewl/lib/armv6-m\libc.a(printf.o)
 .text          0x00001d7c        0x0 C:/Freescale/CW MCU v10.4/MCU/ARM_GCC_Support/ewl/lib/armv6-m\libc.a(puts.o)
 .text          0x00001d7c        0x0 C:/Freescale/CW MCU v10.4/MCU/ARM_GCC_Support/ewl/lib/armv6-m\libc.a(exit.o)
 .text          0x00001d7c        0x0 C:/Freescale/CW MCU v10.4/MCU/ARM_GCC_Support/ewl/lib/armv6-m\libc.a(memset.o)
 .text          0x00001d7c        0x0 C:/Freescale/CW MCU v10.4/MCU/ARM_GCC_Support/ewl/lib/armv6-m\libc.a(printformat_fp.o)
 .text          0x00001d7c        0x0 C:/Freescale/CW MCU v10.4/MCU/ARM_GCC_Support/ewl/lib/armv6-m\libc.a(scanformat_fp.o)
 .text          0x00001d7c        0x0 C:/Freescale/CW MCU v10.4/MCU/ARM_GCC_Support/ewl/lib/armv6-m\libc.a(ctype_aeabi.o)
 .text          0x00001d7c        0x0 C:/Freescale/CW MCU v10.4/MCU/ARM_GCC_Support/ewl/lib/armv6-m\libc.a(__putchar.o)
 .text          0x00001d7c        0x0 C:/Freescale/CW MCU v10.4/MCU/ARM_GCC_Support/ewl/lib/armv6-m\libc.a(__strtold.o)
 .text          0x00001d7c        0x0 C:/Freescale/CW MCU v10.4/MCU/ARM_GCC_Support/ewl/lib/armv6-m\libc.a(ansi_files.o)
 .text          0x00001d7c        0x0 C:/Freescale/CW MCU v10.4/MCU/ARM_GCC_Support/ewl/lib/armv6-m\libc.a(fflush.o)
 .text          0x00001d7c        0x0 C:/Freescale/CW MCU v10.4/MCU/ARM_GCC_Support/ewl/lib/armv6-m\libc.a(fwrite.o)
 .text          0x00001d7c        0x0 C:/Freescale/CW MCU v10.4/MCU/ARM_GCC_Support/ewl/lib/armv6-m\libc.a(vsscanf.o)
 .text          0x00001d7c        0x0 C:/Freescale/CW MCU v10.4/MCU/ARM_GCC_Support/ewl/lib/armv6-m\libc.a(__strtoul.o)
 .text          0x00001d7c        0x0 C:/Freescale/CW MCU v10.4/MCU/ARM_GCC_Support/ewl/lib/armv6-m\libc.a(__filll_mem.o)
 .text          0x00001d7c        0x0 C:/Freescale/CW MCU v10.4/MCU/ARM_GCC_Support/ewl/lib/armv6-m\libc.a(__memrchr.o)
 .text          0x00001d7c        0x0 C:/Freescale/CW MCU v10.4/MCU/ARM_GCC_Support/ewl/lib/armv6-m\libc.a(memchr.o)
 .text          0x00001d7c        0x0 C:/Freescale/CW MCU v10.4/MCU/ARM_GCC_Support/ewl/lib/armv6-m\libc.a(memcpy.o)
 .text          0x00001d7c        0x0 C:/Freescale/CW MCU v10.4/MCU/ARM_GCC_Support/ewl/lib/armv6-m\libc.a(strchr.o)
 .text          0x00001d7c        0x0 C:/Freescale/CW MCU v10.4/MCU/ARM_GCC_Support/ewl/lib/armv6-m\libc.a(strcpy.o)
 .text          0x00001d7c        0x0 C:/Freescale/CW MCU v10.4/MCU/ARM_GCC_Support/ewl/lib/armv6-m\libc.a(strlen.o)
 .text          0x00001d7c        0x0 C:/Freescale/CW MCU v10.4/MCU/ARM_GCC_Support/ewl/lib/armv6-m\libc.a(errno.o)
 .text          0x00001d7c        0x0 C:/Freescale/CW MCU v10.4/MCU/ARM_GCC_Support/ewl/lib/armv6-m\libc.a(__buffer_io.o)
 .text          0x00001d7c        0x0 C:/Freescale/CW MCU v10.4/MCU/ARM_GCC_Support/ewl/lib/armv6-m\libm.a(ansi_fp.o)
 .text          0x00001d7c        0x0 C:/Freescale/CW MCU v10.4/MCU/ARM_GCC_Support/ewl/lib/armv6-m\libm.a(float.o)
 .text          0x00001d7c        0x0 C:/Freescale/CW MCU v10.4/MCU/ARM_GCC_Support/ewl/lib/armv6-m\libm.a(math_api.o)
 .text          0x00001d7c        0x0 C:/Freescale/CW MCU v10.4/MCU/ARM_GCC_Support/ewl/lib/armv6-m\libm.a(s_atan.o)
 .text          0x00001d7c        0x0 C:/Freescale/CW MCU v10.4/MCU/ARM_GCC_Support/ewl/lib/armv6-m\libm.a(s_frexp.o)
 .text          0x00001d7c        0x0 C:/Freescale/CW MCU v10.4/MCU/ARM_GCC_Support/ewl/lib/armv6-m\libm.a(w_pow.o)
 .text          0x00001d7c        0x0 C:/Freescale/CW MCU v10.4/MCU/ARM_GCC_Support/ewl/lib/armv6-m\libm.a(w_sqrt.o)
 .text          0x00001d7c        0x0 C:/Freescale/CW MCU v10.4/MCU/ARM_GCC_Support/ewl/lib/armv6-m\libm.a(e_pow.o)
 .text          0x00001d7c        0x0 C:/Freescale/CW MCU v10.4/MCU/ARM_GCC_Support/ewl/lib/armv6-m\libm.a(e_sqrt.o)
 .text          0x00001d7c        0x0 C:/Freescale/CW MCU v10.4/MCU/ARM_GCC_Support/ewl/lib/armv6-m\libm.a(scalbn.o)
 .text          0x00001d7c        0x0 C:/Freescale/CW MCU v10.4/MCU/ARM_GCC_Support/ewl/lib/armv6-m\libm.a(s_ldexp.o)
 .text          0x00001d7c       0x14 c:/freescale/cw mcu v10.4/cross_tools/arm-none-eabi-gcc-4_7_3/bin/../lib/gcc/arm-none-eabi/4.7.3/armv6-m\libgcc.a(_thumb1_case_sqi.o)
                0x00001d7c                __gnu_thumb1_case_sqi
 .text          0x00001d90       0x14 c:/freescale/cw mcu v10.4/cross_tools/arm-none-eabi-gcc-4_7_3/bin/../lib/gcc/arm-none-eabi/4.7.3/armv6-m\libgcc.a(_thumb1_case_uqi.o)
                0x00001d90                __gnu_thumb1_case_uqi
 .text          0x00001da4       0x9c c:/freescale/cw mcu v10.4/cross_tools/arm-none-eabi-gcc-4_7_3/bin/../lib/gcc/arm-none-eabi/4.7.3/armv6-m\libgcc.a(_udivsi3.o)
                0x00001da4                __aeabi_uidiv
                0x00001da4                __udivsi3
                0x00001e2c                __aeabi_uidivmod
 .text          0x00001e40       0xc0 c:/freescale/cw mcu v10.4/cross_tools/arm-none-eabi-gcc-4_7_3/bin/../lib/gcc/arm-none-eabi/4.7.3/armv6-m\libgcc.a(_divsi3.o)
                0x00001e40                __divsi3
                0x00001e40                __aeabi_idiv
                0x00001eec                __aeabi_idivmod
 .text          0x00001f00        0x4 c:/freescale/cw mcu v10.4/cross_tools/arm-none-eabi-gcc-4_7_3/bin/../lib/gcc/arm-none-eabi/4.7.3/armv6-m\libgcc.a(_dvmd_tls.o)
                0x00001f00                __aeabi_idiv0
                0x00001f00                __aeabi_ldiv0
 .text          0x00001f04       0x7c c:/freescale/cw mcu v10.4/cross_tools/arm-none-eabi-gcc-4_7_3/bin/../lib/gcc/arm-none-eabi/4.7.3/armv6-m\libgcc.a(_arm_cmpdf2.o)
                0x00001f04                __aeabi_cdrcmple
                0x00001f14                __aeabi_cdcmple
                0x00001f14                __aeabi_cdcmpeq
                0x00001f24                __aeabi_dcmpeq
                0x00001f30                __aeabi_dcmplt
                0x00001f44                __aeabi_dcmple
                0x00001f58                __aeabi_dcmpgt
                0x00001f6c                __aeabi_dcmpge
 .text          0x00001f80       0x74 c:/freescale/cw mcu v10.4/cross_tools/arm-none-eabi-gcc-4_7_3/bin/../lib/gcc/arm-none-eabi/4.7.3/armv6-m\libgcc.a(_arm_cmpsf2.o)
                0x00001f80                __aeabi_cfrcmple
                0x00001f88                __aeabi_cfcmpeq
                0x00001f88                __aeabi_cfcmple
                0x00001f98                __aeabi_fcmpeq
                0x00001fa4                __aeabi_fcmplt
                0x00001fb8                __aeabi_fcmple
                0x00001fcc                __aeabi_fcmpgt
                0x00001fe0                __aeabi_fcmpge
 .text          0x00001ff4       0x30 c:/freescale/cw mcu v10.4/cross_tools/arm-none-eabi-gcc-4_7_3/bin/../lib/gcc/arm-none-eabi/4.7.3/armv6-m\libgcc.a(_fixunssfsi.o)
                0x00001ff4                __fixunssfsi
                0x00001ff4                __aeabi_f2uiz
 .text          0x00002024      0x3a4 c:/freescale/cw mcu v10.4/cross_tools/arm-none-eabi-gcc-4_7_3/bin/../lib/gcc/arm-none-eabi/4.7.3/armv6-m\libgcc.a(addsf3.o)
                0x00002024                __aeabi_fadd
 .text          0x000023c8      0x274 c:/freescale/cw mcu v10.4/cross_tools/arm-none-eabi-gcc-4_7_3/bin/../lib/gcc/arm-none-eabi/4.7.3/armv6-m\libgcc.a(divsf3.o)
                0x000023c8                __aeabi_fdiv
 .text          0x0000263c       0x50 c:/freescale/cw mcu v10.4/cross_tools/arm-none-eabi-gcc-4_7_3/bin/../lib/gcc/arm-none-eabi/4.7.3/armv6-m\libgcc.a(eqsf2.o)
                0x0000263c                __eqsf2
                0x0000263c                __nesf2
 .text          0x0000268c       0x90 c:/freescale/cw mcu v10.4/cross_tools/arm-none-eabi-gcc-4_7_3/bin/../lib/gcc/arm-none-eabi/4.7.3/armv6-m\libgcc.a(gesf2.o)
                0x0000268c                __gesf2
                0x0000268c                __gtsf2
 .text          0x0000271c       0x90 c:/freescale/cw mcu v10.4/cross_tools/arm-none-eabi-gcc-4_7_3/bin/../lib/gcc/arm-none-eabi/4.7.3/armv6-m\libgcc.a(lesf2.o)
                0x0000271c                __ltsf2
                0x0000271c                __lesf2
 .text          0x000027ac      0x260 c:/freescale/cw mcu v10.4/cross_tools/arm-none-eabi-gcc-4_7_3/bin/../lib/gcc/arm-none-eabi/4.7.3/armv6-m\libgcc.a(mulsf3.o)
                0x000027ac                __aeabi_fmul
 .text          0x00002a0c      0x3ac c:/freescale/cw mcu v10.4/cross_tools/arm-none-eabi-gcc-4_7_3/bin/../lib/gcc/arm-none-eabi/4.7.3/armv6-m\libgcc.a(subsf3.o)
                0x00002a0c                __aeabi_fsub
 .text          0x00002db8       0x40 c:/freescale/cw mcu v10.4/cross_tools/arm-none-eabi-gcc-4_7_3/bin/../lib/gcc/arm-none-eabi/4.7.3/armv6-m\libgcc.a(fixsfsi.o)
                0x00002db8                __aeabi_f2iz
 .text          0x00002df8       0xa8 c:/freescale/cw mcu v10.4/cross_tools/arm-none-eabi-gcc-4_7_3/bin/../lib/gcc/arm-none-eabi/4.7.3/armv6-m\libgcc.a(floatsisf.o)
                0x00002df8                __aeabi_i2f
 .text          0x00002ea0      0x758 c:/freescale/cw mcu v10.4/cross_tools/arm-none-eabi-gcc-4_7_3/bin/../lib/gcc/arm-none-eabi/4.7.3/armv6-m\libgcc.a(adddf3.o)
                0x00002ea0                __aeabi_dadd
 .text          0x000035f8      0x5b8 c:/freescale/cw mcu v10.4/cross_tools/arm-none-eabi-gcc-4_7_3/bin/../lib/gcc/arm-none-eabi/4.7.3/armv6-m\libgcc.a(divdf3.o)
                0x000035f8                __aeabi_ddiv
 .text          0x00003bb0       0x7c c:/freescale/cw mcu v10.4/cross_tools/arm-none-eabi-gcc-4_7_3/bin/../lib/gcc/arm-none-eabi/4.7.3/armv6-m\libgcc.a(eqdf2.o)
                0x00003bb0                __nedf2
                0x00003bb0                __eqdf2
 .text          0x00003c2c       0xe8 c:/freescale/cw mcu v10.4/cross_tools/arm-none-eabi-gcc-4_7_3/bin/../lib/gcc/arm-none-eabi/4.7.3/armv6-m\libgcc.a(gedf2.o)
                0x00003c2c                __gedf2
                0x00003c2c                __gtdf2
 .text          0x00003d14       0xd8 c:/freescale/cw mcu v10.4/cross_tools/arm-none-eabi-gcc-4_7_3/bin/../lib/gcc/arm-none-eabi/4.7.3/armv6-m\libgcc.a(ledf2.o)
                0x00003d14                __ledf2
                0x00003d14                __ltdf2
 .text          0x00003dec      0x4e4 c:/freescale/cw mcu v10.4/cross_tools/arm-none-eabi-gcc-4_7_3/bin/../lib/gcc/arm-none-eabi/4.7.3/armv6-m\libgcc.a(muldf3.o)
                0x00003dec                __aeabi_dmul
 .text          0x000042d0      0x6f8 c:/freescale/cw mcu v10.4/cross_tools/arm-none-eabi-gcc-4_7_3/bin/../lib/gcc/arm-none-eabi/4.7.3/armv6-m\libgcc.a(subdf3.o)
                0x000042d0                __aeabi_dsub
 .text          0x000049c8       0x68 c:/freescale/cw mcu v10.4/cross_tools/arm-none-eabi-gcc-4_7_3/bin/../lib/gcc/arm-none-eabi/4.7.3/armv6-m\libgcc.a(fixdfsi.o)
                0x000049c8                __aeabi_d2iz
 .text          0x00004a30       0x74 c:/freescale/cw mcu v10.4/cross_tools/arm-none-eabi-gcc-4_7_3/bin/../lib/gcc/arm-none-eabi/4.7.3/armv6-m\libgcc.a(floatsidf.o)
                0x00004a30                __aeabi_i2d
 .text          0x00004aa4       0xa8 c:/freescale/cw mcu v10.4/cross_tools/arm-none-eabi-gcc-4_7_3/bin/../lib/gcc/arm-none-eabi/4.7.3/armv6-m\libgcc.a(extendsfdf2.o)
                0x00004aa4                __aeabi_f2d
 .text          0x00004b4c      0x134 c:/freescale/cw mcu v10.4/cross_tools/arm-none-eabi-gcc-4_7_3/bin/../lib/gcc/arm-none-eabi/4.7.3/armv6-m\libgcc.a(truncdfsf2.o)
                0x00004b4c                __aeabi_d2f
 .text          0x00004c80       0x3c c:/freescale/cw mcu v10.4/cross_tools/arm-none-eabi-gcc-4_7_3/bin/../lib/gcc/arm-none-eabi/4.7.3/armv6-m\libgcc.a(_clzsi2.o)
                0x00004c80                __clzsi2
 .text          0x00004cbc        0x0 C:/Freescale/CW MCU v10.4/MCU/ARM_GCC_Support/ewl/lib/armv6-m\librt.a(gcc_ctor_dtor.o)
 .text          0x00004cbc        0x0 C:/Freescale/CW MCU v10.4/MCU/ARM_GCC_Support/ewl/lib/armv6-m\librt.a(ROMCopy.o)
 .text          0x00004cbc        0x0 C:/Freescale/CW MCU v10.4/MCU/ARM_GCC_Support/ewl/lib/armv6-m\librt.a(__arm_eabi_init.o)
 .text          0x00004cbc        0x0 C:/Freescale/CW MCU v10.4/MCU/ARM_GCC_Support/ewl/lib/armv6-m\libc.a(math_ARM.o)
 .text          0x00004cbc       0x18 c:/freescale/cw mcu v10.4/cross_tools/arm-none-eabi-gcc-4_7_3/bin/../lib/gcc/arm-none-eabi/4.7.3/armv6-m\libgcc.a(_lshrdi3.o)
                0x00004cbc                __lshrdi3
                0x00004cbc                __aeabi_llsr
 .text          0x00004cd4       0x18 c:/freescale/cw mcu v10.4/cross_tools/arm-none-eabi-gcc-4_7_3/bin/../lib/gcc/arm-none-eabi/4.7.3/armv6-m\libgcc.a(_ashldi3.o)
                0x00004cd4                __aeabi_llsl
                0x00004cd4                __ashldi3
 *(.text*)
 .text.printf   0x00004cec       0x28 C:/Freescale/CW MCU v10.4/MCU/ARM_GCC_Support/ewl/lib/armv6-m\libc.a(printf.o)
                0x00004cec                printf
 .text.puts     0x00004d14       0x54 C:/Freescale/CW MCU v10.4/MCU/ARM_GCC_Support/ewl/lib/armv6-m\libc.a(puts.o)
                0x00004d14                puts
 .text.exit     0x00004d68       0x38 C:/Freescale/CW MCU v10.4/MCU/ARM_GCC_Support/ewl/lib/armv6-m\libc.a(exit.o)
                0x00004d68                exit
 .text.memset   0x00004da0        0xc C:/Freescale/CW MCU v10.4/MCU/ARM_GCC_Support/ewl/lib/armv6-m\libc.a(memset.o)
                0x00004da0                memset
 .text.long2str.isra.0
                0x00004dac      0x19c C:/Freescale/CW MCU v10.4/MCU/ARM_GCC_Support/ewl/lib/armv6-m\libc.a(printformat_fp.o)
 .text.__pformatterFP
                0x00004f48      0x858 C:/Freescale/CW MCU v10.4/MCU/ARM_GCC_Support/ewl/lib/armv6-m\libc.a(printformat_fp.o)
                0x00004f48                __pformatterFP
 .text.__sformatter_FP
                0x000057a0      0x740 C:/Freescale/CW MCU v10.4/MCU/ARM_GCC_Support/ewl/lib/armv6-m\libc.a(scanformat_fp.o)
                0x000057a0                __sformatter_FP
 .text.isalnum  0x00005ee0       0x1c C:/Freescale/CW MCU v10.4/MCU/ARM_GCC_Support/ewl/lib/armv6-m\libc.a(ctype_aeabi.o)
                0x00005ee0                isalnum
 .text.isalpha  0x00005efc       0x20 C:/Freescale/CW MCU v10.4/MCU/ARM_GCC_Support/ewl/lib/armv6-m\libc.a(ctype_aeabi.o)
                0x00005efc                isalpha
 .text.iscntrl  0x00005f1c       0x20 C:/Freescale/CW MCU v10.4/MCU/ARM_GCC_Support/ewl/lib/armv6-m\libc.a(ctype_aeabi.o)
                0x00005f1c                iscntrl
 .text.isdigit  0x00005f3c        0xe C:/Freescale/CW MCU v10.4/MCU/ARM_GCC_Support/ewl/lib/armv6-m\libc.a(ctype_aeabi.o)
                0x00005f3c                isdigit
 *fill*         0x00005f4a        0x2 00
 .text.isgraph  0x00005f4c       0x1c C:/Freescale/CW MCU v10.4/MCU/ARM_GCC_Support/ewl/lib/armv6-m\libc.a(ctype_aeabi.o)
                0x00005f4c                isgraph
 .text.islower  0x00005f68       0x20 C:/Freescale/CW MCU v10.4/MCU/ARM_GCC_Support/ewl/lib/armv6-m\libc.a(ctype_aeabi.o)
                0x00005f68                islower
 .text.isprint  0x00005f88       0x1c C:/Freescale/CW MCU v10.4/MCU/ARM_GCC_Support/ewl/lib/armv6-m\libc.a(ctype_aeabi.o)
                0x00005f88                isprint
 .text.ispunct  0x00005fa4       0x20 C:/Freescale/CW MCU v10.4/MCU/ARM_GCC_Support/ewl/lib/armv6-m\libc.a(ctype_aeabi.o)
                0x00005fa4                ispunct
 .text.isspace  0x00005fc4       0x20 C:/Freescale/CW MCU v10.4/MCU/ARM_GCC_Support/ewl/lib/armv6-m\libc.a(ctype_aeabi.o)
                0x00005fc4                isspace
 .text.isupper  0x00005fe4       0x20 C:/Freescale/CW MCU v10.4/MCU/ARM_GCC_Support/ewl/lib/armv6-m\libc.a(ctype_aeabi.o)
                0x00005fe4                isupper
 .text.isxdigit
                0x00006004       0x20 C:/Freescale/CW MCU v10.4/MCU/ARM_GCC_Support/ewl/lib/armv6-m\libc.a(ctype_aeabi.o)
                0x00006004                isxdigit
 .text.isblank  0x00006024       0x28 C:/Freescale/CW MCU v10.4/MCU/ARM_GCC_Support/ewl/lib/armv6-m\libc.a(ctype_aeabi.o)
                0x00006024                isblank
 .text.toupper  0x0000604c        0xe C:/Freescale/CW MCU v10.4/MCU/ARM_GCC_Support/ewl/lib/armv6-m\libc.a(ctype_aeabi.o)
                0x0000604c                toupper
 .text.tolower  0x0000605a        0xe C:/Freescale/CW MCU v10.4/MCU/ARM_GCC_Support/ewl/lib/armv6-m\libc.a(ctype_aeabi.o)
                0x0000605a                tolower
 .text.__put_char
                0x00006068       0x90 C:/Freescale/CW MCU v10.4/MCU/ARM_GCC_Support/ewl/lib/armv6-m\libc.a(__putchar.o)
                0x00006068                __put_char
 .text.__strtold
                0x000060f8      0x6d0 C:/Freescale/CW MCU v10.4/MCU/ARM_GCC_Support/ewl/lib/armv6-m\libc.a(__strtold.o)
                0x000060f8                __strtold
 .text.strtold  0x000067c8       0x4c C:/Freescale/CW MCU v10.4/MCU/ARM_GCC_Support/ewl/lib/armv6-m\libc.a(__strtold.o)
                0x000067c8                strtold
 .text.strtod   0x00006814       0x4c C:/Freescale/CW MCU v10.4/MCU/ARM_GCC_Support/ewl/lib/armv6-m\libc.a(__strtold.o)
                0x00006814                strtod
 .text.atof     0x00006860        0xa C:/Freescale/CW MCU v10.4/MCU/ARM_GCC_Support/ewl/lib/armv6-m\libc.a(__strtold.o)
                0x00006860                atof
 *fill*         0x0000686a        0x2 00
 .text.__flush_line_buffered_output_files
                0x0000686c       0x40 C:/Freescale/CW MCU v10.4/MCU/ARM_GCC_Support/ewl/lib/armv6-m\libc.a(ansi_files.o)
                0x0000686c                __flush_line_buffered_output_files
 .text.__flush_all
                0x000068ac       0x34 C:/Freescale/CW MCU v10.4/MCU/ARM_GCC_Support/ewl/lib/armv6-m\libc.a(ansi_files.o)
                0x000068ac                __flush_all
 .text.fflush   0x000068e0       0x5e C:/Freescale/CW MCU v10.4/MCU/ARM_GCC_Support/ewl/lib/armv6-m\libc.a(fflush.o)
                0x000068e0                fflush
 .text.__fwrite
                0x0000693e      0x160 C:/Freescale/CW MCU v10.4/MCU/ARM_GCC_Support/ewl/lib/armv6-m\libc.a(fwrite.o)
                0x0000693e                __fwrite
 .text.fwrite   0x00006a9e        0x8 C:/Freescale/CW MCU v10.4/MCU/ARM_GCC_Support/ewl/lib/armv6-m\libc.a(fwrite.o)
                0x00006a9e                fwrite
 .text.__FileWrite
                0x00006aa6       0x1c C:/Freescale/CW MCU v10.4/MCU/ARM_GCC_Support/ewl/lib/armv6-m\libc.a(fwrite.o)
                0x00006aa6                __FileWrite
 .text.__StringRead
                0x00006ac2       0x3c C:/Freescale/CW MCU v10.4/MCU/ARM_GCC_Support/ewl/lib/armv6-m\libc.a(vsscanf.o)
                0x00006ac2                __StringRead
 *fill*         0x00006afe        0x2 00
 .text.vsscanf  0x00006b00       0x30 C:/Freescale/CW MCU v10.4/MCU/ARM_GCC_Support/ewl/lib/armv6-m\libc.a(vsscanf.o)
                0x00006b00                vsscanf
 .text.__strtoul
                0x00006b30      0x1ce C:/Freescale/CW MCU v10.4/MCU/ARM_GCC_Support/ewl/lib/armv6-m\libc.a(__strtoul.o)
                0x00006b30                __strtoul
 .text.__fill_mem
                0x00006cfe       0x7e C:/Freescale/CW MCU v10.4/MCU/ARM_GCC_Support/ewl/lib/armv6-m\libc.a(__filll_mem.o)
                0x00006cfe                __fill_mem
 .text.__memrchr
                0x00006d7c       0x1e C:/Freescale/CW MCU v10.4/MCU/ARM_GCC_Support/ewl/lib/armv6-m\libc.a(__memrchr.o)
                0x00006d7c                __memrchr
 .text.memchr   0x00006d9a       0x1a C:/Freescale/CW MCU v10.4/MCU/ARM_GCC_Support/ewl/lib/armv6-m\libc.a(memchr.o)
                0x00006d9a                memchr
 .text.memcpy   0x00006db4       0x12 C:/Freescale/CW MCU v10.4/MCU/ARM_GCC_Support/ewl/lib/armv6-m\libc.a(memcpy.o)
                0x00006db4                memcpy
 .text.strchr   0x00006dc6       0x1e C:/Freescale/CW MCU v10.4/MCU/ARM_GCC_Support/ewl/lib/armv6-m\libc.a(strchr.o)
                0x00006dc6                strchr
 .text.strcpy   0x00006de4       0x10 C:/Freescale/CW MCU v10.4/MCU/ARM_GCC_Support/ewl/lib/armv6-m\libc.a(strcpy.o)
                0x00006de4                strcpy
 .text.strlen   0x00006df4       0x10 C:/Freescale/CW MCU v10.4/MCU/ARM_GCC_Support/ewl/lib/armv6-m\libc.a(strlen.o)
                0x00006df4                strlen
 .text.__prep_buffer
                0x00006e04       0x14 C:/Freescale/CW MCU v10.4/MCU/ARM_GCC_Support/ewl/lib/armv6-m\libc.a(__buffer_io.o)
                0x00006e04                __prep_buffer
 .text.__load_buffer
                0x00006e18       0x44 C:/Freescale/CW MCU v10.4/MCU/ARM_GCC_Support/ewl/lib/armv6-m\libc.a(__buffer_io.o)
                0x00006e18                __load_buffer
 .text.__flush_buffer
                0x00006e5c       0x38 C:/Freescale/CW MCU v10.4/MCU/ARM_GCC_Support/ewl/lib/armv6-m\libc.a(__buffer_io.o)
                0x00006e5c                __flush_buffer
 *fill*         0x00006e94        0x4 00
 .text.__num2dec
                0x00006e98      0x250 C:/Freescale/CW MCU v10.4/MCU/ARM_GCC_Support/ewl/lib/armv6-m\libm.a(ansi_fp.o)
                0x00006e98                __num2dec
 .text.__dec2num
                0x000070e8      0x168 C:/Freescale/CW MCU v10.4/MCU/ARM_GCC_Support/ewl/lib/armv6-m\libm.a(ansi_fp.o)
                0x000070e8                __dec2num
 .text.__round_decimal
                0x00007250       0x98 C:/Freescale/CW MCU v10.4/MCU/ARM_GCC_Support/ewl/lib/armv6-m\libm.a(ansi_fp.o)
                0x00007250                __round_decimal
 .text.__ewl_generic_count_bits32
                0x000072e8       0x34 C:/Freescale/CW MCU v10.4/MCU/ARM_GCC_Support/ewl/lib/armv6-m\libm.a(math_api.o)
                0x000072e8                __ewl_generic_count_bits32
 .text.__ewl_generic_count_leading_zero32
                0x0000731c       0x20 C:/Freescale/CW MCU v10.4/MCU/ARM_GCC_Support/ewl/lib/armv6-m\libm.a(math_api.o)
                0x0000731c                __ewl_generic_count_leading_zero32
 .text.__ewl_generic_count_bits64
                0x0000733c       0x7c C:/Freescale/CW MCU v10.4/MCU/ARM_GCC_Support/ewl/lib/armv6-m\libm.a(math_api.o)
                0x0000733c                __ewl_generic_count_bits64
 .text.__ewl_generic_count_leading_zero64
                0x000073b8       0x4a C:/Freescale/CW MCU v10.4/MCU/ARM_GCC_Support/ewl/lib/armv6-m\libm.a(math_api.o)
                0x000073b8                __ewl_generic_count_leading_zero64
 .text.__signbitf
                0x00007402        0x4 C:/Freescale/CW MCU v10.4/MCU/ARM_GCC_Support/ewl/lib/armv6-m\libm.a(math_api.o)
                0x00007402                __signbitf
 .text.__fpclassifyf
                0x00007406       0x2a C:/Freescale/CW MCU v10.4/MCU/ARM_GCC_Support/ewl/lib/armv6-m\libm.a(math_api.o)
                0x00007406                __fpclassifyf
 .text.__signbitd
                0x00007430        0x4 C:/Freescale/CW MCU v10.4/MCU/ARM_GCC_Support/ewl/lib/armv6-m\libm.a(math_api.o)
                0x00007430                __signbitd
 .text.__fpclassifyd
                0x00007434       0x38 C:/Freescale/CW MCU v10.4/MCU/ARM_GCC_Support/ewl/lib/armv6-m\libm.a(math_api.o)
                0x00007434                __fpclassifyd
 .text.__ewl_relation
                0x0000746c       0x56 C:/Freescale/CW MCU v10.4/MCU/ARM_GCC_Support/ewl/lib/armv6-m\libm.a(math_api.o)
                0x0000746c                __ewl_relation
 *fill*         0x000074c2        0x6 00
 .text.atan     0x000074c8      0x358 C:/Freescale/CW MCU v10.4/MCU/ARM_GCC_Support/ewl/lib/armv6-m\libm.a(s_atan.o)
                0x000074c8                atan
 .text.frexp    0x00007820       0x80 C:/Freescale/CW MCU v10.4/MCU/ARM_GCC_Support/ewl/lib/armv6-m\libm.a(s_frexp.o)
                0x00007820                frexp
 .text.pow      0x000078a0        0x8 C:/Freescale/CW MCU v10.4/MCU/ARM_GCC_Support/ewl/lib/armv6-m\libm.a(w_pow.o)
                0x000078a0                pow
 .text.sqrt     0x000078a8        0x8 C:/Freescale/CW MCU v10.4/MCU/ARM_GCC_Support/ewl/lib/armv6-m\libm.a(w_sqrt.o)
                0x000078a8                sqrt
 .text.__ieee754_pow
                0x000078b0      0xb70 C:/Freescale/CW MCU v10.4/MCU/ARM_GCC_Support/ewl/lib/armv6-m\libm.a(e_pow.o)
                0x000078b0                __ieee754_pow
 .text.__ieee754_sqrt
                0x00008420      0x17c C:/Freescale/CW MCU v10.4/MCU/ARM_GCC_Support/ewl/lib/armv6-m\libm.a(e_sqrt.o)
                0x00008420                __ieee754_sqrt
 .text.scalbn   0x0000859c       0x14 C:/Freescale/CW MCU v10.4/MCU/ARM_GCC_Support/ewl/lib/armv6-m\libm.a(scalbn.o)
                0x0000859c                scalbn
 .text.ldexp    0x000085b0      0x148 C:/Freescale/CW MCU v10.4/MCU/ARM_GCC_Support/ewl/lib/armv6-m\libm.a(s_ldexp.o)
                0x000085b0                ldexp
 .text.__init_cpp
                0x000086f8       0x48 C:/Freescale/CW MCU v10.4/MCU/ARM_GCC_Support/ewl/lib/armv6-m\librt.a(gcc_ctor_dtor.o)
                0x000086f8                __init_cpp
 .text.__fini_cpp
                0x00008740       0x34 C:/Freescale/CW MCU v10.4/MCU/ARM_GCC_Support/ewl/lib/armv6-m\librt.a(gcc_ctor_dtor.o)
                0x00008740                __fini_cpp
 .text.__flush_cache
                0x00008774        0x2 C:/Freescale/CW MCU v10.4/MCU/ARM_GCC_Support/ewl/lib/armv6-m\librt.a(ROMCopy.o)
                0x00008774                __flush_cache
 .text.__copy_rom_section
                0x00008776       0x48 C:/Freescale/CW MCU v10.4/MCU/ARM_GCC_Support/ewl/lib/armv6-m\librt.a(ROMCopy.o)
                0x00008776                __copy_rom_section
 *fill*         0x000087be        0x2 00
 .text.__copy_rom_sections_to_ram
                0x000087c0       0x34 C:/Freescale/CW MCU v10.4/MCU/ARM_GCC_Support/ewl/lib/armv6-m\librt.a(ROMCopy.o)
                0x000087c0                __copy_rom_sections_to_ram
 .text.__destroy_global_chain
                0x000087f4       0x1c C:/Freescale/CW MCU v10.4/MCU/ARM_GCC_Support/ewl/lib/armv6-m\librt.a(__arm_eabi_init.o)
                0x000087f4                __destroy_global_chain
 .text.__register_global_object
                0x00008810       0x14 C:/Freescale/CW MCU v10.4/MCU/ARM_GCC_Support/ewl/lib/armv6-m\librt.a(__arm_eabi_init.o)
                0x00008810                __register_global_object
 .text.__cxa_atexit
                0x00008824       0x38 C:/Freescale/CW MCU v10.4/MCU/ARM_GCC_Support/ewl/lib/armv6-m\librt.a(__arm_eabi_init.o)
                0x00008824                __cxa_atexit
 .text.__aeabi_atexit
                0x0000885c        0xe C:/Freescale/CW MCU v10.4/MCU/ARM_GCC_Support/ewl/lib/armv6-m\librt.a(__arm_eabi_init.o)
                0x0000885c                __aeabi_atexit
 .text.__register_atexit
                0x0000886a        0xc C:/Freescale/CW MCU v10.4/MCU/ARM_GCC_Support/ewl/lib/armv6-m\librt.a(__arm_eabi_init.o)
                0x0000886a                __register_atexit
 *fill*         0x00008876        0x2 00
 .text.__init_registers
                0x00008878       0x1c C:/Freescale/CW MCU v10.4/MCU/ARM_GCC_Support/ewl/lib/armv6-m\librt.a(__arm_eabi_init.o)
                0x00008878                __init_registers
 .text.__init_hardware
                0x00008894        0x4 C:/Freescale/CW MCU v10.4/MCU/ARM_GCC_Support/ewl/lib/armv6-m\librt.a(__arm_eabi_init.o)
 .text.__init_user
                0x00008898        0x4 C:/Freescale/CW MCU v10.4/MCU/ARM_GCC_Support/ewl/lib/armv6-m\librt.a(__arm_eabi_init.o)
                0x00008898                __init_user
 .text.__ewl_count_bits32
                0x0000889c        0x8 C:/Freescale/CW MCU v10.4/MCU/ARM_GCC_Support/ewl/lib/armv6-m\libc.a(math_ARM.o)
                0x0000889c                __ewl_count_bits32
 .text.__ewl_count_leading_zero32
                0x000088a4        0x8 C:/Freescale/CW MCU v10.4/MCU/ARM_GCC_Support/ewl/lib/armv6-m\libc.a(math_ARM.o)
                0x000088a4                __ewl_count_leading_zero32
 .text.__ewl_count_trailing_zero32
                0x000088ac        0xe C:/Freescale/CW MCU v10.4/MCU/ARM_GCC_Support/ewl/lib/armv6-m\libc.a(math_ARM.o)
                0x000088ac                __ewl_count_trailing_zero32
 .text.__ewl_count_leading_one32
                0x000088ba        0xa C:/Freescale/CW MCU v10.4/MCU/ARM_GCC_Support/ewl/lib/armv6-m\libc.a(math_ARM.o)
                0x000088ba                __ewl_count_leading_one32
 .text.__ewl_count_trailing_one32
                0x000088c4        0xa C:/Freescale/CW MCU v10.4/MCU/ARM_GCC_Support/ewl/lib/armv6-m\libc.a(math_ARM.o)
                0x000088c4                __ewl_count_trailing_one32
 .text.__ewl_rotate_left32
                0x000088ce        0xc C:/Freescale/CW MCU v10.4/MCU/ARM_GCC_Support/ewl/lib/armv6-m\libc.a(math_ARM.o)
                0x000088ce                __ewl_rotate_left32
 .text.__ewl_rotate_right32
                0x000088da        0x8 C:/Freescale/CW MCU v10.4/MCU/ARM_GCC_Support/ewl/lib/armv6-m\libc.a(math_ARM.o)
                0x000088da                __ewl_rotate_right32
 .text.__ewl_count_bits64
                0x000088e2        0x8 C:/Freescale/CW MCU v10.4/MCU/ARM_GCC_Support/ewl/lib/armv6-m\libc.a(math_ARM.o)
                0x000088e2                __ewl_count_bits64
 .text.__ewl_count_leading_zero64
                0x000088ea        0x8 C:/Freescale/CW MCU v10.4/MCU/ARM_GCC_Support/ewl/lib/armv6-m\libc.a(math_ARM.o)
                0x000088ea                __ewl_count_leading_zero64
 .text.__ewl_count_trailing_zero64
                0x000088f2       0x20 C:/Freescale/CW MCU v10.4/MCU/ARM_GCC_Support/ewl/lib/armv6-m\libc.a(math_ARM.o)
                0x000088f2                __ewl_count_trailing_zero64
 .text.__ewl_count_leading_one64
                0x00008912        0xc C:/Freescale/CW MCU v10.4/MCU/ARM_GCC_Support/ewl/lib/armv6-m\libc.a(math_ARM.o)
                0x00008912                __ewl_count_leading_one64
 .text.__ewl_count_trailing_one64
                0x0000891e        0xc C:/Freescale/CW MCU v10.4/MCU/ARM_GCC_Support/ewl/lib/armv6-m\libc.a(math_ARM.o)
                0x0000891e                __ewl_count_trailing_one64
 .text.__ewl_rotate_left64
                0x0000892a       0x2c C:/Freescale/CW MCU v10.4/MCU/ARM_GCC_Support/ewl/lib/armv6-m\libc.a(math_ARM.o)
                0x0000892a                __ewl_rotate_left64
 .text.__ewl_rotate_right64
                0x00008956       0x2c C:/Freescale/CW MCU v10.4/MCU/ARM_GCC_Support/ewl/lib/armv6-m\libc.a(math_ARM.o)
                0x00008956                __ewl_rotate_right64
 *(.rodata)
 *fill*         0x00008982        0x2 00
 .rodata        0x00008984       0x28 ./Generated_Code/PE_LDD.o
                0x00008984                PE_CpuClockConfigurations
 .rodata        0x000089ac       0x18 ./Sources/ProcessorExpert.o
 .rodata        0x000089c4       0x58 ./Sources/MPU6050.o
 .rodata        0x00008a1c       0x20 C:/Freescale/CW MCU v10.4/MCU/ARM_GCC_Support/ewl/lib/armv6-m\libc.a(__strtold.o)
 .rodata        0x00008a3c       0x40 c:/freescale/cw mcu v10.4/cross_tools/arm-none-eabi-gcc-4_7_3/bin/../lib/gcc/arm-none-eabi/4.7.3/armv6-m\libgcc.a(divsf3.o)
 .rodata        0x00008a7c       0x40 c:/freescale/cw mcu v10.4/cross_tools/arm-none-eabi-gcc-4_7_3/bin/../lib/gcc/arm-none-eabi/4.7.3/armv6-m\libgcc.a(mulsf3.o)
 .rodata        0x00008abc       0x40 c:/freescale/cw mcu v10.4/cross_tools/arm-none-eabi-gcc-4_7_3/bin/../lib/gcc/arm-none-eabi/4.7.3/armv6-m\libgcc.a(divdf3.o)
 .rodata        0x00008afc       0x40 c:/freescale/cw mcu v10.4/cross_tools/arm-none-eabi-gcc-4_7_3/bin/../lib/gcc/arm-none-eabi/4.7.3/armv6-m\libgcc.a(muldf3.o)
 *(.rodata*)
 .rodata.str1.1
                0x00008b3c       0x14 C:/Freescale/CW MCU v10.4/MCU/ARM_GCC_Support/ewl/lib/armv6-m\libc.a(printformat_fp.o)
                                 0x25 (size before relaxing)
 .rodata.CSWTCH.22
                0x00008b50       0x21 C:/Freescale/CW MCU v10.4/MCU/ARM_GCC_Support/ewl/lib/armv6-m\libc.a(printformat_fp.o)
 .rodata.CSWTCH.23
                0x00008b71       0x21 C:/Freescale/CW MCU v10.4/MCU/ARM_GCC_Support/ewl/lib/armv6-m\libc.a(printformat_fp.o)
 .rodata.__aeabi_ctype_table_C
                0x00008b92      0x101 C:/Freescale/CW MCU v10.4/MCU/ARM_GCC_Support/ewl/lib/armv6-m\libc.a(ctype_aeabi.o)
                0x00008b92                __aeabi_ctype_table_C
 *fill*         0x00008c93        0x5 00
 .rodata.digit_values
                0x00008c98       0x40 C:/Freescale/CW MCU v10.4/MCU/ARM_GCC_Support/ewl/lib/armv6-m\libm.a(ansi_fp.o)
 .rodata.bit_values
                0x00008cd8       0x48 C:/Freescale/CW MCU v10.4/MCU/ARM_GCC_Support/ewl/lib/armv6-m\libm.a(ansi_fp.o)
 .rodata.atanlo
                0x00008d20       0x20 C:/Freescale/CW MCU v10.4/MCU/ARM_GCC_Support/ewl/lib/armv6-m\libm.a(s_atan.o)
 .rodata.atanhi
                0x00008d40       0x20 C:/Freescale/CW MCU v10.4/MCU/ARM_GCC_Support/ewl/lib/armv6-m\libm.a(s_atan.o)
 .rodata.dp_h   0x00008d60       0x10 C:/Freescale/CW MCU v10.4/MCU/ARM_GCC_Support/ewl/lib/armv6-m\libm.a(e_pow.o)
 .rodata.dp_l   0x00008d70       0x10 C:/Freescale/CW MCU v10.4/MCU/ARM_GCC_Support/ewl/lib/armv6-m\libm.a(e_pow.o)
 .rodata.bp     0x00008d80       0x10 C:/Freescale/CW MCU v10.4/MCU/ARM_GCC_Support/ewl/lib/armv6-m\libm.a(e_pow.o)
 *(.glue_7)
 .glue_7        0x00000000        0x0 linker stubs
 *(.glue_7t)
 .glue_7t       0x00000000        0x0 linker stubs
 *(.eh_frame)
 *(.init)
 *(.fini)
                0x00008d90                . = ALIGN (0x4)
                0x00008d90                _etext = .

.vfp11_veneer   0x00008d90        0x0
 .vfp11_veneer  0x00000000        0x0 linker stubs

.v4_bx          0x00008d90        0x0
 .v4_bx         0x00000000        0x0 linker stubs

.iplt           0x00008d90        0x0
 .iplt          0x00000000        0x0 ./Generated_Code/Vectors.o

.rel.dyn        0x00008d90        0x0
 .rel.iplt      0x00000000        0x0 ./Generated_Code/Vectors.o

.ARM.extab
 *(.ARM.extab* .gnu.linkonce.armextab.*)

.ARM            0x00008d90        0x0
                0x00008d90                __exidx_start = .
 *(.ARM.exidx*)
                0x00008d90                __exidx_end = .

.ctors          0x00008d90        0x0
                0x00008d90                __CTOR_LIST__ = .
 *crtbegin.o(.ctors)
 *(EXCLUDE_FILE(*crtend.o) .ctors)
 *(SORT(.ctors.*))
 *(.ctors)
                0x00008d90                __CTOR_END__ = .

.dtors          0x00008d90        0x0
                0x00008d90                __DTOR_LIST__ = .
 *crtbegin.o(.dtors)
 *(EXCLUDE_FILE(*crtend.o) .dtors)
 *(SORT(.dtors.*))
 *(.dtors)
                0x00008d90                __DTOR_END__ = .

.preinit_array  0x00008d90        0x0
                0x00008d90                PROVIDE (__preinit_array_start, .)
 *(.preinit_array*)
                0x00008d90                PROVIDE (__preinit_array_end, .)

.init_array     0x00008d90        0x0
                0x00008d90                PROVIDE (__init_array_start, .)
 *(SORT(.init_array.*))
 *(.init_array*)
                0x00008d90                PROVIDE (__init_array_end, .)

.fini_array     0x00008d90        0x0
                0x00008d90                PROVIDE (__fini_array_start, .)
 *(SORT(.fini_array.*))
 *(.fini_array*)
                0x00008d90                PROVIDE (__fini_array_end, .)
                0x00008d90                ___ROM_AT = .

.mtb            0x1ffff000        0x0
                0x1ffff000                . = ALIGN (0x8)
                0x1ffff000                _mtb_start = .
 *(.mtb_buf)
                0x1ffff000                . = ALIGN (0x8)
                0x1ffff000                _mtb_end = .

.data           0x1ffff000      0x140 load address 0x00008d90
                0x1ffff000                . = ALIGN (0x4)
                0x1ffff000                _sdata = .
 *(.data)
 .data          0x1ffff000        0x0 ./Generated_Code/Vectors.o
 .data          0x1ffff000        0x0 ./Generated_Code/TimerIntLdd1.o
 .data          0x1ffff000        0x0 ./Generated_Code/TU2.o
 .data          0x1ffff000        0x0 ./Generated_Code/TPM0.o
 .data          0x1ffff000        0x0 ./Generated_Code/TI1.o
 .data          0x1ffff000        0x0 ./Generated_Code/PE_LDD.o
 .data          0x1ffff000        0x0 ./Generated_Code/IO1.o
 .data          0x1ffff000        0x0 ./Generated_Code/I2C2.o
 .data          0x1ffff000        0x0 ./Generated_Code/GPIO1.o
 .data          0x1ffff000        0x0 ./Generated_Code/CsIO1.o
 .data          0x1ffff000        0x0 ./Generated_Code/Cpu.o
 .data          0x1ffff000        0x0 ./Project_Settings/Startup_Code/__arm_start.o
 .data          0x1ffff000        0x0 ./Project_Settings/Startup_Code/__arm_end.o
 .data          0x1ffff000        0x0 ./Sources/sa_mtb.o
 .data          0x1ffff000        0x0 ./Sources/ProcessorExpert.o
 .data          0x1ffff000        0x0 ./Sources/PID.o
 .data          0x1ffff000        0x0 ./Sources/MPU6050.o
 .data          0x1ffff000        0x0 ./Sources/Events.o
 .data          0x1ffff000        0x0 C:/Freescale/CW MCU v10.4/MCU/ARM_GCC_Support/ewl/lib/armv6-m\libc.a(printf.o)
 .data          0x1ffff000        0x0 C:/Freescale/CW MCU v10.4/MCU/ARM_GCC_Support/ewl/lib/armv6-m\libc.a(puts.o)
 .data          0x1ffff000        0x0 C:/Freescale/CW MCU v10.4/MCU/ARM_GCC_Support/ewl/lib/armv6-m\libc.a(exit.o)
 .data          0x1ffff000        0x0 C:/Freescale/CW MCU v10.4/MCU/ARM_GCC_Support/ewl/lib/armv6-m\libc.a(memset.o)
 .data          0x1ffff000        0x0 C:/Freescale/CW MCU v10.4/MCU/ARM_GCC_Support/ewl/lib/armv6-m\libc.a(printformat_fp.o)
 .data          0x1ffff000        0x0 C:/Freescale/CW MCU v10.4/MCU/ARM_GCC_Support/ewl/lib/armv6-m\libc.a(scanformat_fp.o)
 .data          0x1ffff000        0x0 C:/Freescale/CW MCU v10.4/MCU/ARM_GCC_Support/ewl/lib/armv6-m\libc.a(ctype_aeabi.o)
 .data          0x1ffff000        0x0 C:/Freescale/CW MCU v10.4/MCU/ARM_GCC_Support/ewl/lib/armv6-m\libc.a(__putchar.o)
 .data          0x1ffff000        0x0 C:/Freescale/CW MCU v10.4/MCU/ARM_GCC_Support/ewl/lib/armv6-m\libc.a(__strtold.o)
 .data          0x1ffff000        0x0 C:/Freescale/CW MCU v10.4/MCU/ARM_GCC_Support/ewl/lib/armv6-m\libc.a(ansi_files.o)
 .data          0x1ffff000        0x0 C:/Freescale/CW MCU v10.4/MCU/ARM_GCC_Support/ewl/lib/armv6-m\libc.a(fflush.o)
 .data          0x1ffff000        0x0 C:/Freescale/CW MCU v10.4/MCU/ARM_GCC_Support/ewl/lib/armv6-m\libc.a(fwrite.o)
 .data          0x1ffff000        0x0 C:/Freescale/CW MCU v10.4/MCU/ARM_GCC_Support/ewl/lib/armv6-m\libc.a(vsscanf.o)
 .data          0x1ffff000        0x0 C:/Freescale/CW MCU v10.4/MCU/ARM_GCC_Support/ewl/lib/armv6-m\libc.a(__strtoul.o)
 .data          0x1ffff000        0x0 C:/Freescale/CW MCU v10.4/MCU/ARM_GCC_Support/ewl/lib/armv6-m\libc.a(__filll_mem.o)
 .data          0x1ffff000        0x0 C:/Freescale/CW MCU v10.4/MCU/ARM_GCC_Support/ewl/lib/armv6-m\libc.a(__memrchr.o)
 .data          0x1ffff000        0x0 C:/Freescale/CW MCU v10.4/MCU/ARM_GCC_Support/ewl/lib/armv6-m\libc.a(memchr.o)
 .data          0x1ffff000        0x0 C:/Freescale/CW MCU v10.4/MCU/ARM_GCC_Support/ewl/lib/armv6-m\libc.a(memcpy.o)
 .data          0x1ffff000        0x0 C:/Freescale/CW MCU v10.4/MCU/ARM_GCC_Support/ewl/lib/armv6-m\libc.a(strchr.o)
 .data          0x1ffff000        0x0 C:/Freescale/CW MCU v10.4/MCU/ARM_GCC_Support/ewl/lib/armv6-m\libc.a(strcpy.o)
 .data          0x1ffff000        0x0 C:/Freescale/CW MCU v10.4/MCU/ARM_GCC_Support/ewl/lib/armv6-m\libc.a(strlen.o)
 .data          0x1ffff000        0x0 C:/Freescale/CW MCU v10.4/MCU/ARM_GCC_Support/ewl/lib/armv6-m\libc.a(errno.o)
 .data          0x1ffff000        0x0 C:/Freescale/CW MCU v10.4/MCU/ARM_GCC_Support/ewl/lib/armv6-m\libc.a(__buffer_io.o)
 .data          0x1ffff000        0x0 C:/Freescale/CW MCU v10.4/MCU/ARM_GCC_Support/ewl/lib/armv6-m\libm.a(ansi_fp.o)
 .data          0x1ffff000        0x0 C:/Freescale/CW MCU v10.4/MCU/ARM_GCC_Support/ewl/lib/armv6-m\libm.a(float.o)
 .data          0x1ffff000        0x0 C:/Freescale/CW MCU v10.4/MCU/ARM_GCC_Support/ewl/lib/armv6-m\libm.a(math_api.o)
 .data          0x1ffff000        0x0 C:/Freescale/CW MCU v10.4/MCU/ARM_GCC_Support/ewl/lib/armv6-m\libm.a(s_atan.o)
 .data          0x1ffff000        0x0 C:/Freescale/CW MCU v10.4/MCU/ARM_GCC_Support/ewl/lib/armv6-m\libm.a(s_frexp.o)
 .data          0x1ffff000        0x0 C:/Freescale/CW MCU v10.4/MCU/ARM_GCC_Support/ewl/lib/armv6-m\libm.a(w_pow.o)
 .data          0x1ffff000        0x0 C:/Freescale/CW MCU v10.4/MCU/ARM_GCC_Support/ewl/lib/armv6-m\libm.a(w_sqrt.o)
 .data          0x1ffff000        0x0 C:/Freescale/CW MCU v10.4/MCU/ARM_GCC_Support/ewl/lib/armv6-m\libm.a(e_pow.o)
 .data          0x1ffff000        0x0 C:/Freescale/CW MCU v10.4/MCU/ARM_GCC_Support/ewl/lib/armv6-m\libm.a(e_sqrt.o)
 .data          0x1ffff000        0x0 C:/Freescale/CW MCU v10.4/MCU/ARM_GCC_Support/ewl/lib/armv6-m\libm.a(scalbn.o)
 .data          0x1ffff000        0x0 C:/Freescale/CW MCU v10.4/MCU/ARM_GCC_Support/ewl/lib/armv6-m\libm.a(s_ldexp.o)
 .data          0x1ffff000        0x0 c:/freescale/cw mcu v10.4/cross_tools/arm-none-eabi-gcc-4_7_3/bin/../lib/gcc/arm-none-eabi/4.7.3/armv6-m\libgcc.a(_thumb1_case_sqi.o)
 .data          0x1ffff000        0x0 c:/freescale/cw mcu v10.4/cross_tools/arm-none-eabi-gcc-4_7_3/bin/../lib/gcc/arm-none-eabi/4.7.3/armv6-m\libgcc.a(_thumb1_case_uqi.o)
 .data          0x1ffff000        0x0 c:/freescale/cw mcu v10.4/cross_tools/arm-none-eabi-gcc-4_7_3/bin/../lib/gcc/arm-none-eabi/4.7.3/armv6-m\libgcc.a(_udivsi3.o)
 .data          0x1ffff000        0x0 c:/freescale/cw mcu v10.4/cross_tools/arm-none-eabi-gcc-4_7_3/bin/../lib/gcc/arm-none-eabi/4.7.3/armv6-m\libgcc.a(_divsi3.o)
 .data          0x1ffff000        0x0 c:/freescale/cw mcu v10.4/cross_tools/arm-none-eabi-gcc-4_7_3/bin/../lib/gcc/arm-none-eabi/4.7.3/armv6-m\libgcc.a(_dvmd_tls.o)
 .data          0x1ffff000        0x0 c:/freescale/cw mcu v10.4/cross_tools/arm-none-eabi-gcc-4_7_3/bin/../lib/gcc/arm-none-eabi/4.7.3/armv6-m\libgcc.a(_arm_cmpdf2.o)
 .data          0x1ffff000        0x0 c:/freescale/cw mcu v10.4/cross_tools/arm-none-eabi-gcc-4_7_3/bin/../lib/gcc/arm-none-eabi/4.7.3/armv6-m\libgcc.a(_arm_cmpsf2.o)
 .data          0x1ffff000        0x0 c:/freescale/cw mcu v10.4/cross_tools/arm-none-eabi-gcc-4_7_3/bin/../lib/gcc/arm-none-eabi/4.7.3/armv6-m\libgcc.a(_fixunssfsi.o)
 .data          0x1ffff000        0x0 c:/freescale/cw mcu v10.4/cross_tools/arm-none-eabi-gcc-4_7_3/bin/../lib/gcc/arm-none-eabi/4.7.3/armv6-m\libgcc.a(addsf3.o)
 .data          0x1ffff000        0x0 c:/freescale/cw mcu v10.4/cross_tools/arm-none-eabi-gcc-4_7_3/bin/../lib/gcc/arm-none-eabi/4.7.3/armv6-m\libgcc.a(divsf3.o)
 .data          0x1ffff000        0x0 c:/freescale/cw mcu v10.4/cross_tools/arm-none-eabi-gcc-4_7_3/bin/../lib/gcc/arm-none-eabi/4.7.3/armv6-m\libgcc.a(eqsf2.o)
 .data          0x1ffff000        0x0 c:/freescale/cw mcu v10.4/cross_tools/arm-none-eabi-gcc-4_7_3/bin/../lib/gcc/arm-none-eabi/4.7.3/armv6-m\libgcc.a(gesf2.o)
 .data          0x1ffff000        0x0 c:/freescale/cw mcu v10.4/cross_tools/arm-none-eabi-gcc-4_7_3/bin/../lib/gcc/arm-none-eabi/4.7.3/armv6-m\libgcc.a(lesf2.o)
 .data          0x1ffff000        0x0 c:/freescale/cw mcu v10.4/cross_tools/arm-none-eabi-gcc-4_7_3/bin/../lib/gcc/arm-none-eabi/4.7.3/armv6-m\libgcc.a(mulsf3.o)
 .data          0x1ffff000        0x0 c:/freescale/cw mcu v10.4/cross_tools/arm-none-eabi-gcc-4_7_3/bin/../lib/gcc/arm-none-eabi/4.7.3/armv6-m\libgcc.a(subsf3.o)
 .data          0x1ffff000        0x0 c:/freescale/cw mcu v10.4/cross_tools/arm-none-eabi-gcc-4_7_3/bin/../lib/gcc/arm-none-eabi/4.7.3/armv6-m\libgcc.a(fixsfsi.o)
 .data          0x1ffff000        0x0 c:/freescale/cw mcu v10.4/cross_tools/arm-none-eabi-gcc-4_7_3/bin/../lib/gcc/arm-none-eabi/4.7.3/armv6-m\libgcc.a(floatsisf.o)
 .data          0x1ffff000        0x0 c:/freescale/cw mcu v10.4/cross_tools/arm-none-eabi-gcc-4_7_3/bin/../lib/gcc/arm-none-eabi/4.7.3/armv6-m\libgcc.a(adddf3.o)
 .data          0x1ffff000        0x0 c:/freescale/cw mcu v10.4/cross_tools/arm-none-eabi-gcc-4_7_3/bin/../lib/gcc/arm-none-eabi/4.7.3/armv6-m\libgcc.a(divdf3.o)
 .data          0x1ffff000        0x0 c:/freescale/cw mcu v10.4/cross_tools/arm-none-eabi-gcc-4_7_3/bin/../lib/gcc/arm-none-eabi/4.7.3/armv6-m\libgcc.a(eqdf2.o)
 .data          0x1ffff000        0x0 c:/freescale/cw mcu v10.4/cross_tools/arm-none-eabi-gcc-4_7_3/bin/../lib/gcc/arm-none-eabi/4.7.3/armv6-m\libgcc.a(gedf2.o)
 .data          0x1ffff000        0x0 c:/freescale/cw mcu v10.4/cross_tools/arm-none-eabi-gcc-4_7_3/bin/../lib/gcc/arm-none-eabi/4.7.3/armv6-m\libgcc.a(ledf2.o)
 .data          0x1ffff000        0x0 c:/freescale/cw mcu v10.4/cross_tools/arm-none-eabi-gcc-4_7_3/bin/../lib/gcc/arm-none-eabi/4.7.3/armv6-m\libgcc.a(muldf3.o)
 .data          0x1ffff000        0x0 c:/freescale/cw mcu v10.4/cross_tools/arm-none-eabi-gcc-4_7_3/bin/../lib/gcc/arm-none-eabi/4.7.3/armv6-m\libgcc.a(subdf3.o)
 .data          0x1ffff000        0x0 c:/freescale/cw mcu v10.4/cross_tools/arm-none-eabi-gcc-4_7_3/bin/../lib/gcc/arm-none-eabi/4.7.3/armv6-m\libgcc.a(fixdfsi.o)
 .data          0x1ffff000        0x0 c:/freescale/cw mcu v10.4/cross_tools/arm-none-eabi-gcc-4_7_3/bin/../lib/gcc/arm-none-eabi/4.7.3/armv6-m\libgcc.a(floatsidf.o)
 .data          0x1ffff000        0x0 c:/freescale/cw mcu v10.4/cross_tools/arm-none-eabi-gcc-4_7_3/bin/../lib/gcc/arm-none-eabi/4.7.3/armv6-m\libgcc.a(extendsfdf2.o)
 .data          0x1ffff000        0x0 c:/freescale/cw mcu v10.4/cross_tools/arm-none-eabi-gcc-4_7_3/bin/../lib/gcc/arm-none-eabi/4.7.3/armv6-m\libgcc.a(truncdfsf2.o)
 .data          0x1ffff000        0x0 c:/freescale/cw mcu v10.4/cross_tools/arm-none-eabi-gcc-4_7_3/bin/../lib/gcc/arm-none-eabi/4.7.3/armv6-m\libgcc.a(_clzsi2.o)
 .data          0x1ffff000        0x0 C:/Freescale/CW MCU v10.4/MCU/ARM_GCC_Support/ewl/lib/armv6-m\librt.a(gcc_ctor_dtor.o)
 .data          0x1ffff000        0x0 C:/Freescale/CW MCU v10.4/MCU/ARM_GCC_Support/ewl/lib/armv6-m\librt.a(ROMCopy.o)
 .data          0x1ffff000        0x0 C:/Freescale/CW MCU v10.4/MCU/ARM_GCC_Support/ewl/lib/armv6-m\librt.a(__arm_eabi_init.o)
 .data          0x1ffff000        0x0 C:/Freescale/CW MCU v10.4/MCU/ARM_GCC_Support/ewl/lib/armv6-m\libc.a(math_ARM.o)
 .data          0x1ffff000        0x0 c:/freescale/cw mcu v10.4/cross_tools/arm-none-eabi-gcc-4_7_3/bin/../lib/gcc/arm-none-eabi/4.7.3/armv6-m\libgcc.a(_lshrdi3.o)
 .data          0x1ffff000        0x0 c:/freescale/cw mcu v10.4/cross_tools/arm-none-eabi-gcc-4_7_3/bin/../lib/gcc/arm-none-eabi/4.7.3/armv6-m\libgcc.a(_ashldi3.o)
 *(.data*)
 .data.__files  0x1ffff000       0xcc C:/Freescale/CW MCU v10.4/MCU/ARM_GCC_Support/ewl/lib/armv6-m\libc.a(ansi_files.o)
                0x1ffff000                __files
 .data.__extended_tiny
                0x1ffff0cc        0x8 C:/Freescale/CW MCU v10.4/MCU/ARM_GCC_Support/ewl/lib/armv6-m\libm.a(float.o)
                0x1ffff0cc                __extended_tiny
 .data.__double_epsilon
                0x1ffff0d4        0x8 C:/Freescale/CW MCU v10.4/MCU/ARM_GCC_Support/ewl/lib/armv6-m\libm.a(float.o)
                0x1ffff0d4                __double_epsilon
 .data.__double_nan
                0x1ffff0dc        0x8 C:/Freescale/CW MCU v10.4/MCU/ARM_GCC_Support/ewl/lib/armv6-m\libm.a(float.o)
                0x1ffff0dc                __double_nan
 .data.__double_huge
                0x1ffff0e4        0x8 C:/Freescale/CW MCU v10.4/MCU/ARM_GCC_Support/ewl/lib/armv6-m\libm.a(float.o)
                0x1ffff0e4                __double_huge
 .data.__float_huge
                0x1ffff0ec        0x4 C:/Freescale/CW MCU v10.4/MCU/ARM_GCC_Support/ewl/lib/armv6-m\libm.a(float.o)
                0x1ffff0ec                __float_huge
 .data.__float_min
                0x1ffff0f0        0x4 C:/Freescale/CW MCU v10.4/MCU/ARM_GCC_Support/ewl/lib/armv6-m\libm.a(float.o)
                0x1ffff0f0                __float_min
 .data.__float_max
                0x1ffff0f4        0x4 C:/Freescale/CW MCU v10.4/MCU/ARM_GCC_Support/ewl/lib/armv6-m\libm.a(float.o)
                0x1ffff0f4                __float_max
 .data.__float_epsilon
                0x1ffff0f8        0x4 C:/Freescale/CW MCU v10.4/MCU/ARM_GCC_Support/ewl/lib/armv6-m\libm.a(float.o)
                0x1ffff0f8                __float_epsilon
 .data.__extended_nan
                0x1ffff0fc        0x8 C:/Freescale/CW MCU v10.4/MCU/ARM_GCC_Support/ewl/lib/armv6-m\libm.a(float.o)
                0x1ffff0fc                __extended_nan
 .data.__extended_epsilon
                0x1ffff104        0x8 C:/Freescale/CW MCU v10.4/MCU/ARM_GCC_Support/ewl/lib/armv6-m\libm.a(float.o)
                0x1ffff104                __extended_epsilon
 .data.__extended_huge
                0x1ffff10c        0x8 C:/Freescale/CW MCU v10.4/MCU/ARM_GCC_Support/ewl/lib/armv6-m\libm.a(float.o)
                0x1ffff10c                __extended_huge
 .data.__double_min
                0x1ffff114        0x8 C:/Freescale/CW MCU v10.4/MCU/ARM_GCC_Support/ewl/lib/armv6-m\libm.a(float.o)
                0x1ffff114                __double_min
 .data.__extended_min
                0x1ffff11c        0x8 C:/Freescale/CW MCU v10.4/MCU/ARM_GCC_Support/ewl/lib/armv6-m\libm.a(float.o)
                0x1ffff11c                __extended_min
 .data.__double_tiny
                0x1ffff124        0x8 C:/Freescale/CW MCU v10.4/MCU/ARM_GCC_Support/ewl/lib/armv6-m\libm.a(float.o)
                0x1ffff124                __double_tiny
 .data.__double_max
                0x1ffff12c        0x8 C:/Freescale/CW MCU v10.4/MCU/ARM_GCC_Support/ewl/lib/armv6-m\libm.a(float.o)
                0x1ffff12c                __double_max
 .data.__float_nan
                0x1ffff134        0x4 C:/Freescale/CW MCU v10.4/MCU/ARM_GCC_Support/ewl/lib/armv6-m\libm.a(float.o)
                0x1ffff134                __float_nan
 .data.__extended_max
                0x1ffff138        0x8 C:/Freescale/CW MCU v10.4/MCU/ARM_GCC_Support/ewl/lib/armv6-m\libm.a(float.o)
                0x1ffff138                __extended_max
                0x1ffff140                . = ALIGN (0x4)
                0x1ffff140                _edata = .
                0x00000140                ___data_size = (_edata - _sdata)

.igot.plt       0x1ffff140        0x0 load address 0x00008ed0
 .igot.plt      0x00000000        0x0 ./Generated_Code/Vectors.o
                0x1ffff140                . = ALIGN (0x4)

.bss            0x1ffff140      0x474 load address 0x00008ed0
                0x1ffff140                __START_BSS = .
                0x1ffff140                __bss_start__ = __START_BSS
 *(.bss)
 .bss           0x1ffff140        0x0 ./Generated_Code/Vectors.o
 .bss           0x1ffff140        0xc ./Generated_Code/TimerIntLdd1.o
 .bss           0x1ffff14c        0xc ./Generated_Code/TU2.o
 .bss           0x1ffff158        0x0 ./Generated_Code/TPM0.o
 .bss           0x1ffff158        0x0 ./Generated_Code/TI1.o
 .bss           0x1ffff158       0x14 ./Generated_Code/PE_LDD.o
                0x1ffff158                PE_LDD_DeviceDataList
 .bss           0x1ffff16c       0x18 ./Generated_Code/IO1.o
 .bss           0x1ffff184       0x18 ./Generated_Code/I2C2.o
 .bss           0x1ffff19c        0x4 ./Generated_Code/GPIO1.o
 .bss           0x1ffff1a0        0x0 ./Generated_Code/CsIO1.o
 .bss           0x1ffff1a0        0x1 ./Generated_Code/Cpu.o
                0x1ffff1a0                SR_lock
 *fill*         0x1ffff1a1        0x3 00
 .bss           0x1ffff1a4        0x4 ./Project_Settings/Startup_Code/__arm_start.o
 .bss           0x1ffff1a8        0x0 ./Project_Settings/Startup_Code/__arm_end.o
 .bss           0x1ffff1a8        0x0 ./Sources/sa_mtb.o
 .bss           0x1ffff1a8       0x1c ./Sources/ProcessorExpert.o
                0x1ffff1a8                gui_acc_x
                0x1ffff1ac                gui_acc_y
                0x1ffff1b0                gui_acc_z
                0x1ffff1b4                gui_angle
                0x1ffff1b8                KP
                0x1ffff1bc                KD
                0x1ffff1c0                KI
 .bss           0x1ffff1c4        0x0 ./Sources/PID.o
 .bss           0x1ffff1c4        0x8 ./Sources/MPU6050.o
 .bss           0x1ffff1cc        0x0 ./Sources/Events.o
 .bss           0x1ffff1cc        0x0 C:/Freescale/CW MCU v10.4/MCU/ARM_GCC_Support/ewl/lib/armv6-m\libc.a(printf.o)
 .bss           0x1ffff1cc        0x0 C:/Freescale/CW MCU v10.4/MCU/ARM_GCC_Support/ewl/lib/armv6-m\libc.a(puts.o)
 .bss           0x1ffff1cc        0x0 C:/Freescale/CW MCU v10.4/MCU/ARM_GCC_Support/ewl/lib/armv6-m\libc.a(exit.o)
 .bss           0x1ffff1cc        0x0 C:/Freescale/CW MCU v10.4/MCU/ARM_GCC_Support/ewl/lib/armv6-m\libc.a(memset.o)
 .bss           0x1ffff1cc        0x0 C:/Freescale/CW MCU v10.4/MCU/ARM_GCC_Support/ewl/lib/armv6-m\libc.a(printformat_fp.o)
 .bss           0x1ffff1cc        0x0 C:/Freescale/CW MCU v10.4/MCU/ARM_GCC_Support/ewl/lib/armv6-m\libc.a(scanformat_fp.o)
 .bss           0x1ffff1cc        0x0 C:/Freescale/CW MCU v10.4/MCU/ARM_GCC_Support/ewl/lib/armv6-m\libc.a(ctype_aeabi.o)
 .bss           0x1ffff1cc        0x0 C:/Freescale/CW MCU v10.4/MCU/ARM_GCC_Support/ewl/lib/armv6-m\libc.a(__putchar.o)
 .bss           0x1ffff1cc        0x0 C:/Freescale/CW MCU v10.4/MCU/ARM_GCC_Support/ewl/lib/armv6-m\libc.a(__strtold.o)
 .bss           0x1ffff1cc        0x0 C:/Freescale/CW MCU v10.4/MCU/ARM_GCC_Support/ewl/lib/armv6-m\libc.a(ansi_files.o)
 .bss           0x1ffff1cc        0x0 C:/Freescale/CW MCU v10.4/MCU/ARM_GCC_Support/ewl/lib/armv6-m\libc.a(fflush.o)
 .bss           0x1ffff1cc        0x0 C:/Freescale/CW MCU v10.4/MCU/ARM_GCC_Support/ewl/lib/armv6-m\libc.a(fwrite.o)
 .bss           0x1ffff1cc        0x0 C:/Freescale/CW MCU v10.4/MCU/ARM_GCC_Support/ewl/lib/armv6-m\libc.a(vsscanf.o)
 .bss           0x1ffff1cc        0x0 C:/Freescale/CW MCU v10.4/MCU/ARM_GCC_Support/ewl/lib/armv6-m\libc.a(__strtoul.o)
 .bss           0x1ffff1cc        0x0 C:/Freescale/CW MCU v10.4/MCU/ARM_GCC_Support/ewl/lib/armv6-m\libc.a(__filll_mem.o)
 .bss           0x1ffff1cc        0x0 C:/Freescale/CW MCU v10.4/MCU/ARM_GCC_Support/ewl/lib/armv6-m\libc.a(__memrchr.o)
 .bss           0x1ffff1cc        0x0 C:/Freescale/CW MCU v10.4/MCU/ARM_GCC_Support/ewl/lib/armv6-m\libc.a(memchr.o)
 .bss           0x1ffff1cc        0x0 C:/Freescale/CW MCU v10.4/MCU/ARM_GCC_Support/ewl/lib/armv6-m\libc.a(memcpy.o)
 .bss           0x1ffff1cc        0x0 C:/Freescale/CW MCU v10.4/MCU/ARM_GCC_Support/ewl/lib/armv6-m\libc.a(strchr.o)
 .bss           0x1ffff1cc        0x0 C:/Freescale/CW MCU v10.4/MCU/ARM_GCC_Support/ewl/lib/armv6-m\libc.a(strcpy.o)
 .bss           0x1ffff1cc        0x0 C:/Freescale/CW MCU v10.4/MCU/ARM_GCC_Support/ewl/lib/armv6-m\libc.a(strlen.o)
 .bss           0x1ffff1cc        0x0 C:/Freescale/CW MCU v10.4/MCU/ARM_GCC_Support/ewl/lib/armv6-m\libc.a(errno.o)
 .bss           0x1ffff1cc        0x0 C:/Freescale/CW MCU v10.4/MCU/ARM_GCC_Support/ewl/lib/armv6-m\libc.a(__buffer_io.o)
 .bss           0x1ffff1cc        0x0 C:/Freescale/CW MCU v10.4/MCU/ARM_GCC_Support/ewl/lib/armv6-m\libm.a(ansi_fp.o)
 .bss           0x1ffff1cc        0x0 C:/Freescale/CW MCU v10.4/MCU/ARM_GCC_Support/ewl/lib/armv6-m\libm.a(float.o)
 .bss           0x1ffff1cc        0x0 C:/Freescale/CW MCU v10.4/MCU/ARM_GCC_Support/ewl/lib/armv6-m\libm.a(math_api.o)
 .bss           0x1ffff1cc        0x0 C:/Freescale/CW MCU v10.4/MCU/ARM_GCC_Support/ewl/lib/armv6-m\libm.a(s_atan.o)
 .bss           0x1ffff1cc        0x0 C:/Freescale/CW MCU v10.4/MCU/ARM_GCC_Support/ewl/lib/armv6-m\libm.a(s_frexp.o)
 .bss           0x1ffff1cc        0x0 C:/Freescale/CW MCU v10.4/MCU/ARM_GCC_Support/ewl/lib/armv6-m\libm.a(w_pow.o)
 .bss           0x1ffff1cc        0x0 C:/Freescale/CW MCU v10.4/MCU/ARM_GCC_Support/ewl/lib/armv6-m\libm.a(w_sqrt.o)
 .bss           0x1ffff1cc        0x0 C:/Freescale/CW MCU v10.4/MCU/ARM_GCC_Support/ewl/lib/armv6-m\libm.a(e_pow.o)
 .bss           0x1ffff1cc        0x0 C:/Freescale/CW MCU v10.4/MCU/ARM_GCC_Support/ewl/lib/armv6-m\libm.a(e_sqrt.o)
 .bss           0x1ffff1cc        0x0 C:/Freescale/CW MCU v10.4/MCU/ARM_GCC_Support/ewl/lib/armv6-m\libm.a(scalbn.o)
 .bss           0x1ffff1cc        0x0 C:/Freescale/CW MCU v10.4/MCU/ARM_GCC_Support/ewl/lib/armv6-m\libm.a(s_ldexp.o)
 .bss           0x1ffff1cc        0x0 c:/freescale/cw mcu v10.4/cross_tools/arm-none-eabi-gcc-4_7_3/bin/../lib/gcc/arm-none-eabi/4.7.3/armv6-m\libgcc.a(_thumb1_case_sqi.o)
 .bss           0x1ffff1cc        0x0 c:/freescale/cw mcu v10.4/cross_tools/arm-none-eabi-gcc-4_7_3/bin/../lib/gcc/arm-none-eabi/4.7.3/armv6-m\libgcc.a(_thumb1_case_uqi.o)
 .bss           0x1ffff1cc        0x0 c:/freescale/cw mcu v10.4/cross_tools/arm-none-eabi-gcc-4_7_3/bin/../lib/gcc/arm-none-eabi/4.7.3/armv6-m\libgcc.a(_udivsi3.o)
 .bss           0x1ffff1cc        0x0 c:/freescale/cw mcu v10.4/cross_tools/arm-none-eabi-gcc-4_7_3/bin/../lib/gcc/arm-none-eabi/4.7.3/armv6-m\libgcc.a(_divsi3.o)
 .bss           0x1ffff1cc        0x0 c:/freescale/cw mcu v10.4/cross_tools/arm-none-eabi-gcc-4_7_3/bin/../lib/gcc/arm-none-eabi/4.7.3/armv6-m\libgcc.a(_dvmd_tls.o)
 .bss           0x1ffff1cc        0x0 c:/freescale/cw mcu v10.4/cross_tools/arm-none-eabi-gcc-4_7_3/bin/../lib/gcc/arm-none-eabi/4.7.3/armv6-m\libgcc.a(_arm_cmpdf2.o)
 .bss           0x1ffff1cc        0x0 c:/freescale/cw mcu v10.4/cross_tools/arm-none-eabi-gcc-4_7_3/bin/../lib/gcc/arm-none-eabi/4.7.3/armv6-m\libgcc.a(_arm_cmpsf2.o)
 .bss           0x1ffff1cc        0x0 c:/freescale/cw mcu v10.4/cross_tools/arm-none-eabi-gcc-4_7_3/bin/../lib/gcc/arm-none-eabi/4.7.3/armv6-m\libgcc.a(_fixunssfsi.o)
 .bss           0x1ffff1cc        0x0 c:/freescale/cw mcu v10.4/cross_tools/arm-none-eabi-gcc-4_7_3/bin/../lib/gcc/arm-none-eabi/4.7.3/armv6-m\libgcc.a(addsf3.o)
 .bss           0x1ffff1cc        0x0 c:/freescale/cw mcu v10.4/cross_tools/arm-none-eabi-gcc-4_7_3/bin/../lib/gcc/arm-none-eabi/4.7.3/armv6-m\libgcc.a(divsf3.o)
 .bss           0x1ffff1cc        0x0 c:/freescale/cw mcu v10.4/cross_tools/arm-none-eabi-gcc-4_7_3/bin/../lib/gcc/arm-none-eabi/4.7.3/armv6-m\libgcc.a(eqsf2.o)
 .bss           0x1ffff1cc        0x0 c:/freescale/cw mcu v10.4/cross_tools/arm-none-eabi-gcc-4_7_3/bin/../lib/gcc/arm-none-eabi/4.7.3/armv6-m\libgcc.a(gesf2.o)
 .bss           0x1ffff1cc        0x0 c:/freescale/cw mcu v10.4/cross_tools/arm-none-eabi-gcc-4_7_3/bin/../lib/gcc/arm-none-eabi/4.7.3/armv6-m\libgcc.a(lesf2.o)
 .bss           0x1ffff1cc        0x0 c:/freescale/cw mcu v10.4/cross_tools/arm-none-eabi-gcc-4_7_3/bin/../lib/gcc/arm-none-eabi/4.7.3/armv6-m\libgcc.a(mulsf3.o)
 .bss           0x1ffff1cc        0x0 c:/freescale/cw mcu v10.4/cross_tools/arm-none-eabi-gcc-4_7_3/bin/../lib/gcc/arm-none-eabi/4.7.3/armv6-m\libgcc.a(subsf3.o)
 .bss           0x1ffff1cc        0x0 c:/freescale/cw mcu v10.4/cross_tools/arm-none-eabi-gcc-4_7_3/bin/../lib/gcc/arm-none-eabi/4.7.3/armv6-m\libgcc.a(fixsfsi.o)
 .bss           0x1ffff1cc        0x0 c:/freescale/cw mcu v10.4/cross_tools/arm-none-eabi-gcc-4_7_3/bin/../lib/gcc/arm-none-eabi/4.7.3/armv6-m\libgcc.a(floatsisf.o)
 .bss           0x1ffff1cc        0x0 c:/freescale/cw mcu v10.4/cross_tools/arm-none-eabi-gcc-4_7_3/bin/../lib/gcc/arm-none-eabi/4.7.3/armv6-m\libgcc.a(adddf3.o)
 .bss           0x1ffff1cc        0x0 c:/freescale/cw mcu v10.4/cross_tools/arm-none-eabi-gcc-4_7_3/bin/../lib/gcc/arm-none-eabi/4.7.3/armv6-m\libgcc.a(divdf3.o)
 .bss           0x1ffff1cc        0x0 c:/freescale/cw mcu v10.4/cross_tools/arm-none-eabi-gcc-4_7_3/bin/../lib/gcc/arm-none-eabi/4.7.3/armv6-m\libgcc.a(eqdf2.o)
 .bss           0x1ffff1cc        0x0 c:/freescale/cw mcu v10.4/cross_tools/arm-none-eabi-gcc-4_7_3/bin/../lib/gcc/arm-none-eabi/4.7.3/armv6-m\libgcc.a(gedf2.o)
 .bss           0x1ffff1cc        0x0 c:/freescale/cw mcu v10.4/cross_tools/arm-none-eabi-gcc-4_7_3/bin/../lib/gcc/arm-none-eabi/4.7.3/armv6-m\libgcc.a(ledf2.o)
 .bss           0x1ffff1cc        0x0 c:/freescale/cw mcu v10.4/cross_tools/arm-none-eabi-gcc-4_7_3/bin/../lib/gcc/arm-none-eabi/4.7.3/armv6-m\libgcc.a(muldf3.o)
 .bss           0x1ffff1cc        0x0 c:/freescale/cw mcu v10.4/cross_tools/arm-none-eabi-gcc-4_7_3/bin/../lib/gcc/arm-none-eabi/4.7.3/armv6-m\libgcc.a(subdf3.o)
 .bss           0x1ffff1cc        0x0 c:/freescale/cw mcu v10.4/cross_tools/arm-none-eabi-gcc-4_7_3/bin/../lib/gcc/arm-none-eabi/4.7.3/armv6-m\libgcc.a(fixdfsi.o)
 .bss           0x1ffff1cc        0x0 c:/freescale/cw mcu v10.4/cross_tools/arm-none-eabi-gcc-4_7_3/bin/../lib/gcc/arm-none-eabi/4.7.3/armv6-m\libgcc.a(floatsidf.o)
 .bss           0x1ffff1cc        0x0 c:/freescale/cw mcu v10.4/cross_tools/arm-none-eabi-gcc-4_7_3/bin/../lib/gcc/arm-none-eabi/4.7.3/armv6-m\libgcc.a(extendsfdf2.o)
 .bss           0x1ffff1cc        0x0 c:/freescale/cw mcu v10.4/cross_tools/arm-none-eabi-gcc-4_7_3/bin/../lib/gcc/arm-none-eabi/4.7.3/armv6-m\libgcc.a(truncdfsf2.o)
 .bss           0x1ffff1cc        0x0 c:/freescale/cw mcu v10.4/cross_tools/arm-none-eabi-gcc-4_7_3/bin/../lib/gcc/arm-none-eabi/4.7.3/armv6-m\libgcc.a(_clzsi2.o)
 .bss           0x1ffff1cc        0x0 C:/Freescale/CW MCU v10.4/MCU/ARM_GCC_Support/ewl/lib/armv6-m\librt.a(gcc_ctor_dtor.o)
 .bss           0x1ffff1cc        0x0 C:/Freescale/CW MCU v10.4/MCU/ARM_GCC_Support/ewl/lib/armv6-m\librt.a(ROMCopy.o)
 .bss           0x1ffff1cc        0x0 C:/Freescale/CW MCU v10.4/MCU/ARM_GCC_Support/ewl/lib/armv6-m\librt.a(__arm_eabi_init.o)
 .bss           0x1ffff1cc        0x0 C:/Freescale/CW MCU v10.4/MCU/ARM_GCC_Support/ewl/lib/armv6-m\libc.a(math_ARM.o)
 .bss           0x1ffff1cc        0x0 c:/freescale/cw mcu v10.4/cross_tools/arm-none-eabi-gcc-4_7_3/bin/../lib/gcc/arm-none-eabi/4.7.3/armv6-m\libgcc.a(_lshrdi3.o)
 .bss           0x1ffff1cc        0x0 c:/freescale/cw mcu v10.4/cross_tools/arm-none-eabi-gcc-4_7_3/bin/../lib/gcc/arm-none-eabi/4.7.3/armv6-m\libgcc.a(_ashldi3.o)
 *(.bss*)
 .bss.__stdio_exit
                0x1ffff1cc        0x4 C:/Freescale/CW MCU v10.4/MCU/ARM_GCC_Support/ewl/lib/armv6-m\libc.a(exit.o)
                0x1ffff1cc                __stdio_exit
 .bss.__console_exit
                0x1ffff1d0        0x4 C:/Freescale/CW MCU v10.4/MCU/ARM_GCC_Support/ewl/lib/armv6-m\libc.a(exit.o)
                0x1ffff1d0                __console_exit
 .bss.__dso_handle
                0x1ffff1d4        0x4 C:/Freescale/CW MCU v10.4/MCU/ARM_GCC_Support/ewl/lib/armv6-m\librt.a(gcc_ctor_dtor.o)
                0x1ffff1d4                __dso_handle
 .bss.__S_romp  0x1ffff1d8        0xc C:/Freescale/CW MCU v10.4/MCU/ARM_GCC_Support/ewl/lib/armv6-m\librt.a(ROMCopy.o)
 .bss.atexit_curr_func
                0x1ffff1e4        0x4 C:/Freescale/CW MCU v10.4/MCU/ARM_GCC_Support/ewl/lib/armv6-m\librt.a(__arm_eabi_init.o)
 .bss.atexit_funcs
                0x1ffff1e8      0x300 C:/Freescale/CW MCU v10.4/MCU/ARM_GCC_Support/ewl/lib/armv6-m\librt.a(__arm_eabi_init.o)
 .bss.__global_destructor_chain
                0x1ffff4e8        0x4 C:/Freescale/CW MCU v10.4/MCU/ARM_GCC_Support/ewl/lib/armv6-m\librt.a(__arm_eabi_init.o)
                0x1ffff4e8                __global_destructor_chain
 *(COMMON)
 COMMON         0x1ffff4ec        0x1 ./Generated_Code/Cpu.o
                0x1ffff4ec                SR_reg
 COMMON         0x1ffff4ed       0xc0 C:/Freescale/CW MCU v10.4/MCU/ARM_GCC_Support/ewl/lib/armv6-m\libc.a(ansi_files.o)
                0x1ffff4ed                stdout_buff
                0x1ffff52d                stdin_buff
                0x1ffff56d                stderr_buff
 *fill*         0x1ffff5ad        0x3 00
 COMMON         0x1ffff5b0        0x4 C:/Freescale/CW MCU v10.4/MCU/ARM_GCC_Support/ewl/lib/armv6-m\libc.a(errno.o)
                0x1ffff5b0                errno
                0x1ffff5b4                . = ALIGN (0x4)
                0x1ffff5b4                __END_BSS = .
                0x1ffff5b4                __bss_end__ = __END_BSS

._user_heap_stack
                0x1ffff5b4      0x400 load address 0x00009344
                0x1ffff5b4                . = ALIGN (0x4)
                0x1ffff5b4                PROVIDE (end, .)
                0x1ffff5b4                PROVIDE (_end, .)
                0x1ffff5b4                __heap_addr = .
                0x1ffff5b4                . = (. + __heap_size)
                0x1ffff9b4                . = (. + __stack_size)
 *fill*         0x1ffff5b4      0x400 00
                0x1ffff9b4                . = ALIGN (0x4)
                0x00008ed0                _romp_at = (___ROM_AT + SIZEOF (.data))

.romp           0x1ffff9b4       0x18 load address 0x00008ed0
                0x00008ed0                __S_romp = _romp_at
                0x1ffff9b4        0x4 LONG 0x8d90 ___ROM_AT
                0x1ffff9b8        0x4 LONG 0x1ffff000 _sdata
                0x1ffff9bc        0x4 LONG 0x140 ___data_size
                0x1ffff9c0        0x4 LONG 0x0
                0x1ffff9c4        0x4 LONG 0x0
                0x1ffff9c8        0x4 LONG 0x0

.ARM.attributes
                0x00000000       0x31
 *(.ARM.attributes)
 .ARM.attributes
                0x00000000       0x31 ./Generated_Code/Vectors.o
 .ARM.attributes
                0x00000031       0x31 ./Generated_Code/TimerIntLdd1.o
 .ARM.attributes
                0x00000062       0x31 ./Generated_Code/TU2.o
 .ARM.attributes
                0x00000093       0x31 ./Generated_Code/TPM0.o
 .ARM.attributes
                0x000000c4       0x31 ./Generated_Code/TI1.o
 .ARM.attributes
                0x000000f5       0x31 ./Generated_Code/PE_LDD.o
 .ARM.attributes
                0x00000126       0x31 ./Generated_Code/IO1.o
 .ARM.attributes
                0x00000157       0x31 ./Generated_Code/I2C2.o
 .ARM.attributes
                0x00000188       0x31 ./Generated_Code/GPIO1.o
 .ARM.attributes
                0x000001b9       0x31 ./Generated_Code/CsIO1.o
 .ARM.attributes
                0x000001ea       0x31 ./Generated_Code/Cpu.o
 .ARM.attributes
                0x0000021b       0x31 ./Project_Settings/Startup_Code/__arm_start.o
 .ARM.attributes
                0x0000024c       0x31 ./Project_Settings/Startup_Code/__arm_end.o
 .ARM.attributes
                0x0000027d       0x31 ./Sources/sa_mtb.o
 .ARM.attributes
                0x000002ae       0x31 ./Sources/ProcessorExpert.o
 .ARM.attributes
                0x000002df       0x31 ./Sources/PID.o
 .ARM.attributes
                0x00000310       0x31 ./Sources/MPU6050.o
 .ARM.attributes
                0x00000341       0x31 ./Sources/Events.o
 .ARM.attributes
                0x00000372       0x31 C:/Freescale/CW MCU v10.4/MCU/ARM_GCC_Support/ewl/lib/armv6-m\libc.a(printf.o)
 .ARM.attributes
                0x000003a3       0x31 C:/Freescale/CW MCU v10.4/MCU/ARM_GCC_Support/ewl/lib/armv6-m\libc.a(puts.o)
 .ARM.attributes
                0x000003d4       0x31 C:/Freescale/CW MCU v10.4/MCU/ARM_GCC_Support/ewl/lib/armv6-m\libc.a(exit.o)
 .ARM.attributes
                0x00000405       0x31 C:/Freescale/CW MCU v10.4/MCU/ARM_GCC_Support/ewl/lib/armv6-m\libc.a(memset.o)
 .ARM.attributes
                0x00000436       0x31 C:/Freescale/CW MCU v10.4/MCU/ARM_GCC_Support/ewl/lib/armv6-m\libc.a(printformat_fp.o)
 .ARM.attributes
                0x00000467       0x31 C:/Freescale/CW MCU v10.4/MCU/ARM_GCC_Support/ewl/lib/armv6-m\libc.a(scanformat_fp.o)
 .ARM.attributes
                0x00000498       0x31 C:/Freescale/CW MCU v10.4/MCU/ARM_GCC_Support/ewl/lib/armv6-m\libc.a(ctype_aeabi.o)
 .ARM.attributes
                0x000004c9       0x31 C:/Freescale/CW MCU v10.4/MCU/ARM_GCC_Support/ewl/lib/armv6-m\libc.a(__putchar.o)
 .ARM.attributes
                0x000004fa       0x31 C:/Freescale/CW MCU v10.4/MCU/ARM_GCC_Support/ewl/lib/armv6-m\libc.a(__strtold.o)
 .ARM.attributes
                0x0000052b       0x31 C:/Freescale/CW MCU v10.4/MCU/ARM_GCC_Support/ewl/lib/armv6-m\libc.a(ansi_files.o)
 .ARM.attributes
                0x0000055c       0x31 C:/Freescale/CW MCU v10.4/MCU/ARM_GCC_Support/ewl/lib/armv6-m\libc.a(fflush.o)
 .ARM.attributes
                0x0000058d       0x31 C:/Freescale/CW MCU v10.4/MCU/ARM_GCC_Support/ewl/lib/armv6-m\libc.a(fwrite.o)
 .ARM.attributes
                0x000005be       0x31 C:/Freescale/CW MCU v10.4/MCU/ARM_GCC_Support/ewl/lib/armv6-m\libc.a(vsscanf.o)
 .ARM.attributes
                0x000005ef       0x31 C:/Freescale/CW MCU v10.4/MCU/ARM_GCC_Support/ewl/lib/armv6-m\libc.a(__strtoul.o)
 .ARM.attributes
                0x00000620       0x31 C:/Freescale/CW MCU v10.4/MCU/ARM_GCC_Support/ewl/lib/armv6-m\libc.a(__filll_mem.o)
 .ARM.attributes
                0x00000651       0x31 C:/Freescale/CW MCU v10.4/MCU/ARM_GCC_Support/ewl/lib/armv6-m\libc.a(__memrchr.o)
 .ARM.attributes
                0x00000682       0x31 C:/Freescale/CW MCU v10.4/MCU/ARM_GCC_Support/ewl/lib/armv6-m\libc.a(memchr.o)
 .ARM.attributes
                0x000006b3       0x31 C:/Freescale/CW MCU v10.4/MCU/ARM_GCC_Support/ewl/lib/armv6-m\libc.a(memcpy.o)
 .ARM.attributes
                0x000006e4       0x31 C:/Freescale/CW MCU v10.4/MCU/ARM_GCC_Support/ewl/lib/armv6-m\libc.a(strchr.o)
 .ARM.attributes
                0x00000715       0x31 C:/Freescale/CW MCU v10.4/MCU/ARM_GCC_Support/ewl/lib/armv6-m\libc.a(strcpy.o)
 .ARM.attributes
                0x00000746       0x31 C:/Freescale/CW MCU v10.4/MCU/ARM_GCC_Support/ewl/lib/armv6-m\libc.a(strlen.o)
 .ARM.attributes
                0x00000777       0x31 C:/Freescale/CW MCU v10.4/MCU/ARM_GCC_Support/ewl/lib/armv6-m\libc.a(errno.o)
 .ARM.attributes
                0x000007a8       0x31 C:/Freescale/CW MCU v10.4/MCU/ARM_GCC_Support/ewl/lib/armv6-m\libc.a(__buffer_io.o)
 .ARM.attributes
                0x000007d9       0x31 C:/Freescale/CW MCU v10.4/MCU/ARM_GCC_Support/ewl/lib/armv6-m\libm.a(ansi_fp.o)
 .ARM.attributes
                0x0000080a       0x31 C:/Freescale/CW MCU v10.4/MCU/ARM_GCC_Support/ewl/lib/armv6-m\libm.a(float.o)
 .ARM.attributes
                0x0000083b       0x31 C:/Freescale/CW MCU v10.4/MCU/ARM_GCC_Support/ewl/lib/armv6-m\libm.a(math_api.o)
 .ARM.attributes
                0x0000086c       0x31 C:/Freescale/CW MCU v10.4/MCU/ARM_GCC_Support/ewl/lib/armv6-m\libm.a(s_atan.o)
 .ARM.attributes
                0x0000089d       0x31 C:/Freescale/CW MCU v10.4/MCU/ARM_GCC_Support/ewl/lib/armv6-m\libm.a(s_frexp.o)
 .ARM.attributes
                0x000008ce       0x31 C:/Freescale/CW MCU v10.4/MCU/ARM_GCC_Support/ewl/lib/armv6-m\libm.a(w_pow.o)
 .ARM.attributes
                0x000008ff       0x31 C:/Freescale/CW MCU v10.4/MCU/ARM_GCC_Support/ewl/lib/armv6-m\libm.a(w_sqrt.o)
 .ARM.attributes
                0x00000930       0x31 C:/Freescale/CW MCU v10.4/MCU/ARM_GCC_Support/ewl/lib/armv6-m\libm.a(e_pow.o)
 .ARM.attributes
                0x00000961       0x31 C:/Freescale/CW MCU v10.4/MCU/ARM_GCC_Support/ewl/lib/armv6-m\libm.a(e_sqrt.o)
 .ARM.attributes
                0x00000992       0x31 C:/Freescale/CW MCU v10.4/MCU/ARM_GCC_Support/ewl/lib/armv6-m\libm.a(scalbn.o)
 .ARM.attributes
                0x000009c3       0x31 C:/Freescale/CW MCU v10.4/MCU/ARM_GCC_Support/ewl/lib/armv6-m\libm.a(s_ldexp.o)
 .ARM.attributes
                0x000009f4       0x1e c:/freescale/cw mcu v10.4/cross_tools/arm-none-eabi-gcc-4_7_3/bin/../lib/gcc/arm-none-eabi/4.7.3/armv6-m\libgcc.a(_thumb1_case_sqi.o)
 .ARM.attributes
                0x00000a12       0x1e c:/freescale/cw mcu v10.4/cross_tools/arm-none-eabi-gcc-4_7_3/bin/../lib/gcc/arm-none-eabi/4.7.3/armv6-m\libgcc.a(_thumb1_case_uqi.o)
 .ARM.attributes
                0x00000a30       0x1e c:/freescale/cw mcu v10.4/cross_tools/arm-none-eabi-gcc-4_7_3/bin/../lib/gcc/arm-none-eabi/4.7.3/armv6-m\libgcc.a(_udivsi3.o)
 .ARM.attributes
                0x00000a4e       0x1e c:/freescale/cw mcu v10.4/cross_tools/arm-none-eabi-gcc-4_7_3/bin/../lib/gcc/arm-none-eabi/4.7.3/armv6-m\libgcc.a(_divsi3.o)
 .ARM.attributes
                0x00000a6c       0x1e c:/freescale/cw mcu v10.4/cross_tools/arm-none-eabi-gcc-4_7_3/bin/../lib/gcc/arm-none-eabi/4.7.3/armv6-m\libgcc.a(_dvmd_tls.o)
 .ARM.attributes
                0x00000a8a       0x1e c:/freescale/cw mcu v10.4/cross_tools/arm-none-eabi-gcc-4_7_3/bin/../lib/gcc/arm-none-eabi/4.7.3/armv6-m\libgcc.a(_arm_cmpdf2.o)
 .ARM.attributes
                0x00000aa8       0x1e c:/freescale/cw mcu v10.4/cross_tools/arm-none-eabi-gcc-4_7_3/bin/../lib/gcc/arm-none-eabi/4.7.3/armv6-m\libgcc.a(_arm_cmpsf2.o)
 .ARM.attributes
                0x00000ac6       0x2c c:/freescale/cw mcu v10.4/cross_tools/arm-none-eabi-gcc-4_7_3/bin/../lib/gcc/arm-none-eabi/4.7.3/armv6-m\libgcc.a(_fixunssfsi.o)
 .ARM.attributes
                0x00000af2       0x2c c:/freescale/cw mcu v10.4/cross_tools/arm-none-eabi-gcc-4_7_3/bin/../lib/gcc/arm-none-eabi/4.7.3/armv6-m\libgcc.a(addsf3.o)
 .ARM.attributes
                0x00000b1e       0x2c c:/freescale/cw mcu v10.4/cross_tools/arm-none-eabi-gcc-4_7_3/bin/../lib/gcc/arm-none-eabi/4.7.3/armv6-m\libgcc.a(divsf3.o)
 .ARM.attributes
                0x00000b4a       0x2c c:/freescale/cw mcu v10.4/cross_tools/arm-none-eabi-gcc-4_7_3/bin/../lib/gcc/arm-none-eabi/4.7.3/armv6-m\libgcc.a(eqsf2.o)
 .ARM.attributes
                0x00000b76       0x2c c:/freescale/cw mcu v10.4/cross_tools/arm-none-eabi-gcc-4_7_3/bin/../lib/gcc/arm-none-eabi/4.7.3/armv6-m\libgcc.a(gesf2.o)
 .ARM.attributes
                0x00000ba2       0x2c c:/freescale/cw mcu v10.4/cross_tools/arm-none-eabi-gcc-4_7_3/bin/../lib/gcc/arm-none-eabi/4.7.3/armv6-m\libgcc.a(lesf2.o)
 .ARM.attributes
                0x00000bce       0x2c c:/freescale/cw mcu v10.4/cross_tools/arm-none-eabi-gcc-4_7_3/bin/../lib/gcc/arm-none-eabi/4.7.3/armv6-m\libgcc.a(mulsf3.o)
 .ARM.attributes
                0x00000bfa       0x2c c:/freescale/cw mcu v10.4/cross_tools/arm-none-eabi-gcc-4_7_3/bin/../lib/gcc/arm-none-eabi/4.7.3/armv6-m\libgcc.a(subsf3.o)
 .ARM.attributes
                0x00000c26       0x2c c:/freescale/cw mcu v10.4/cross_tools/arm-none-eabi-gcc-4_7_3/bin/../lib/gcc/arm-none-eabi/4.7.3/armv6-m\libgcc.a(fixsfsi.o)
 .ARM.attributes
                0x00000c52       0x2c c:/freescale/cw mcu v10.4/cross_tools/arm-none-eabi-gcc-4_7_3/bin/../lib/gcc/arm-none-eabi/4.7.3/armv6-m\libgcc.a(floatsisf.o)
 .ARM.attributes
                0x00000c7e       0x2c c:/freescale/cw mcu v10.4/cross_tools/arm-none-eabi-gcc-4_7_3/bin/../lib/gcc/arm-none-eabi/4.7.3/armv6-m\libgcc.a(adddf3.o)
 .ARM.attributes
                0x00000caa       0x2c c:/freescale/cw mcu v10.4/cross_tools/arm-none-eabi-gcc-4_7_3/bin/../lib/gcc/arm-none-eabi/4.7.3/armv6-m\libgcc.a(divdf3.o)
 .ARM.attributes
                0x00000cd6       0x2c c:/freescale/cw mcu v10.4/cross_tools/arm-none-eabi-gcc-4_7_3/bin/../lib/gcc/arm-none-eabi/4.7.3/armv6-m\libgcc.a(eqdf2.o)
 .ARM.attributes
                0x00000d02       0x2c c:/freescale/cw mcu v10.4/cross_tools/arm-none-eabi-gcc-4_7_3/bin/../lib/gcc/arm-none-eabi/4.7.3/armv6-m\libgcc.a(gedf2.o)
 .ARM.attributes
                0x00000d2e       0x2c c:/freescale/cw mcu v10.4/cross_tools/arm-none-eabi-gcc-4_7_3/bin/../lib/gcc/arm-none-eabi/4.7.3/armv6-m\libgcc.a(ledf2.o)
 .ARM.attributes
                0x00000d5a       0x2c c:/freescale/cw mcu v10.4/cross_tools/arm-none-eabi-gcc-4_7_3/bin/../lib/gcc/arm-none-eabi/4.7.3/armv6-m\libgcc.a(muldf3.o)
 .ARM.attributes
                0x00000d86       0x2c c:/freescale/cw mcu v10.4/cross_tools/arm-none-eabi-gcc-4_7_3/bin/../lib/gcc/arm-none-eabi/4.7.3/armv6-m\libgcc.a(subdf3.o)
 .ARM.attributes
                0x00000db2       0x2c c:/freescale/cw mcu v10.4/cross_tools/arm-none-eabi-gcc-4_7_3/bin/../lib/gcc/arm-none-eabi/4.7.3/armv6-m\libgcc.a(fixdfsi.o)
 .ARM.attributes
                0x00000dde       0x2c c:/freescale/cw mcu v10.4/cross_tools/arm-none-eabi-gcc-4_7_3/bin/../lib/gcc/arm-none-eabi/4.7.3/armv6-m\libgcc.a(floatsidf.o)
 .ARM.attributes
                0x00000e0a       0x2c c:/freescale/cw mcu v10.4/cross_tools/arm-none-eabi-gcc-4_7_3/bin/../lib/gcc/arm-none-eabi/4.7.3/armv6-m\libgcc.a(extendsfdf2.o)
 .ARM.attributes
                0x00000e36       0x2c c:/freescale/cw mcu v10.4/cross_tools/arm-none-eabi-gcc-4_7_3/bin/../lib/gcc/arm-none-eabi/4.7.3/armv6-m\libgcc.a(truncdfsf2.o)
 .ARM.attributes
                0x00000e62       0x1e c:/freescale/cw mcu v10.4/cross_tools/arm-none-eabi-gcc-4_7_3/bin/../lib/gcc/arm-none-eabi/4.7.3/armv6-m\libgcc.a(_clzsi2.o)
 .ARM.attributes
                0x00000e80       0x31 C:/Freescale/CW MCU v10.4/MCU/ARM_GCC_Support/ewl/lib/armv6-m\librt.a(gcc_ctor_dtor.o)
 .ARM.attributes
                0x00000eb1       0x31 C:/Freescale/CW MCU v10.4/MCU/ARM_GCC_Support/ewl/lib/armv6-m\librt.a(ROMCopy.o)
 .ARM.attributes
                0x00000ee2       0x31 C:/Freescale/CW MCU v10.4/MCU/ARM_GCC_Support/ewl/lib/armv6-m\librt.a(__arm_eabi_init.o)
 .ARM.attributes
                0x00000f13       0x31 C:/Freescale/CW MCU v10.4/MCU/ARM_GCC_Support/ewl/lib/armv6-m\libc.a(math_ARM.o)
 .ARM.attributes
                0x00000f44       0x1e c:/freescale/cw mcu v10.4/cross_tools/arm-none-eabi-gcc-4_7_3/bin/../lib/gcc/arm-none-eabi/4.7.3/armv6-m\libgcc.a(_lshrdi3.o)
 .ARM.attributes
                0x00000f62       0x1e c:/freescale/cw mcu v10.4/cross_tools/arm-none-eabi-gcc-4_7_3/bin/../lib/gcc/arm-none-eabi/4.7.3/armv6-m\libgcc.a(_ashldi3.o)
OUTPUT(CUBalance.elf elf32-littlearm)

.debug_info     0x00000000     0x9d1f
 .debug_info    0x00000000      0x10b ./Generated_Code/Vectors.o
 .debug_info    0x0000010b      0x180 ./Generated_Code/TimerIntLdd1.o
 .debug_info    0x0000028b      0x4f4 ./Generated_Code/TU2.o
 .debug_info    0x0000077f      0x3c2 ./Generated_Code/TPM0.o
 .debug_info    0x00000b41       0xb6 ./Generated_Code/TI1.o
 .debug_info    0x00000bf7      0x25d ./Generated_Code/PE_LDD.o
 .debug_info    0x00000e54      0x5dd ./Generated_Code/IO1.o
 .debug_info    0x00001431      0x7c6 ./Generated_Code/I2C2.o
 .debug_info    0x00001bf7      0x43f ./Generated_Code/GPIO1.o
 .debug_info    0x00002036      0x26e ./Generated_Code/CsIO1.o
 .debug_info    0x000022a4      0x8f0 ./Generated_Code/Cpu.o
 .debug_info    0x00002b94      0x132 ./Project_Settings/Startup_Code/__arm_start.o
 .debug_info    0x00002cc6       0x5c ./Project_Settings/Startup_Code/__arm_end.o
 .debug_info    0x00002d22       0x21 ./Sources/sa_mtb.o
 .debug_info    0x00002d43      0x119 ./Sources/ProcessorExpert.o
 .debug_info    0x00002e5c      0x318 ./Sources/PID.o
 .debug_info    0x00003174      0x320 ./Sources/MPU6050.o
 .debug_info    0x00003494      0x189 ./Sources/Events.o
 .debug_info    0x0000361d      0x399 C:/Freescale/CW MCU v10.4/MCU/ARM_GCC_Support/ewl/lib/armv6-m\libc.a(printf.o)
 .debug_info    0x000039b6      0x38a C:/Freescale/CW MCU v10.4/MCU/ARM_GCC_Support/ewl/lib/armv6-m\libc.a(puts.o)
 .debug_info    0x00003d40       0xe8 C:/Freescale/CW MCU v10.4/MCU/ARM_GCC_Support/ewl/lib/armv6-m\libc.a(exit.o)
 .debug_info    0x00003e28       0xec C:/Freescale/CW MCU v10.4/MCU/ARM_GCC_Support/ewl/lib/armv6-m\libc.a(memset.o)
 .debug_info    0x00003f14      0x764 C:/Freescale/CW MCU v10.4/MCU/ARM_GCC_Support/ewl/lib/armv6-m\libc.a(printformat_fp.o)
 .debug_info    0x00004678      0x5c9 C:/Freescale/CW MCU v10.4/MCU/ARM_GCC_Support/ewl/lib/armv6-m\libc.a(scanformat_fp.o)
 .debug_info    0x00004c41      0x313 C:/Freescale/CW MCU v10.4/MCU/ARM_GCC_Support/ewl/lib/armv6-m\libc.a(ctype_aeabi.o)
 .debug_info    0x00004f54      0x3fa C:/Freescale/CW MCU v10.4/MCU/ARM_GCC_Support/ewl/lib/armv6-m\libc.a(__putchar.o)
 .debug_info    0x0000534e      0x771 C:/Freescale/CW MCU v10.4/MCU/ARM_GCC_Support/ewl/lib/armv6-m\libc.a(__strtold.o)
 .debug_info    0x00005abf      0x4be C:/Freescale/CW MCU v10.4/MCU/ARM_GCC_Support/ewl/lib/armv6-m\libc.a(ansi_files.o)
 .debug_info    0x00005f7d      0x3e9 C:/Freescale/CW MCU v10.4/MCU/ARM_GCC_Support/ewl/lib/armv6-m\libc.a(fflush.o)
 .debug_info    0x00006366      0x60d C:/Freescale/CW MCU v10.4/MCU/ARM_GCC_Support/ewl/lib/armv6-m\libc.a(fwrite.o)
 .debug_info    0x00006973      0x253 C:/Freescale/CW MCU v10.4/MCU/ARM_GCC_Support/ewl/lib/armv6-m\libc.a(vsscanf.o)
 .debug_info    0x00006bc6      0x1d6 C:/Freescale/CW MCU v10.4/MCU/ARM_GCC_Support/ewl/lib/armv6-m\libc.a(__strtoul.o)
 .debug_info    0x00006d9c      0x137 C:/Freescale/CW MCU v10.4/MCU/ARM_GCC_Support/ewl/lib/armv6-m\libc.a(__filll_mem.o)
 .debug_info    0x00006ed3      0x116 C:/Freescale/CW MCU v10.4/MCU/ARM_GCC_Support/ewl/lib/armv6-m\libc.a(__memrchr.o)
 .debug_info    0x00006fe9      0x121 C:/Freescale/CW MCU v10.4/MCU/ARM_GCC_Support/ewl/lib/armv6-m\libc.a(memchr.o)
 .debug_info    0x0000710a      0x10f C:/Freescale/CW MCU v10.4/MCU/ARM_GCC_Support/ewl/lib/armv6-m\libc.a(memcpy.o)
 .debug_info    0x00007219      0x10b C:/Freescale/CW MCU v10.4/MCU/ARM_GCC_Support/ewl/lib/armv6-m\libc.a(strchr.o)
 .debug_info    0x00007324      0x109 C:/Freescale/CW MCU v10.4/MCU/ARM_GCC_Support/ewl/lib/armv6-m\libc.a(strcpy.o)
 .debug_info    0x0000742d       0xea C:/Freescale/CW MCU v10.4/MCU/ARM_GCC_Support/ewl/lib/armv6-m\libc.a(strlen.o)
 .debug_info    0x00007517       0x9d C:/Freescale/CW MCU v10.4/MCU/ARM_GCC_Support/ewl/lib/armv6-m\libc.a(errno.o)
 .debug_info    0x000075b4      0x45d C:/Freescale/CW MCU v10.4/MCU/ARM_GCC_Support/ewl/lib/armv6-m\libc.a(__buffer_io.o)
 .debug_info    0x00007a11      0x527 C:/Freescale/CW MCU v10.4/MCU/ARM_GCC_Support/ewl/lib/armv6-m\libm.a(ansi_fp.o)
 .debug_info    0x00007f38      0x1e4 C:/Freescale/CW MCU v10.4/MCU/ARM_GCC_Support/ewl/lib/armv6-m\libm.a(float.o)
 .debug_info    0x0000811c      0x305 C:/Freescale/CW MCU v10.4/MCU/ARM_GCC_Support/ewl/lib/armv6-m\libm.a(math_api.o)
 .debug_info    0x00008421      0x23a C:/Freescale/CW MCU v10.4/MCU/ARM_GCC_Support/ewl/lib/armv6-m\libm.a(s_atan.o)
 .debug_info    0x0000865b      0x1a1 C:/Freescale/CW MCU v10.4/MCU/ARM_GCC_Support/ewl/lib/armv6-m\libm.a(s_frexp.o)
 .debug_info    0x000087fc       0xc0 C:/Freescale/CW MCU v10.4/MCU/ARM_GCC_Support/ewl/lib/armv6-m\libm.a(w_pow.o)
 .debug_info    0x000088bc       0xb3 C:/Freescale/CW MCU v10.4/MCU/ARM_GCC_Support/ewl/lib/armv6-m\libm.a(w_sqrt.o)
 .debug_info    0x0000896f      0x5c7 C:/Freescale/CW MCU v10.4/MCU/ARM_GCC_Support/ewl/lib/armv6-m\libm.a(e_pow.o)
 .debug_info    0x00008f36      0x266 C:/Freescale/CW MCU v10.4/MCU/ARM_GCC_Support/ewl/lib/armv6-m\libm.a(e_sqrt.o)
 .debug_info    0x0000919c       0xf9 C:/Freescale/CW MCU v10.4/MCU/ARM_GCC_Support/ewl/lib/armv6-m\libm.a(scalbn.o)
 .debug_info    0x00009295      0x1e2 C:/Freescale/CW MCU v10.4/MCU/ARM_GCC_Support/ewl/lib/armv6-m\libm.a(s_ldexp.o)
 .debug_info    0x00009477      0x136 C:/Freescale/CW MCU v10.4/MCU/ARM_GCC_Support/ewl/lib/armv6-m\librt.a(gcc_ctor_dtor.o)
 .debug_info    0x000095ad      0x19b C:/Freescale/CW MCU v10.4/MCU/ARM_GCC_Support/ewl/lib/armv6-m\librt.a(ROMCopy.o)
 .debug_info    0x00009748      0x2b9 C:/Freescale/CW MCU v10.4/MCU/ARM_GCC_Support/ewl/lib/armv6-m\librt.a(__arm_eabi_init.o)
 .debug_info    0x00009a01      0x31e C:/Freescale/CW MCU v10.4/MCU/ARM_GCC_Support/ewl/lib/armv6-m\libc.a(math_ARM.o)

.debug_abbrev   0x00000000     0x318c
 .debug_abbrev  0x00000000       0xa3 ./Generated_Code/Vectors.o
 .debug_abbrev  0x000000a3       0xd6 ./Generated_Code/TimerIntLdd1.o
 .debug_abbrev  0x00000179      0x138 ./Generated_Code/TU2.o
 .debug_abbrev  0x000002b1       0xcf ./Generated_Code/TPM0.o
 .debug_abbrev  0x00000380       0x64 ./Generated_Code/TI1.o
 .debug_abbrev  0x000003e4      0x106 ./Generated_Code/PE_LDD.o
 .debug_abbrev  0x000004ea      0x14d ./Generated_Code/IO1.o
 .debug_abbrev  0x00000637      0x174 ./Generated_Code/I2C2.o
 .debug_abbrev  0x000007ab      0x146 ./Generated_Code/GPIO1.o
 .debug_abbrev  0x000008f1       0xda ./Generated_Code/CsIO1.o
 .debug_abbrev  0x000009cb      0x126 ./Generated_Code/Cpu.o
 .debug_abbrev  0x00000af1       0x96 ./Project_Settings/Startup_Code/__arm_start.o
 .debug_abbrev  0x00000b87       0x50 ./Project_Settings/Startup_Code/__arm_end.o
 .debug_abbrev  0x00000bd7       0x12 ./Sources/sa_mtb.o
 .debug_abbrev  0x00000be9       0x65 ./Sources/ProcessorExpert.o
 .debug_abbrev  0x00000c4e      0x177 ./Sources/PID.o
 .debug_abbrev  0x00000dc5      0x117 ./Sources/MPU6050.o
 .debug_abbrev  0x00000edc       0xba ./Sources/Events.o
 .debug_abbrev  0x00000f96      0x107 C:/Freescale/CW MCU v10.4/MCU/ARM_GCC_Support/ewl/lib/armv6-m\libc.a(printf.o)
 .debug_abbrev  0x0000109d      0x10a C:/Freescale/CW MCU v10.4/MCU/ARM_GCC_Support/ewl/lib/armv6-m\libc.a(puts.o)
 .debug_abbrev  0x000011a7       0x7a C:/Freescale/CW MCU v10.4/MCU/ARM_GCC_Support/ewl/lib/armv6-m\libc.a(exit.o)
 .debug_abbrev  0x00001221       0x62 C:/Freescale/CW MCU v10.4/MCU/ARM_GCC_Support/ewl/lib/armv6-m\libc.a(memset.o)
 .debug_abbrev  0x00001283      0x254 C:/Freescale/CW MCU v10.4/MCU/ARM_GCC_Support/ewl/lib/armv6-m\libc.a(printformat_fp.o)
 .debug_abbrev  0x000014d7      0x206 C:/Freescale/CW MCU v10.4/MCU/ARM_GCC_Support/ewl/lib/armv6-m\libc.a(scanformat_fp.o)
 .debug_abbrev  0x000016dd       0x9e C:/Freescale/CW MCU v10.4/MCU/ARM_GCC_Support/ewl/lib/armv6-m\libc.a(ctype_aeabi.o)
 .debug_abbrev  0x0000177b       0xf8 C:/Freescale/CW MCU v10.4/MCU/ARM_GCC_Support/ewl/lib/armv6-m\libc.a(__putchar.o)
 .debug_abbrev  0x00001873      0x1b3 C:/Freescale/CW MCU v10.4/MCU/ARM_GCC_Support/ewl/lib/armv6-m\libc.a(__strtold.o)
 .debug_abbrev  0x00001a26      0x107 C:/Freescale/CW MCU v10.4/MCU/ARM_GCC_Support/ewl/lib/armv6-m\libc.a(ansi_files.o)
 .debug_abbrev  0x00001b2d       0xf6 C:/Freescale/CW MCU v10.4/MCU/ARM_GCC_Support/ewl/lib/armv6-m\libc.a(fflush.o)
 .debug_abbrev  0x00001c23      0x16a C:/Freescale/CW MCU v10.4/MCU/ARM_GCC_Support/ewl/lib/armv6-m\libc.a(fwrite.o)
 .debug_abbrev  0x00001d8d      0x15f C:/Freescale/CW MCU v10.4/MCU/ARM_GCC_Support/ewl/lib/armv6-m\libc.a(vsscanf.o)
 .debug_abbrev  0x00001eec       0xc2 C:/Freescale/CW MCU v10.4/MCU/ARM_GCC_Support/ewl/lib/armv6-m\libc.a(__strtoul.o)
 .debug_abbrev  0x00001fae       0x78 C:/Freescale/CW MCU v10.4/MCU/ARM_GCC_Support/ewl/lib/armv6-m\libc.a(__filll_mem.o)
 .debug_abbrev  0x00002026       0x95 C:/Freescale/CW MCU v10.4/MCU/ARM_GCC_Support/ewl/lib/armv6-m\libc.a(__memrchr.o)
 .debug_abbrev  0x000020bb       0x95 C:/Freescale/CW MCU v10.4/MCU/ARM_GCC_Support/ewl/lib/armv6-m\libc.a(memchr.o)
 .debug_abbrev  0x00002150       0x95 C:/Freescale/CW MCU v10.4/MCU/ARM_GCC_Support/ewl/lib/armv6-m\libc.a(memcpy.o)
 .debug_abbrev  0x000021e5       0x7a C:/Freescale/CW MCU v10.4/MCU/ARM_GCC_Support/ewl/lib/armv6-m\libc.a(strchr.o)
 .debug_abbrev  0x0000225f       0x78 C:/Freescale/CW MCU v10.4/MCU/ARM_GCC_Support/ewl/lib/armv6-m\libc.a(strcpy.o)
 .debug_abbrev  0x000022d7       0x7a C:/Freescale/CW MCU v10.4/MCU/ARM_GCC_Support/ewl/lib/armv6-m\libc.a(strlen.o)
 .debug_abbrev  0x00002351       0x44 C:/Freescale/CW MCU v10.4/MCU/ARM_GCC_Support/ewl/lib/armv6-m\libc.a(errno.o)
 .debug_abbrev  0x00002395      0x142 C:/Freescale/CW MCU v10.4/MCU/ARM_GCC_Support/ewl/lib/armv6-m\libc.a(__buffer_io.o)
 .debug_abbrev  0x000024d7      0x15d C:/Freescale/CW MCU v10.4/MCU/ARM_GCC_Support/ewl/lib/armv6-m\libm.a(ansi_fp.o)
 .debug_abbrev  0x00002634       0x56 C:/Freescale/CW MCU v10.4/MCU/ARM_GCC_Support/ewl/lib/armv6-m\libm.a(float.o)
 .debug_abbrev  0x0000268a       0xe8 C:/Freescale/CW MCU v10.4/MCU/ARM_GCC_Support/ewl/lib/armv6-m\libm.a(math_api.o)
 .debug_abbrev  0x00002772       0xed C:/Freescale/CW MCU v10.4/MCU/ARM_GCC_Support/ewl/lib/armv6-m\libm.a(s_atan.o)
 .debug_abbrev  0x0000285f       0xce C:/Freescale/CW MCU v10.4/MCU/ARM_GCC_Support/ewl/lib/armv6-m\libm.a(s_frexp.o)
 .debug_abbrev  0x0000292d       0x59 C:/Freescale/CW MCU v10.4/MCU/ARM_GCC_Support/ewl/lib/armv6-m\libm.a(w_pow.o)
 .debug_abbrev  0x00002986       0x59 C:/Freescale/CW MCU v10.4/MCU/ARM_GCC_Support/ewl/lib/armv6-m\libm.a(w_sqrt.o)
 .debug_abbrev  0x000029df      0x157 C:/Freescale/CW MCU v10.4/MCU/ARM_GCC_Support/ewl/lib/armv6-m\libm.a(e_pow.o)
 .debug_abbrev  0x00002b36      0x10b C:/Freescale/CW MCU v10.4/MCU/ARM_GCC_Support/ewl/lib/armv6-m\libm.a(e_sqrt.o)
 .debug_abbrev  0x00002c41       0x86 C:/Freescale/CW MCU v10.4/MCU/ARM_GCC_Support/ewl/lib/armv6-m\libm.a(scalbn.o)
 .debug_abbrev  0x00002cc7       0xce C:/Freescale/CW MCU v10.4/MCU/ARM_GCC_Support/ewl/lib/armv6-m\libm.a(s_ldexp.o)
 .debug_abbrev  0x00002d95       0x99 C:/Freescale/CW MCU v10.4/MCU/ARM_GCC_Support/ewl/lib/armv6-m\librt.a(gcc_ctor_dtor.o)
 .debug_abbrev  0x00002e2e      0x120 C:/Freescale/CW MCU v10.4/MCU/ARM_GCC_Support/ewl/lib/armv6-m\librt.a(ROMCopy.o)